-- The C compiler identification is GNU 11.4.0
-- The CXX compiler identification is GNU 11.4.0
-- Detecting C compiler ABI info
-- Detecting C compiler ABI info - done
-- Check for working C compiler: /usr/bin/cc - skipped
-- Detecting C compile features
-- Detecting C compile features - done
-- Detecting CXX compiler ABI info
-- Detecting CXX compiler ABI info - done
-- Check for working CXX compiler: /usr/bin/c++ - skipped
-- Detecting CXX compile features
-- Detecting CXX compile features - done
-- Found ament_cmake: 1.3.11 (/opt/ros/humble/share/ament_cmake/cmake)
-- Found Python3: /usr/bin/python3 (found version "3.10.12") found components: Interpreter 
-- Found rclcpp: 16.0.12 (/opt/ros/humble/share/rclcpp/cmake)
-- Found rosidl_generator_c: 3.1.6 (/opt/ros/humble/share/rosidl_generator_c/cmake)
-- Found rosidl_adapter: 3.1.6 (/opt/ros/humble/share/rosidl_adapter/cmake)
-- Found rosidl_generator_cpp: 3.1.6 (/opt/ros/humble/share/rosidl_generator_cpp/cmake)
-- Using all available rosidl_typesupport_c: rosidl_typesupport_fastrtps_c;rosidl_typesupport_introspection_c
-- Using all available rosidl_typesupport_cpp: rosidl_typesupport_fastrtps_cpp;rosidl_typesupport_introspection_cpp
-- Found rmw_implementation_cmake: 6.1.2 (/opt/ros/humble/share/rmw_implementation_cmake/cmake)
-- Found rmw_fastrtps_cpp: 6.2.7 (/opt/ros/humble/share/rmw_fastrtps_cpp/cmake)
-- Found OpenSSL: /usr/lib/x86_64-linux-gnu/libcrypto.so (found version "3.0.2")  
-- Found FastRTPS: /opt/ros/humble/include  
-- Using RMW implementation 'rmw_fastrtps_cpp' as default
-- Looking for pthread.h
-- Looking for pthread.h - found
-- Performing Test CMAKE_HAVE_LIBC_PTHREAD
-- Performing Test CMAKE_HAVE_LIBC_PTHREAD - Success
-- Found Threads: TRUE  
-- Found rclcpp_action: 16.0.12 (/opt/ros/humble/share/rclcpp_action/cmake)
-- Found moveit_ros_planning_interface: 2.5.9 (/opt/ros/humble/share/moveit_ros_planning_interface/cmake)
-- Found Boost: /usr/lib/x86_64-linux-gnu/cmake/Boost-1.74.0/BoostConfig.cmake (found version "1.74.0") found components: date_time filesystem program_options system thread 
-- Found Boost: /usr/lib/x86_64-linux-gnu/cmake/Boost-1.74.0/BoostConfig.cmake (found version "1.74.0") found components: chrono date_time filesystem iostreams program_options regex serialization system thread 
-- Found parameter_traits: 0.4.0 (/opt/ros/humble/share/parameter_traits/cmake)
-- Found Eigen3: TRUE (found version "3.4.0") 
-- Found rclcpp_lifecycle: 16.0.12 (/opt/ros/humble/share/rclcpp_lifecycle/cmake)
-- Found Boost: /usr/lib/x86_64-linux-gnu/cmake/Boost-1.74.0/BoostConfig.cmake (found version "1.74.0") found components: filesystem 
-- library: /usr/lib/x86_64-linux-gnu/libcurl.so
-- Ensuring Eigen3 include directory is part of orocos-kdl CMake target
-- Found Boost: /usr/lib/x86_64-linux-gnu/cmake/Boost-1.74.0/BoostConfig.cmake (found version "1.74.0") found components: system filesystem date_time program_options thread chrono 
-- Found Boost: /usr/lib/x86_64-linux-gnu/cmake/Boost-1.74.0/BoostConfig.cmake (found version "1.74.0") found components: thread system filesystem regex date_time program_options 
-- Found Boost: /usr/lib/x86_64-linux-gnu/cmake/Boost-1.74.0/BoostConfig.cmake (found version "1.74.0") found components: system filesystem date_time program_options thread 
-- Found control_msgs: 4.8.0 (/opt/ros/humble/share/control_msgs/cmake)
-- Found TinyXML2 via Config file: TinyXML2_DIR-NOTFOUND
-- Found ament_lint_auto: 0.12.12 (/opt/ros/humble/share/ament_lint_auto/cmake)
-- Added test 'copyright' to check source files copyright and LICENSE
-- Added test 'cppcheck' to perform static code analysis on C / C++ code
-- Configured cppcheck include dirs: /home/levin/Semi-Automated-Programming-of-Industrial-Robotic-Systems-Using-Large-Language-Models/src/ur10e_hl_interface/include;$<BUILD_INTERFACE:/home/levin/Semi-Automated-Programming-of-Industrial-Robotic-Systems-Using-Large-Language-Models/src/ur10e_hl_interface/include>
-- Configured cppcheck exclude dirs and/or files: 
-- Added test 'cpplint' to check C / C++ code against the Google style
-- Configured cpplint exclude dirs and/or files: 
-- Added test 'lint_cmake' to check CMake code style
-- Added test 'uncrustify' to check C / C++ code style
-- Configured uncrustify additional arguments: 
-- Added test 'xmllint' to check XML markup files
-- Configuring done
-- Generating done
-- Build files have been written to: /home/levin/Semi-Automated-Programming-of-Industrial-Robotic-Systems-Using-Large-Language-Models/build/ur10e_hl_interface
[ 16%] Building CXX object CMakeFiles/ur10e_hl_interface.dir/src/robot_hl_interface.cpp.o
[ 33%] Building CXX object CMakeFiles/add_objects_node.dir/src/add_objects_node.cpp.o
[ 50%] Linking CXX executable add_objects_node
[ 66%] Linking CXX static library libur10e_hl_interface.a
[ 66%] Built target ur10e_hl_interface
[ 83%] Building CXX object CMakeFiles/clipfix_bewegung.dir/src/clipfix_bewegung.cpp.o
[ 83%] Built target add_objects_node
[100%] Linking CXX executable clipfix_bewegung
[100%] Built target clipfix_bewegung
-- Install configuration: ""
-- Installing: /home/levin/Semi-Automated-Programming-of-Industrial-Robotic-Systems-Using-Large-Language-Models/install/ur10e_hl_interface/lib/libur10e_hl_interface.a
-- Installing: /home/levin/Semi-Automated-Programming-of-Industrial-Robotic-Systems-Using-Large-Language-Models/install/ur10e_hl_interface/lib/ur10e_hl_interface/clipfix_bewegung
-- Set runtime path of "/home/levin/Semi-Automated-Programming-of-Industrial-Robotic-Systems-Using-Large-Language-Models/install/ur10e_hl_interface/lib/ur10e_hl_interface/clipfix_bewegung" to ""
-- Installing: /home/levin/Semi-Automated-Programming-of-Industrial-Robotic-Systems-Using-Large-Language-Models/install/ur10e_hl_interface/lib/ur10e_hl_interface/add_objects_node
-- Set runtime path of "/home/levin/Semi-Automated-Programming-of-Industrial-Robotic-Systems-Using-Large-Language-Models/install/ur10e_hl_interface/lib/ur10e_hl_interface/add_objects_node" to ""
-- Installing: /home/levin/Semi-Automated-Programming-of-Industrial-Robotic-Systems-Using-Large-Language-Models/install/ur10e_hl_interface/include
-- Installing: /home/levin/Semi-Automated-Programming-of-Industrial-Robotic-Systems-Using-Large-Language-Models/install/ur10e_hl_interface/include/ur10e_hl_interface
-- Installing: /home/levin/Semi-Automated-Programming-of-Industrial-Robotic-Systems-Using-Large-Language-Models/install/ur10e_hl_interface/include/ur10e_hl_interface/robot_hl_interface.hpp
-- Installing: /home/levin/Semi-Automated-Programming-of-Industrial-Robotic-Systems-Using-Large-Language-Models/install/ur10e_hl_interface/share/ur10e_hl_interface/config
-- Installing: /home/levin/Semi-Automated-Programming-of-Industrial-Robotic-Systems-Using-Large-Language-Models/install/ur10e_hl_interface/share/ur10e_hl_interface/config/AML-Datei-V04.aml
-- Installing: /home/levin/Semi-Automated-Programming-of-Industrial-Robotic-Systems-Using-Large-Language-Models/install/ur10e_hl_interface/share/ur10e_hl_interface/config/SchaltschrankZustand.aml
-- Installing: /home/levin/Semi-Automated-Programming-of-Industrial-Robotic-Systems-Using-Large-Language-Models/install/ur10e_hl_interface/share/ur10e_hl_interface/meshes
-- Installing: /home/levin/Semi-Automated-Programming-of-Industrial-Robotic-Systems-Using-Large-Language-Models/install/ur10e_hl_interface/share/ur10e_hl_interface/meshes/Alt-Ordner
-- Installing: /home/levin/Semi-Automated-Programming-of-Industrial-Robotic-Systems-Using-Large-Language-Models/install/ur10e_hl_interface/share/ur10e_hl_interface/meshes/Alt-Ordner/PERF-2000MM_3D.stl
-- Installing: /home/levin/Semi-Automated-Programming-of-Industrial-Robotic-Systems-Using-Large-Language-Models/install/ur10e_hl_interface/share/ur10e_hl_interface/meshes/Alt-Ordner/Unnamed-Schaltschrank.stl
-- Installing: /home/levin/Semi-Automated-Programming-of-Industrial-Robotic-Systems-Using-Large-Language-Models/install/ur10e_hl_interface/share/ur10e_hl_interface/meshes/Alt-Ordner/NS-35.dae
-- Installing: /home/levin/Semi-Automated-Programming-of-Industrial-Robotic-Systems-Using-Large-Language-Models/install/ur10e_hl_interface/share/ur10e_hl_interface/meshes/Alt-Ordner/Schaltschrank-1.stl
-- Installing: /home/levin/Semi-Automated-Programming-of-Industrial-Robotic-Systems-Using-Large-Language-Models/install/ur10e_hl_interface/share/ur10e_hl_interface/meshes/UT_1,5_VT.stl
-- Installing: /home/levin/Semi-Automated-Programming-of-Industrial-Robotic-Systems-Using-Large-Language-Models/install/ur10e_hl_interface/share/ur10e_hl_interface/meshes/PT-6-TWIN-BU.stl
-- Installing: /home/levin/Semi-Automated-Programming-of-Industrial-Robotic-Systems-Using-Large-Language-Models/install/ur10e_hl_interface/share/ur10e_hl_interface/meshes/Schaltschrank.dae
-- Installing: /home/levin/Semi-Automated-Programming-of-Industrial-Robotic-Systems-Using-Large-Language-Models/install/ur10e_hl_interface/share/ur10e_hl_interface/meshes/PT-6-TWIN.dae
-- Installing: /home/levin/Semi-Automated-Programming-of-Industrial-Robotic-Systems-Using-Large-Language-Models/install/ur10e_hl_interface/share/ur10e_hl_interface/meshes/Neue Klemmen
-- Installing: /home/levin/Semi-Automated-Programming-of-Industrial-Robotic-Systems-Using-Large-Language-Models/install/ur10e_hl_interface/share/ur10e_hl_interface/meshes/Neue Klemmen/PTU 2,5-TWIN BU.stl
-- Installing: /home/levin/Semi-Automated-Programming-of-Industrial-Robotic-Systems-Using-Large-Language-Models/install/ur10e_hl_interface/share/ur10e_hl_interface/meshes/Neue Klemmen/PTU 2,5-TWIN BU.stp
-- Installing: /home/levin/Semi-Automated-Programming-of-Industrial-Robotic-Systems-Using-Large-Language-Models/install/ur10e_hl_interface/share/ur10e_hl_interface/meshes/Neue Klemmen/UT 1,5 OG.stl
-- Installing: /home/levin/Semi-Automated-Programming-of-Industrial-Robotic-Systems-Using-Large-Language-Models/install/ur10e_hl_interface/share/ur10e_hl_interface/meshes/Neue Klemmen/UT 1,5 OG.dae
-- Installing: /home/levin/Semi-Automated-Programming-of-Industrial-Robotic-Systems-Using-Large-Language-Models/install/ur10e_hl_interface/share/ur10e_hl_interface/meshes/Neue Klemmen/UT 1,5 VT.dae
-- Installing: /home/levin/Semi-Automated-Programming-of-Industrial-Robotic-Systems-Using-Large-Language-Models/install/ur10e_hl_interface/share/ur10e_hl_interface/meshes/Neue Klemmen/QTCU 2,5.stl
-- Installing: /home/levin/Semi-Automated-Programming-of-Industrial-Robotic-Systems-Using-Large-Language-Models/install/ur10e_hl_interface/share/ur10e_hl_interface/meshes/Neue Klemmen/UT 1,5 VT.stl
-- Installing: /home/levin/Semi-Automated-Programming-of-Industrial-Robotic-Systems-Using-Large-Language-Models/install/ur10e_hl_interface/share/ur10e_hl_interface/meshes/Neue Klemmen/STU 35 4X10 YE.stp
-- Installing: /home/levin/Semi-Automated-Programming-of-Industrial-Robotic-Systems-Using-Large-Language-Models/install/ur10e_hl_interface/share/ur10e_hl_interface/meshes/Neue Klemmen/QTCU 2,5.dae
-- Installing: /home/levin/Semi-Automated-Programming-of-Industrial-Robotic-Systems-Using-Large-Language-Models/install/ur10e_hl_interface/share/ur10e_hl_interface/meshes/Neue Klemmen/STU 35 4X10 YE.dae
-- Installing: /home/levin/Semi-Automated-Programming-of-Industrial-Robotic-Systems-Using-Large-Language-Models/install/ur10e_hl_interface/share/ur10e_hl_interface/meshes/Neue Klemmen/STU 35 4X10 YE.stl
-- Installing: /home/levin/Semi-Automated-Programming-of-Industrial-Robotic-Systems-Using-Large-Language-Models/install/ur10e_hl_interface/share/ur10e_hl_interface/meshes/Neue Klemmen/QTCU 2,5.stp
-- Installing: /home/levin/Semi-Automated-Programming-of-Industrial-Robotic-Systems-Using-Large-Language-Models/install/ur10e_hl_interface/share/ur10e_hl_interface/meshes/Neue Klemmen/PTU 2,5-TWIN BU.dae
-- Installing: /home/levin/Semi-Automated-Programming-of-Industrial-Robotic-Systems-Using-Large-Language-Models/install/ur10e_hl_interface/share/ur10e_hl_interface/meshes/Neue Klemmen/UT 1,5 VT.stp
-- Installing: /home/levin/Semi-Automated-Programming-of-Industrial-Robotic-Systems-Using-Large-Language-Models/install/ur10e_hl_interface/share/ur10e_hl_interface/meshes/Neue Klemmen/UT 1,5 OG.stp
-- Installing: /home/levin/Semi-Automated-Programming-of-Industrial-Robotic-Systems-Using-Large-Language-Models/install/ur10e_hl_interface/share/ur10e_hl_interface/meshes/UT-16-PE.dae
-- Installing: /home/levin/Semi-Automated-Programming-of-Industrial-Robotic-Systems-Using-Large-Language-Models/install/ur10e_hl_interface/share/ur10e_hl_interface/meshes/Hutschienen-Halter.stl
-- Installing: /home/levin/Semi-Automated-Programming-of-Industrial-Robotic-Systems-Using-Large-Language-Models/install/ur10e_hl_interface/share/ur10e_hl_interface/meshes/CLIPFIX-35.stl
-- Installing: /home/levin/Semi-Automated-Programming-of-Industrial-Robotic-Systems-Using-Large-Language-Models/install/ur10e_hl_interface/share/ur10e_hl_interface/meshes/UT_1,5_VT.dae
-- Installing: /home/levin/Semi-Automated-Programming-of-Industrial-Robotic-Systems-Using-Large-Language-Models/install/ur10e_hl_interface/share/ur10e_hl_interface/meshes/Schaltschrank_ohne_Tuer.dae
-- Installing: /home/levin/Semi-Automated-Programming-of-Industrial-Robotic-Systems-Using-Large-Language-Models/install/ur10e_hl_interface/share/ur10e_hl_interface/meshes/VAL-MS-230.stl
-- Installing: /home/levin/Semi-Automated-Programming-of-Industrial-Robotic-Systems-Using-Large-Language-Models/install/ur10e_hl_interface/share/ur10e_hl_interface/meshes/CLIPFIX-35-5.stl
-- Installing: /home/levin/Semi-Automated-Programming-of-Industrial-Robotic-Systems-Using-Large-Language-Models/install/ur10e_hl_interface/share/ur10e_hl_interface/meshes/Schaltschrank.stl
-- Installing: /home/levin/Semi-Automated-Programming-of-Industrial-Robotic-Systems-Using-Large-Language-Models/install/ur10e_hl_interface/share/ur10e_hl_interface/meshes/STU_35_4X10_YE.dae
-- Installing: /home/levin/Semi-Automated-Programming-of-Industrial-Robotic-Systems-Using-Large-Language-Models/install/ur10e_hl_interface/share/ur10e_hl_interface/meshes/Hutschienen-Halter Kollisionsmodell.stl
-- Installing: /home/levin/Semi-Automated-Programming-of-Industrial-Robotic-Systems-Using-Large-Language-Models/install/ur10e_hl_interface/share/ur10e_hl_interface/meshes/PT-6-TWIN-BU.dae
-- Installing: /home/levin/Semi-Automated-Programming-of-Industrial-Robotic-Systems-Using-Large-Language-Models/install/ur10e_hl_interface/share/ur10e_hl_interface/meshes/PTU_2,5-TWIN_BU.dae
-- Installing: /home/levin/Semi-Automated-Programming-of-Industrial-Robotic-Systems-Using-Large-Language-Models/install/ur10e_hl_interface/share/ur10e_hl_interface/meshes/Schaltschrank_ohne_Tuer.stl
-- Installing: /home/levin/Semi-Automated-Programming-of-Industrial-Robotic-Systems-Using-Large-Language-Models/install/ur10e_hl_interface/share/ur10e_hl_interface/meshes/VAL-MS-T1-T2.stl
-- Installing: /home/levin/Semi-Automated-Programming-of-Industrial-Robotic-Systems-Using-Large-Language-Models/install/ur10e_hl_interface/share/ur10e_hl_interface/meshes/UT_1,5_OG.dae
-- Installing: /home/levin/Semi-Automated-Programming-of-Industrial-Robotic-Systems-Using-Large-Language-Models/install/ur10e_hl_interface/share/ur10e_hl_interface/meshes/STU_35_4X10_YE.stl
-- Installing: /home/levin/Semi-Automated-Programming-of-Industrial-Robotic-Systems-Using-Large-Language-Models/install/ur10e_hl_interface/share/ur10e_hl_interface/meshes/VAL-MS-230.dae
-- Installing: /home/levin/Semi-Automated-Programming-of-Industrial-Robotic-Systems-Using-Large-Language-Models/install/ur10e_hl_interface/share/ur10e_hl_interface/meshes/PT-6-TWIN.stl
-- Installing: /home/levin/Semi-Automated-Programming-of-Industrial-Robotic-Systems-Using-Large-Language-Models/install/ur10e_hl_interface/share/ur10e_hl_interface/meshes/UT_1,5_OG.stl
-- Installing: /home/levin/Semi-Automated-Programming-of-Industrial-Robotic-Systems-Using-Large-Language-Models/install/ur10e_hl_interface/share/ur10e_hl_interface/meshes/QTCU_2,5.stl
-- Installing: /home/levin/Semi-Automated-Programming-of-Industrial-Robotic-Systems-Using-Large-Language-Models/install/ur10e_hl_interface/share/ur10e_hl_interface/meshes/Hutschiene.stl
-- Installing: /home/levin/Semi-Automated-Programming-of-Industrial-Robotic-Systems-Using-Large-Language-Models/install/ur10e_hl_interface/share/ur10e_hl_interface/meshes/CLIPFIX-35-5.dae
-- Installing: /home/levin/Semi-Automated-Programming-of-Industrial-Robotic-Systems-Using-Large-Language-Models/install/ur10e_hl_interface/share/ur10e_hl_interface/meshes/QTCU_2,5.dae
-- Installing: /home/levin/Semi-Automated-Programming-of-Industrial-Robotic-Systems-Using-Large-Language-Models/install/ur10e_hl_interface/share/ur10e_hl_interface/meshes/VAL-MS-T1-T2.dae
-- Installing: /home/levin/Semi-Automated-Programming-of-Industrial-Robotic-Systems-Using-Large-Language-Models/install/ur10e_hl_interface/share/ur10e_hl_interface/meshes/lps-logo-text.stl
-- Installing: /home/levin/Semi-Automated-Programming-of-Industrial-Robotic-Systems-Using-Large-Language-Models/install/ur10e_hl_interface/share/ur10e_hl_interface/meshes/CLIPFIX-35.dae
-- Installing: /home/levin/Semi-Automated-Programming-of-Industrial-Robotic-Systems-Using-Large-Language-Models/install/ur10e_hl_interface/share/ur10e_hl_interface/meshes/PTU_2,5-TWIN_BU.stl
-- Installing: /home/levin/Semi-Automated-Programming-of-Industrial-Robotic-Systems-Using-Large-Language-Models/install/ur10e_hl_interface/share/ur10e_hl_interface/meshes/UT-16-PE.stl
-- Installing: /home/levin/Semi-Automated-Programming-of-Industrial-Robotic-Systems-Using-Large-Language-Models/install/ur10e_hl_interface/share/ur10e_hl_interface/meshes/Hutschienen-Halter.dae
-- Installing: /home/levin/Semi-Automated-Programming-of-Industrial-Robotic-Systems-Using-Large-Language-Models/install/ur10e_hl_interface/share/ur10e_hl_interface/environment/library_path.sh
-- Installing: /home/levin/Semi-Automated-Programming-of-Industrial-Robotic-Systems-Using-Large-Language-Models/install/ur10e_hl_interface/share/ur10e_hl_interface/environment/library_path.dsv
-- Installing: /home/levin/Semi-Automated-Programming-of-Industrial-Robotic-Systems-Using-Large-Language-Models/install/ur10e_hl_interface/share/ament_index/resource_index/package_run_dependencies/ur10e_hl_interface
-- Installing: /home/levin/Semi-Automated-Programming-of-Industrial-Robotic-Systems-Using-Large-Language-Models/install/ur10e_hl_interface/share/ament_index/resource_index/parent_prefix_path/ur10e_hl_interface
-- Installing: /home/levin/Semi-Automated-Programming-of-Industrial-Robotic-Systems-Using-Large-Language-Models/install/ur10e_hl_interface/share/ur10e_hl_interface/environment/ament_prefix_path.sh
-- Installing: /home/levin/Semi-Automated-Programming-of-Industrial-Robotic-Systems-Using-Large-Language-Models/install/ur10e_hl_interface/share/ur10e_hl_interface/environment/ament_prefix_path.dsv
-- Installing: /home/levin/Semi-Automated-Programming-of-Industrial-Robotic-Systems-Using-Large-Language-Models/install/ur10e_hl_interface/share/ur10e_hl_interface/environment/path.sh
-- Installing: /home/levin/Semi-Automated-Programming-of-Industrial-Robotic-Systems-Using-Large-Language-Models/install/ur10e_hl_interface/share/ur10e_hl_interface/environment/path.dsv
-- Installing: /home/levin/Semi-Automated-Programming-of-Industrial-Robotic-Systems-Using-Large-Language-Models/install/ur10e_hl_interface/share/ur10e_hl_interface/local_setup.bash
-- Installing: /home/levin/Semi-Automated-Programming-of-Industrial-Robotic-Systems-Using-Large-Language-Models/install/ur10e_hl_interface/share/ur10e_hl_interface/local_setup.sh
-- Installing: /home/levin/Semi-Automated-Programming-of-Industrial-Robotic-Systems-Using-Large-Language-Models/install/ur10e_hl_interface/share/ur10e_hl_interface/local_setup.zsh
-- Installing: /home/levin/Semi-Automated-Programming-of-Industrial-Robotic-Systems-Using-Large-Language-Models/install/ur10e_hl_interface/share/ur10e_hl_interface/local_setup.dsv
-- Installing: /home/levin/Semi-Automated-Programming-of-Industrial-Robotic-Systems-Using-Large-Language-Models/install/ur10e_hl_interface/share/ur10e_hl_interface/package.dsv
-- Installing: /home/levin/Semi-Automated-Programming-of-Industrial-Robotic-Systems-Using-Large-Language-Models/install/ur10e_hl_interface/share/ament_index/resource_index/packages/ur10e_hl_interface
-- Installing: /home/levin/Semi-Automated-Programming-of-Industrial-Robotic-Systems-Using-Large-Language-Models/install/ur10e_hl_interface/share/ur10e_hl_interface/cmake/export_ur10e_hl_interfaceExport.cmake
-- Installing: /home/levin/Semi-Automated-Programming-of-Industrial-Robotic-Systems-Using-Large-Language-Models/install/ur10e_hl_interface/share/ur10e_hl_interface/cmake/export_ur10e_hl_interfaceExport-noconfig.cmake
-- Installing: /home/levin/Semi-Automated-Programming-of-Industrial-Robotic-Systems-Using-Large-Language-Models/install/ur10e_hl_interface/share/ur10e_hl_interface/cmake/ament_cmake_export_targets-extras.cmake
-- Installing: /home/levin/Semi-Automated-Programming-of-Industrial-Robotic-Systems-Using-Large-Language-Models/install/ur10e_hl_interface/share/ur10e_hl_interface/cmake/ament_cmake_export_dependencies-extras.cmake
-- Installing: /home/levin/Semi-Automated-Programming-of-Industrial-Robotic-Systems-Using-Large-Language-Models/install/ur10e_hl_interface/share/ur10e_hl_interface/cmake/ur10e_hl_interfaceConfig.cmake
-- Installing: /home/levin/Semi-Automated-Programming-of-Industrial-Robotic-Systems-Using-Large-Language-Models/install/ur10e_hl_interface/share/ur10e_hl_interface/cmake/ur10e_hl_interfaceConfig-version.cmake
-- Installing: /home/levin/Semi-Automated-Programming-of-Industrial-Robotic-Systems-Using-Large-Language-Models/install/ur10e_hl_interface/share/ur10e_hl_interface/package.xml
