[0.251s] DEBUG:colcon:Command line arguments: ['/usr/bin/colcon', 'build', '--packages-select', 'ur10e_hl_interface']
[0.251s] DEBUG:colcon:Parsed command line arguments: Namespace(log_base=None, log_level=None, verb_name='build', build_base='build', install_base='install', merge_install=False, symlink_install=False, test_result_base=None, continue_on_error=False, executor='parallel', parallel_workers=20, event_handlers=None, ignore_user_meta=False, metas=['./colcon.meta'], base_paths=['.'], packages_ignore=None, packages_ignore_regex=None, paths=None, packages_up_to=None, packages_up_to_regex=None, packages_above=None, packages_above_and_dependencies=None, packages_above_depth=None, packages_select_by_dep=None, packages_skip_by_dep=None, packages_skip_up_to=None, packages_select_build_failed=False, packages_skip_build_finished=False, packages_select_test_failures=False, packages_skip_test_passed=False, packages_select=['ur10e_hl_interface'], packages_skip=None, packages_select_regex=None, packages_skip_regex=None, packages_start=None, packages_end=None, allow_overriding=[], cmake_args=None, cmake_target=None, cmake_target_skip_unavailable=False, cmake_clean_cache=False, cmake_clean_first=False, cmake_force_configure=False, ament_cmake_args=None, catkin_cmake_args=None, catkin_skip_building_tests=False, verb_parser=<colcon_defaults.argument_parser.defaults.DefaultArgumentsDecorator object at 0x7525d1176290>, verb_extension=<colcon_core.verb.build.BuildVerb object at 0x7525d1263670>, main=<bound method BuildVerb.main of <colcon_core.verb.build.BuildVerb object at 0x7525d1263670>>)
[0.726s] Level 1:colcon.colcon_core.package_discovery:discover_packages(colcon_meta) check parameters
[0.726s] Level 1:colcon.colcon_core.package_discovery:discover_packages(recursive) check parameters
[0.726s] Level 1:colcon.colcon_core.package_discovery:discover_packages(ignore) check parameters
[0.726s] Level 1:colcon.colcon_core.package_discovery:discover_packages(path) check parameters
[0.727s] Level 1:colcon.colcon_core.package_discovery:discover_packages(colcon_meta) discover
[0.727s] Level 1:colcon.colcon_core.package_discovery:discover_packages(recursive) discover
[0.727s] INFO:colcon.colcon_core.package_discovery:Crawling recursively for packages in '/home/levin/Semi-Automated-Programming-of-Industrial-Robotic-Systems-Using-Large-Language-Models'
[0.727s] Level 1:colcon.colcon_core.package_identification:_identify(.) by extensions ['ignore', 'ignore_ament_install']
[0.727s] Level 1:colcon.colcon_core.package_identification:_identify(.) by extension 'ignore'
[0.727s] Level 1:colcon.colcon_core.package_identification:_identify(.) by extension 'ignore_ament_install'
[0.727s] Level 1:colcon.colcon_core.package_identification:_identify(.) by extensions ['colcon_pkg']
[0.727s] Level 1:colcon.colcon_core.package_identification:_identify(.) by extension 'colcon_pkg'
[0.728s] Level 1:colcon.colcon_core.package_identification:_identify(.) by extensions ['colcon_meta']
[0.728s] Level 1:colcon.colcon_core.package_identification:_identify(.) by extension 'colcon_meta'
[0.728s] Level 1:colcon.colcon_core.package_identification:_identify(.) by extensions ['ros']
[0.728s] Level 1:colcon.colcon_core.package_identification:_identify(.) by extension 'ros'
[0.749s] Level 1:colcon.colcon_core.package_identification:_identify(.) by extensions ['cmake', 'python']
[0.749s] Level 1:colcon.colcon_core.package_identification:_identify(.) by extension 'cmake'
[0.749s] Level 1:colcon.colcon_core.package_identification:_identify(.) by extension 'python'
[0.749s] Level 1:colcon.colcon_core.package_identification:_identify(.) by extensions ['python_setup_py']
[0.749s] Level 1:colcon.colcon_core.package_identification:_identify(.) by extension 'python_setup_py'
[0.749s] Level 1:colcon.colcon_core.package_identification:_identify(GUI) by extensions ['ignore', 'ignore_ament_install']
[0.749s] Level 1:colcon.colcon_core.package_identification:_identify(GUI) by extension 'ignore'
[0.749s] Level 1:colcon.colcon_core.package_identification:_identify(GUI) by extension 'ignore_ament_install'
[0.749s] Level 1:colcon.colcon_core.package_identification:_identify(GUI) by extensions ['colcon_pkg']
[0.750s] Level 1:colcon.colcon_core.package_identification:_identify(GUI) by extension 'colcon_pkg'
[0.750s] Level 1:colcon.colcon_core.package_identification:_identify(GUI) by extensions ['colcon_meta']
[0.750s] Level 1:colcon.colcon_core.package_identification:_identify(GUI) by extension 'colcon_meta'
[0.750s] Level 1:colcon.colcon_core.package_identification:_identify(GUI) by extensions ['ros']
[0.750s] Level 1:colcon.colcon_core.package_identification:_identify(GUI) by extension 'ros'
[0.750s] Level 1:colcon.colcon_core.package_identification:_identify(GUI) by extensions ['cmake', 'python']
[0.750s] Level 1:colcon.colcon_core.package_identification:_identify(GUI) by extension 'cmake'
[0.750s] Level 1:colcon.colcon_core.package_identification:_identify(GUI) by extension 'python'
[0.750s] Level 1:colcon.colcon_core.package_identification:_identify(GUI) by extensions ['python_setup_py']
[0.750s] Level 1:colcon.colcon_core.package_identification:_identify(GUI) by extension 'python_setup_py'
[0.750s] Level 1:colcon.colcon_core.package_identification:_identify(GUI/PROBOT_GUI) by extensions ['ignore', 'ignore_ament_install']
[0.750s] Level 1:colcon.colcon_core.package_identification:_identify(GUI/PROBOT_GUI) by extension 'ignore'
[0.750s] Level 1:colcon.colcon_core.package_identification:_identify(GUI/PROBOT_GUI) by extension 'ignore_ament_install'
[0.751s] Level 1:colcon.colcon_core.package_identification:_identify(GUI/PROBOT_GUI) by extensions ['colcon_pkg']
[0.751s] Level 1:colcon.colcon_core.package_identification:_identify(GUI/PROBOT_GUI) by extension 'colcon_pkg'
[0.751s] Level 1:colcon.colcon_core.package_identification:_identify(GUI/PROBOT_GUI) by extensions ['colcon_meta']
[0.751s] Level 1:colcon.colcon_core.package_identification:_identify(GUI/PROBOT_GUI) by extension 'colcon_meta'
[0.751s] Level 1:colcon.colcon_core.package_identification:_identify(GUI/PROBOT_GUI) by extensions ['ros']
[0.751s] Level 1:colcon.colcon_core.package_identification:_identify(GUI/PROBOT_GUI) by extension 'ros'
[0.751s] Level 1:colcon.colcon_core.package_identification:_identify(GUI/PROBOT_GUI) by extensions ['cmake', 'python']
[0.751s] Level 1:colcon.colcon_core.package_identification:_identify(GUI/PROBOT_GUI) by extension 'cmake'
[0.751s] Level 1:colcon.colcon_core.package_identification:_identify(GUI/PROBOT_GUI) by extension 'python'
[0.751s] Level 1:colcon.colcon_core.package_identification:_identify(GUI/PROBOT_GUI) by extensions ['python_setup_py']
[0.751s] Level 1:colcon.colcon_core.package_identification:_identify(GUI/PROBOT_GUI) by extension 'python_setup_py'
[0.751s] Level 1:colcon.colcon_core.package_identification:_identify(GUI/PROBOT_GUI/Alt) by extensions ['ignore', 'ignore_ament_install']
[0.752s] Level 1:colcon.colcon_core.package_identification:_identify(GUI/PROBOT_GUI/Alt) by extension 'ignore'
[0.752s] Level 1:colcon.colcon_core.package_identification:_identify(GUI/PROBOT_GUI/Alt) by extension 'ignore_ament_install'
[0.752s] Level 1:colcon.colcon_core.package_identification:_identify(GUI/PROBOT_GUI/Alt) by extensions ['colcon_pkg']
[0.752s] Level 1:colcon.colcon_core.package_identification:_identify(GUI/PROBOT_GUI/Alt) by extension 'colcon_pkg'
[0.752s] Level 1:colcon.colcon_core.package_identification:_identify(GUI/PROBOT_GUI/Alt) by extensions ['colcon_meta']
[0.752s] Level 1:colcon.colcon_core.package_identification:_identify(GUI/PROBOT_GUI/Alt) by extension 'colcon_meta'
[0.752s] Level 1:colcon.colcon_core.package_identification:_identify(GUI/PROBOT_GUI/Alt) by extensions ['ros']
[0.752s] Level 1:colcon.colcon_core.package_identification:_identify(GUI/PROBOT_GUI/Alt) by extension 'ros'
[0.752s] Level 1:colcon.colcon_core.package_identification:_identify(GUI/PROBOT_GUI/Alt) by extensions ['cmake', 'python']
[0.752s] Level 1:colcon.colcon_core.package_identification:_identify(GUI/PROBOT_GUI/Alt) by extension 'cmake'
[0.752s] Level 1:colcon.colcon_core.package_identification:_identify(GUI/PROBOT_GUI/Alt) by extension 'python'
[0.752s] Level 1:colcon.colcon_core.package_identification:_identify(GUI/PROBOT_GUI/Alt) by extensions ['python_setup_py']
[0.752s] Level 1:colcon.colcon_core.package_identification:_identify(GUI/PROBOT_GUI/Alt) by extension 'python_setup_py'
[0.752s] Level 1:colcon.colcon_core.package_identification:_identify(GUI/PROBOT_GUI/Resources) by extensions ['ignore', 'ignore_ament_install']
[0.753s] Level 1:colcon.colcon_core.package_identification:_identify(GUI/PROBOT_GUI/Resources) by extension 'ignore'
[0.753s] Level 1:colcon.colcon_core.package_identification:_identify(GUI/PROBOT_GUI/Resources) by extension 'ignore_ament_install'
[0.753s] Level 1:colcon.colcon_core.package_identification:_identify(GUI/PROBOT_GUI/Resources) by extensions ['colcon_pkg']
[0.753s] Level 1:colcon.colcon_core.package_identification:_identify(GUI/PROBOT_GUI/Resources) by extension 'colcon_pkg'
[0.753s] Level 1:colcon.colcon_core.package_identification:_identify(GUI/PROBOT_GUI/Resources) by extensions ['colcon_meta']
[0.753s] Level 1:colcon.colcon_core.package_identification:_identify(GUI/PROBOT_GUI/Resources) by extension 'colcon_meta'
[0.753s] Level 1:colcon.colcon_core.package_identification:_identify(GUI/PROBOT_GUI/Resources) by extensions ['ros']
[0.753s] Level 1:colcon.colcon_core.package_identification:_identify(GUI/PROBOT_GUI/Resources) by extension 'ros'
[0.753s] Level 1:colcon.colcon_core.package_identification:_identify(GUI/PROBOT_GUI/Resources) by extensions ['cmake', 'python']
[0.753s] Level 1:colcon.colcon_core.package_identification:_identify(GUI/PROBOT_GUI/Resources) by extension 'cmake'
[0.753s] Level 1:colcon.colcon_core.package_identification:_identify(GUI/PROBOT_GUI/Resources) by extension 'python'
[0.753s] Level 1:colcon.colcon_core.package_identification:_identify(GUI/PROBOT_GUI/Resources) by extensions ['python_setup_py']
[0.753s] Level 1:colcon.colcon_core.package_identification:_identify(GUI/PROBOT_GUI/Resources) by extension 'python_setup_py'
[0.754s] Level 1:colcon.colcon_core.package_identification:_identify(GUI/PROBOT_GUI/__pycache__) by extensions ['ignore', 'ignore_ament_install']
[0.754s] Level 1:colcon.colcon_core.package_identification:_identify(GUI/PROBOT_GUI/__pycache__) by extension 'ignore'
[0.754s] Level 1:colcon.colcon_core.package_identification:_identify(GUI/PROBOT_GUI/__pycache__) by extension 'ignore_ament_install'
[0.754s] Level 1:colcon.colcon_core.package_identification:_identify(GUI/PROBOT_GUI/__pycache__) by extensions ['colcon_pkg']
[0.754s] Level 1:colcon.colcon_core.package_identification:_identify(GUI/PROBOT_GUI/__pycache__) by extension 'colcon_pkg'
[0.754s] Level 1:colcon.colcon_core.package_identification:_identify(GUI/PROBOT_GUI/__pycache__) by extensions ['colcon_meta']
[0.754s] Level 1:colcon.colcon_core.package_identification:_identify(GUI/PROBOT_GUI/__pycache__) by extension 'colcon_meta'
[0.754s] Level 1:colcon.colcon_core.package_identification:_identify(GUI/PROBOT_GUI/__pycache__) by extensions ['ros']
[0.754s] Level 1:colcon.colcon_core.package_identification:_identify(GUI/PROBOT_GUI/__pycache__) by extension 'ros'
[0.754s] Level 1:colcon.colcon_core.package_identification:_identify(GUI/PROBOT_GUI/__pycache__) by extensions ['cmake', 'python']
[0.754s] Level 1:colcon.colcon_core.package_identification:_identify(GUI/PROBOT_GUI/__pycache__) by extension 'cmake'
[0.754s] Level 1:colcon.colcon_core.package_identification:_identify(GUI/PROBOT_GUI/__pycache__) by extension 'python'
[0.754s] Level 1:colcon.colcon_core.package_identification:_identify(GUI/PROBOT_GUI/__pycache__) by extensions ['python_setup_py']
[0.755s] Level 1:colcon.colcon_core.package_identification:_identify(GUI/PROBOT_GUI/__pycache__) by extension 'python_setup_py'
[0.755s] Level 1:colcon.colcon_core.package_identification:_identify(build) by extensions ['ignore', 'ignore_ament_install']
[0.755s] Level 1:colcon.colcon_core.package_identification:_identify(build) by extension 'ignore'
[0.755s] Level 1:colcon.colcon_core.package_identification:_identify(build) ignored
[0.755s] Level 1:colcon.colcon_core.package_identification:_identify(install) by extensions ['ignore', 'ignore_ament_install']
[0.755s] Level 1:colcon.colcon_core.package_identification:_identify(install) by extension 'ignore'
[0.755s] Level 1:colcon.colcon_core.package_identification:_identify(install) ignored
[0.756s] Level 1:colcon.colcon_core.package_identification:_identify(log) by extensions ['ignore', 'ignore_ament_install']
[0.756s] Level 1:colcon.colcon_core.package_identification:_identify(log) by extension 'ignore'
[0.756s] Level 1:colcon.colcon_core.package_identification:_identify(log) ignored
[0.756s] Level 1:colcon.colcon_core.package_identification:_identify(src) by extensions ['ignore', 'ignore_ament_install']
[0.756s] Level 1:colcon.colcon_core.package_identification:_identify(src) by extension 'ignore'
[0.756s] Level 1:colcon.colcon_core.package_identification:_identify(src) by extension 'ignore_ament_install'
[0.756s] Level 1:colcon.colcon_core.package_identification:_identify(src) by extensions ['colcon_pkg']
[0.756s] Level 1:colcon.colcon_core.package_identification:_identify(src) by extension 'colcon_pkg'
[0.756s] Level 1:colcon.colcon_core.package_identification:_identify(src) by extensions ['colcon_meta']
[0.756s] Level 1:colcon.colcon_core.package_identification:_identify(src) by extension 'colcon_meta'
[0.756s] Level 1:colcon.colcon_core.package_identification:_identify(src) by extensions ['ros']
[0.757s] Level 1:colcon.colcon_core.package_identification:_identify(src) by extension 'ros'
[0.757s] Level 1:colcon.colcon_core.package_identification:_identify(src) by extensions ['cmake', 'python']
[0.757s] Level 1:colcon.colcon_core.package_identification:_identify(src) by extension 'cmake'
[0.757s] Level 1:colcon.colcon_core.package_identification:_identify(src) by extension 'python'
[0.757s] Level 1:colcon.colcon_core.package_identification:_identify(src) by extensions ['python_setup_py']
[0.757s] Level 1:colcon.colcon_core.package_identification:_identify(src) by extension 'python_setup_py'
[0.757s] Level 1:colcon.colcon_core.package_identification:_identify(src/custom_gripper) by extensions ['ignore', 'ignore_ament_install']
[0.757s] Level 1:colcon.colcon_core.package_identification:_identify(src/custom_gripper) by extension 'ignore'
[0.757s] Level 1:colcon.colcon_core.package_identification:_identify(src/custom_gripper) by extension 'ignore_ament_install'
[0.757s] Level 1:colcon.colcon_core.package_identification:_identify(src/custom_gripper) by extensions ['colcon_pkg']
[0.757s] Level 1:colcon.colcon_core.package_identification:_identify(src/custom_gripper) by extension 'colcon_pkg'
[0.757s] Level 1:colcon.colcon_core.package_identification:_identify(src/custom_gripper) by extensions ['colcon_meta']
[0.757s] Level 1:colcon.colcon_core.package_identification:_identify(src/custom_gripper) by extension 'colcon_meta'
[0.758s] Level 1:colcon.colcon_core.package_identification:_identify(src/custom_gripper) by extensions ['ros']
[0.758s] Level 1:colcon.colcon_core.package_identification:_identify(src/custom_gripper) by extension 'ros'
[0.766s] DEBUG:colcon.colcon_core.package_identification:Package 'src/custom_gripper' with type 'ros.ament_cmake' and name 'custom_gripper'
[0.766s] Level 1:colcon.colcon_core.package_identification:_identify(src/pymoveit2) by extensions ['ignore', 'ignore_ament_install']
[0.766s] Level 1:colcon.colcon_core.package_identification:_identify(src/pymoveit2) by extension 'ignore'
[0.766s] Level 1:colcon.colcon_core.package_identification:_identify(src/pymoveit2) by extension 'ignore_ament_install'
[0.767s] Level 1:colcon.colcon_core.package_identification:_identify(src/pymoveit2) by extensions ['colcon_pkg']
[0.767s] Level 1:colcon.colcon_core.package_identification:_identify(src/pymoveit2) by extension 'colcon_pkg'
[0.767s] Level 1:colcon.colcon_core.package_identification:_identify(src/pymoveit2) by extensions ['colcon_meta']
[0.767s] Level 1:colcon.colcon_core.package_identification:_identify(src/pymoveit2) by extension 'colcon_meta'
[0.767s] Level 1:colcon.colcon_core.package_identification:_identify(src/pymoveit2) by extensions ['ros']
[0.767s] Level 1:colcon.colcon_core.package_identification:_identify(src/pymoveit2) by extension 'ros'
[0.767s] Level 1:colcon.colcon_core.package_identification:_identify(src/pymoveit2) by extensions ['cmake', 'python']
[0.767s] Level 1:colcon.colcon_core.package_identification:_identify(src/pymoveit2) by extension 'cmake'
[0.767s] Level 1:colcon.colcon_core.package_identification:_identify(src/pymoveit2) by extension 'python'
[0.767s] Level 1:colcon.colcon_core.package_identification:_identify(src/pymoveit2) by extensions ['python_setup_py']
[0.767s] Level 1:colcon.colcon_core.package_identification:_identify(src/pymoveit2) by extension 'python_setup_py'
[0.767s] Level 1:colcon.colcon_core.package_identification:_identify(src/ur10e_control) by extensions ['ignore', 'ignore_ament_install']
[0.768s] Level 1:colcon.colcon_core.package_identification:_identify(src/ur10e_control) by extension 'ignore'
[0.768s] Level 1:colcon.colcon_core.package_identification:_identify(src/ur10e_control) by extension 'ignore_ament_install'
[0.768s] Level 1:colcon.colcon_core.package_identification:_identify(src/ur10e_control) by extensions ['colcon_pkg']
[0.768s] Level 1:colcon.colcon_core.package_identification:_identify(src/ur10e_control) by extension 'colcon_pkg'
[0.768s] Level 1:colcon.colcon_core.package_identification:_identify(src/ur10e_control) by extensions ['colcon_meta']
[0.768s] Level 1:colcon.colcon_core.package_identification:_identify(src/ur10e_control) by extension 'colcon_meta'
[0.768s] Level 1:colcon.colcon_core.package_identification:_identify(src/ur10e_control) by extensions ['ros']
[0.768s] Level 1:colcon.colcon_core.package_identification:_identify(src/ur10e_control) by extension 'ros'
[0.769s] DEBUG:colcon.colcon_core.package_identification:Package 'src/ur10e_control' with type 'ros.ament_cmake' and name 'ur10e_control'
[0.770s] Level 1:colcon.colcon_core.package_identification:_identify(src/ur10e_hl_interface) by extensions ['ignore', 'ignore_ament_install']
[0.770s] Level 1:colcon.colcon_core.package_identification:_identify(src/ur10e_hl_interface) by extension 'ignore'
[0.770s] Level 1:colcon.colcon_core.package_identification:_identify(src/ur10e_hl_interface) by extension 'ignore_ament_install'
[0.770s] Level 1:colcon.colcon_core.package_identification:_identify(src/ur10e_hl_interface) by extensions ['colcon_pkg']
[0.770s] Level 1:colcon.colcon_core.package_identification:_identify(src/ur10e_hl_interface) by extension 'colcon_pkg'
[0.770s] Level 1:colcon.colcon_core.package_identification:_identify(src/ur10e_hl_interface) by extensions ['colcon_meta']
[0.770s] Level 1:colcon.colcon_core.package_identification:_identify(src/ur10e_hl_interface) by extension 'colcon_meta'
[0.770s] Level 1:colcon.colcon_core.package_identification:_identify(src/ur10e_hl_interface) by extensions ['ros']
[0.770s] Level 1:colcon.colcon_core.package_identification:_identify(src/ur10e_hl_interface) by extension 'ros'
[0.789s] DEBUG:colcon.colcon_core.package_identification:Package 'src/ur10e_hl_interface' with type 'ros.ament_cmake' and name 'ur10e_hl_interface'
[0.790s] Level 1:colcon.colcon_core.package_identification:_identify(src/ur_with_gripper) by extensions ['ignore', 'ignore_ament_install']
[0.790s] Level 1:colcon.colcon_core.package_identification:_identify(src/ur_with_gripper) by extension 'ignore'
[0.790s] Level 1:colcon.colcon_core.package_identification:_identify(src/ur_with_gripper) by extension 'ignore_ament_install'
[0.790s] Level 1:colcon.colcon_core.package_identification:_identify(src/ur_with_gripper) by extensions ['colcon_pkg']
[0.791s] Level 1:colcon.colcon_core.package_identification:_identify(src/ur_with_gripper) by extension 'colcon_pkg'
[0.791s] Level 1:colcon.colcon_core.package_identification:_identify(src/ur_with_gripper) by extensions ['colcon_meta']
[0.791s] Level 1:colcon.colcon_core.package_identification:_identify(src/ur_with_gripper) by extension 'colcon_meta'
[0.791s] Level 1:colcon.colcon_core.package_identification:_identify(src/ur_with_gripper) by extensions ['ros']
[0.791s] Level 1:colcon.colcon_core.package_identification:_identify(src/ur_with_gripper) by extension 'ros'
[0.793s] DEBUG:colcon.colcon_core.package_identification:Package 'src/ur_with_gripper' with type 'ros.ament_cmake' and name 'ur_with_gripper'
[0.793s] Level 1:colcon.colcon_core.package_identification:_identify(src/ur_with_gripper_moveit_config) by extensions ['ignore', 'ignore_ament_install']
[0.793s] Level 1:colcon.colcon_core.package_identification:_identify(src/ur_with_gripper_moveit_config) by extension 'ignore'
[0.794s] Level 1:colcon.colcon_core.package_identification:_identify(src/ur_with_gripper_moveit_config) by extension 'ignore_ament_install'
[0.794s] Level 1:colcon.colcon_core.package_identification:_identify(src/ur_with_gripper_moveit_config) by extensions ['colcon_pkg']
[0.794s] Level 1:colcon.colcon_core.package_identification:_identify(src/ur_with_gripper_moveit_config) by extension 'colcon_pkg'
[0.794s] Level 1:colcon.colcon_core.package_identification:_identify(src/ur_with_gripper_moveit_config) by extensions ['colcon_meta']
[0.794s] Level 1:colcon.colcon_core.package_identification:_identify(src/ur_with_gripper_moveit_config) by extension 'colcon_meta'
[0.794s] Level 1:colcon.colcon_core.package_identification:_identify(src/ur_with_gripper_moveit_config) by extensions ['ros']
[0.794s] Level 1:colcon.colcon_core.package_identification:_identify(src/ur_with_gripper_moveit_config) by extension 'ros'
[0.796s] DEBUG:colcon.colcon_core.package_identification:Package 'src/ur_with_gripper_moveit_config' with type 'ros.ament_cmake' and name 'ur_with_gripper_moveit_config'
[0.796s] Level 1:colcon.colcon_core.package_discovery:discover_packages(recursive) using defaults
[0.796s] Level 1:colcon.colcon_core.package_discovery:discover_packages(ignore) discover
[0.796s] Level 1:colcon.colcon_core.package_discovery:discover_packages(ignore) using defaults
[0.797s] Level 1:colcon.colcon_core.package_discovery:discover_packages(path) discover
[0.797s] Level 1:colcon.colcon_core.package_discovery:discover_packages(path) using defaults
[0.843s] INFO:colcon.colcon_core.package_selection:Skipping not selected package 'custom_gripper' in 'src/custom_gripper'
[0.843s] INFO:colcon.colcon_core.package_selection:Skipping not selected package 'ur10e_control' in 'src/ur10e_control'
[0.843s] INFO:colcon.colcon_core.package_selection:Skipping not selected package 'ur_with_gripper' in 'src/ur_with_gripper'
[0.843s] INFO:colcon.colcon_core.package_selection:Skipping not selected package 'ur_with_gripper_moveit_config' in 'src/ur_with_gripper_moveit_config'
[0.844s] Level 1:colcon.colcon_core.package_discovery:discover_packages(prefix_path) check parameters
[0.844s] Level 1:colcon.colcon_core.package_discovery:discover_packages(prefix_path) discover
[0.847s] DEBUG:colcon.colcon_installed_package_information.package_discovery:Found 5 installed packages in /home/levin/Semi-Automated-Programming-of-Industrial-Robotic-Systems-Using-Large-Language-Models/install
[0.850s] DEBUG:colcon.colcon_installed_package_information.package_discovery:Found 443 installed packages in /opt/ros/humble
[0.856s] Level 1:colcon.colcon_core.package_discovery:discover_packages(prefix_path) using defaults
[0.968s] Level 5:colcon.colcon_core.verb:set package 'ur10e_hl_interface' build argument 'cmake_args' from command line to 'None'
[0.968s] Level 5:colcon.colcon_core.verb:set package 'ur10e_hl_interface' build argument 'cmake_target' from command line to 'None'
[0.969s] Level 5:colcon.colcon_core.verb:set package 'ur10e_hl_interface' build argument 'cmake_target_skip_unavailable' from command line to 'False'
[0.969s] Level 5:colcon.colcon_core.verb:set package 'ur10e_hl_interface' build argument 'cmake_clean_cache' from command line to 'False'
[0.969s] Level 5:colcon.colcon_core.verb:set package 'ur10e_hl_interface' build argument 'cmake_clean_first' from command line to 'False'
[0.969s] Level 5:colcon.colcon_core.verb:set package 'ur10e_hl_interface' build argument 'cmake_force_configure' from command line to 'False'
[0.969s] Level 5:colcon.colcon_core.verb:set package 'ur10e_hl_interface' build argument 'ament_cmake_args' from command line to 'None'
[0.969s] Level 5:colcon.colcon_core.verb:set package 'ur10e_hl_interface' build argument 'catkin_cmake_args' from command line to 'None'
[0.969s] Level 5:colcon.colcon_core.verb:set package 'ur10e_hl_interface' build argument 'catkin_skip_building_tests' from command line to 'False'
[0.969s] DEBUG:colcon.colcon_core.verb:Building package 'ur10e_hl_interface' with the following arguments: {'ament_cmake_args': None, 'build_base': '/home/levin/Semi-Automated-Programming-of-Industrial-Robotic-Systems-Using-Large-Language-Models/build/ur10e_hl_interface', 'catkin_cmake_args': None, 'catkin_skip_building_tests': False, 'cmake_args': None, 'cmake_clean_cache': False, 'cmake_clean_first': False, 'cmake_force_configure': False, 'cmake_target': None, 'cmake_target_skip_unavailable': False, 'install_base': '/home/levin/Semi-Automated-Programming-of-Industrial-Robotic-Systems-Using-Large-Language-Models/install/ur10e_hl_interface', 'merge_install': False, 'path': '/home/levin/Semi-Automated-Programming-of-Industrial-Robotic-Systems-Using-Large-Language-Models/src/ur10e_hl_interface', 'symlink_install': False, 'test_result_base': None}
[0.970s] INFO:colcon.colcon_core.executor:Executing jobs using 'parallel' executor
[0.972s] DEBUG:colcon.colcon_parallel_executor.executor.parallel:run_until_complete
[0.972s] INFO:colcon.colcon_ros.task.ament_cmake.build:Building ROS package in '/home/levin/Semi-Automated-Programming-of-Industrial-Robotic-Systems-Using-Large-Language-Models/src/ur10e_hl_interface' with build type 'ament_cmake'
[0.973s] INFO:colcon.colcon_cmake.task.cmake.build:Building CMake package in '/home/levin/Semi-Automated-Programming-of-Industrial-Robotic-Systems-Using-Large-Language-Models/src/ur10e_hl_interface'
[0.977s] INFO:colcon.colcon_core.plugin_system:Skipping extension 'colcon_core.shell.bat': Not used on non-Windows systems
[0.978s] INFO:colcon.colcon_core.shell:Skip shell extension 'powershell' for command environment: Not usable outside of PowerShell
[0.978s] DEBUG:colcon.colcon_core.shell:Skip shell extension 'dsv' for command environment
[1.000s] DEBUG:colcon.colcon_core.event_handler.log_command:Invoking command in '/home/levin/Semi-Automated-Programming-of-Industrial-Robotic-Systems-Using-Large-Language-Models/build/ur10e_hl_interface': CMAKE_PREFIX_PATH=${CMAKE_PREFIX_PATH}:/opt/ros/humble /usr/bin/cmake --build /home/levin/Semi-Automated-Programming-of-Industrial-Robotic-Systems-Using-Large-Language-Models/build/ur10e_hl_interface -- -j20 -l20
[1.210s] DEBUG:colcon.colcon_core.event_handler.log_command:Invoked command in '/home/levin/Semi-Automated-Programming-of-Industrial-Robotic-Systems-Using-Large-Language-Models/build/ur10e_hl_interface' returned '0': CMAKE_PREFIX_PATH=${CMAKE_PREFIX_PATH}:/opt/ros/humble /usr/bin/cmake --build /home/levin/Semi-Automated-Programming-of-Industrial-Robotic-Systems-Using-Large-Language-Models/build/ur10e_hl_interface -- -j20 -l20
[1.228s] DEBUG:colcon.colcon_core.event_handler.log_command:Invoking command in '/home/levin/Semi-Automated-Programming-of-Industrial-Robotic-Systems-Using-Large-Language-Models/build/ur10e_hl_interface': CMAKE_PREFIX_PATH=${CMAKE_PREFIX_PATH}:/opt/ros/humble /usr/bin/cmake --install /home/levin/Semi-Automated-Programming-of-Industrial-Robotic-Systems-Using-Large-Language-Models/build/ur10e_hl_interface
[1.254s] Level 1:colcon.colcon_core.environment:create_environment_scripts_only(ur10e_hl_interface)
[1.257s] DEBUG:colcon.colcon_core.event_handler.log_command:Invoked command in '/home/levin/Semi-Automated-Programming-of-Industrial-Robotic-Systems-Using-Large-Language-Models/build/ur10e_hl_interface' returned '0': CMAKE_PREFIX_PATH=${CMAKE_PREFIX_PATH}:/opt/ros/humble /usr/bin/cmake --install /home/levin/Semi-Automated-Programming-of-Industrial-Robotic-Systems-Using-Large-Language-Models/build/ur10e_hl_interface
[1.262s] Level 1:colcon.colcon_core.environment:checking '/home/levin/Semi-Automated-Programming-of-Industrial-Robotic-Systems-Using-Large-Language-Models/install/ur10e_hl_interface' for CMake module files
[1.264s] Level 1:colcon.colcon_core.environment:checking '/home/levin/Semi-Automated-Programming-of-Industrial-Robotic-Systems-Using-Large-Language-Models/install/ur10e_hl_interface' for CMake config files
[1.265s] Level 1:colcon.colcon_core.shell:create_environment_hook('ur10e_hl_interface', 'cmake_prefix_path')
[1.265s] INFO:colcon.colcon_core.shell:Creating environment hook '/home/levin/Semi-Automated-Programming-of-Industrial-Robotic-Systems-Using-Large-Language-Models/install/ur10e_hl_interface/share/ur10e_hl_interface/hook/cmake_prefix_path.ps1'
[1.267s] INFO:colcon.colcon_core.shell:Creating environment descriptor '/home/levin/Semi-Automated-Programming-of-Industrial-Robotic-Systems-Using-Large-Language-Models/install/ur10e_hl_interface/share/ur10e_hl_interface/hook/cmake_prefix_path.dsv'
[1.268s] INFO:colcon.colcon_core.shell:Creating environment hook '/home/levin/Semi-Automated-Programming-of-Industrial-Robotic-Systems-Using-Large-Language-Models/install/ur10e_hl_interface/share/ur10e_hl_interface/hook/cmake_prefix_path.sh'
[1.269s] Level 1:colcon.colcon_core.environment:checking '/home/levin/Semi-Automated-Programming-of-Industrial-Robotic-Systems-Using-Large-Language-Models/install/ur10e_hl_interface/lib'
[1.270s] Level 1:colcon.colcon_core.environment:checking '/home/levin/Semi-Automated-Programming-of-Industrial-Robotic-Systems-Using-Large-Language-Models/install/ur10e_hl_interface/bin'
[1.270s] Level 1:colcon.colcon_core.environment:checking '/home/levin/Semi-Automated-Programming-of-Industrial-Robotic-Systems-Using-Large-Language-Models/install/ur10e_hl_interface/lib/pkgconfig/ur10e_hl_interface.pc'
[1.270s] Level 1:colcon.colcon_core.environment:checking '/home/levin/Semi-Automated-Programming-of-Industrial-Robotic-Systems-Using-Large-Language-Models/install/ur10e_hl_interface/lib/python3.10/site-packages'
[1.271s] Level 1:colcon.colcon_core.environment:checking '/home/levin/Semi-Automated-Programming-of-Industrial-Robotic-Systems-Using-Large-Language-Models/install/ur10e_hl_interface/bin'
[1.271s] INFO:colcon.colcon_core.shell:Creating package script '/home/levin/Semi-Automated-Programming-of-Industrial-Robotic-Systems-Using-Large-Language-Models/install/ur10e_hl_interface/share/ur10e_hl_interface/package.ps1'
[1.273s] INFO:colcon.colcon_core.shell:Creating package descriptor '/home/levin/Semi-Automated-Programming-of-Industrial-Robotic-Systems-Using-Large-Language-Models/install/ur10e_hl_interface/share/ur10e_hl_interface/package.dsv'
[1.274s] INFO:colcon.colcon_core.shell:Creating package script '/home/levin/Semi-Automated-Programming-of-Industrial-Robotic-Systems-Using-Large-Language-Models/install/ur10e_hl_interface/share/ur10e_hl_interface/package.sh'
[1.275s] INFO:colcon.colcon_core.shell:Creating package script '/home/levin/Semi-Automated-Programming-of-Industrial-Robotic-Systems-Using-Large-Language-Models/install/ur10e_hl_interface/share/ur10e_hl_interface/package.bash'
[1.276s] INFO:colcon.colcon_core.shell:Creating package script '/home/levin/Semi-Automated-Programming-of-Industrial-Robotic-Systems-Using-Large-Language-Models/install/ur10e_hl_interface/share/ur10e_hl_interface/package.zsh'
[1.278s] Level 1:colcon.colcon_core.environment:create_file_with_runtime_dependencies(/home/levin/Semi-Automated-Programming-of-Industrial-Robotic-Systems-Using-Large-Language-Models/install/ur10e_hl_interface/share/colcon-core/packages/ur10e_hl_interface)
[1.279s] Level 1:colcon.colcon_core.environment:create_environment_scripts_only(ur10e_hl_interface)
[1.280s] Level 1:colcon.colcon_core.environment:checking '/home/levin/Semi-Automated-Programming-of-Industrial-Robotic-Systems-Using-Large-Language-Models/install/ur10e_hl_interface' for CMake module files
[1.281s] Level 1:colcon.colcon_core.environment:checking '/home/levin/Semi-Automated-Programming-of-Industrial-Robotic-Systems-Using-Large-Language-Models/install/ur10e_hl_interface' for CMake config files
[1.281s] Level 1:colcon.colcon_core.shell:create_environment_hook('ur10e_hl_interface', 'cmake_prefix_path')
[1.282s] INFO:colcon.colcon_core.shell:Creating environment hook '/home/levin/Semi-Automated-Programming-of-Industrial-Robotic-Systems-Using-Large-Language-Models/install/ur10e_hl_interface/share/ur10e_hl_interface/hook/cmake_prefix_path.ps1'
[1.283s] INFO:colcon.colcon_core.shell:Creating environment descriptor '/home/levin/Semi-Automated-Programming-of-Industrial-Robotic-Systems-Using-Large-Language-Models/install/ur10e_hl_interface/share/ur10e_hl_interface/hook/cmake_prefix_path.dsv'
[1.284s] INFO:colcon.colcon_core.shell:Creating environment hook '/home/levin/Semi-Automated-Programming-of-Industrial-Robotic-Systems-Using-Large-Language-Models/install/ur10e_hl_interface/share/ur10e_hl_interface/hook/cmake_prefix_path.sh'
[1.285s] Level 1:colcon.colcon_core.environment:checking '/home/levin/Semi-Automated-Programming-of-Industrial-Robotic-Systems-Using-Large-Language-Models/install/ur10e_hl_interface/lib'
[1.285s] Level 1:colcon.colcon_core.environment:checking '/home/levin/Semi-Automated-Programming-of-Industrial-Robotic-Systems-Using-Large-Language-Models/install/ur10e_hl_interface/bin'
[1.285s] Level 1:colcon.colcon_core.environment:checking '/home/levin/Semi-Automated-Programming-of-Industrial-Robotic-Systems-Using-Large-Language-Models/install/ur10e_hl_interface/lib/pkgconfig/ur10e_hl_interface.pc'
[1.285s] Level 1:colcon.colcon_core.environment:checking '/home/levin/Semi-Automated-Programming-of-Industrial-Robotic-Systems-Using-Large-Language-Models/install/ur10e_hl_interface/lib/python3.10/site-packages'
[1.286s] Level 1:colcon.colcon_core.environment:checking '/home/levin/Semi-Automated-Programming-of-Industrial-Robotic-Systems-Using-Large-Language-Models/install/ur10e_hl_interface/bin'
[1.286s] INFO:colcon.colcon_core.shell:Creating package script '/home/levin/Semi-Automated-Programming-of-Industrial-Robotic-Systems-Using-Large-Language-Models/install/ur10e_hl_interface/share/ur10e_hl_interface/package.ps1'
[1.287s] INFO:colcon.colcon_core.shell:Creating package descriptor '/home/levin/Semi-Automated-Programming-of-Industrial-Robotic-Systems-Using-Large-Language-Models/install/ur10e_hl_interface/share/ur10e_hl_interface/package.dsv'
[1.288s] INFO:colcon.colcon_core.shell:Creating package script '/home/levin/Semi-Automated-Programming-of-Industrial-Robotic-Systems-Using-Large-Language-Models/install/ur10e_hl_interface/share/ur10e_hl_interface/package.sh'
[1.289s] INFO:colcon.colcon_core.shell:Creating package script '/home/levin/Semi-Automated-Programming-of-Industrial-Robotic-Systems-Using-Large-Language-Models/install/ur10e_hl_interface/share/ur10e_hl_interface/package.bash'
[1.290s] INFO:colcon.colcon_core.shell:Creating package script '/home/levin/Semi-Automated-Programming-of-Industrial-Robotic-Systems-Using-Large-Language-Models/install/ur10e_hl_interface/share/ur10e_hl_interface/package.zsh'
[1.291s] Level 1:colcon.colcon_core.environment:create_file_with_runtime_dependencies(/home/levin/Semi-Automated-Programming-of-Industrial-Robotic-Systems-Using-Large-Language-Models/install/ur10e_hl_interface/share/colcon-core/packages/ur10e_hl_interface)
[1.291s] DEBUG:colcon.colcon_parallel_executor.executor.parallel:closing loop
[1.292s] DEBUG:colcon.colcon_parallel_executor.executor.parallel:loop closed
[1.292s] DEBUG:colcon.colcon_parallel_executor.executor.parallel:run_until_complete finished with '0'
[1.292s] DEBUG:colcon.colcon_core.event_reactor:joining thread
[1.304s] INFO:colcon.colcon_core.plugin_system:Skipping extension 'colcon_notification.desktop_notification.terminal_notifier': Not used on non-Darwin systems
[1.304s] INFO:colcon.colcon_core.plugin_system:Skipping extension 'colcon_notification.desktop_notification.win32': Not used on non-Windows systems
[1.304s] INFO:colcon.colcon_notification.desktop_notification:Sending desktop notification using 'notify2'
[1.332s] DEBUG:colcon.colcon_core.event_reactor:joined thread
[1.333s] INFO:colcon.colcon_core.shell:Creating prefix script '/home/levin/Semi-Automated-Programming-of-Industrial-Robotic-Systems-Using-Large-Language-Models/install/local_setup.ps1'
[1.336s] INFO:colcon.colcon_core.shell:Creating prefix util module '/home/levin/Semi-Automated-Programming-of-Industrial-Robotic-Systems-Using-Large-Language-Models/install/_local_setup_util_ps1.py'
[1.340s] INFO:colcon.colcon_core.shell:Creating prefix chain script '/home/levin/Semi-Automated-Programming-of-Industrial-Robotic-Systems-Using-Large-Language-Models/install/setup.ps1'
[1.343s] INFO:colcon.colcon_core.shell:Creating prefix script '/home/levin/Semi-Automated-Programming-of-Industrial-Robotic-Systems-Using-Large-Language-Models/install/local_setup.sh'
[1.344s] INFO:colcon.colcon_core.shell:Creating prefix util module '/home/levin/Semi-Automated-Programming-of-Industrial-Robotic-Systems-Using-Large-Language-Models/install/_local_setup_util_sh.py'
[1.345s] INFO:colcon.colcon_core.shell:Creating prefix chain script '/home/levin/Semi-Automated-Programming-of-Industrial-Robotic-Systems-Using-Large-Language-Models/install/setup.sh'
[1.348s] INFO:colcon.colcon_core.shell:Creating prefix script '/home/levin/Semi-Automated-Programming-of-Industrial-Robotic-Systems-Using-Large-Language-Models/install/local_setup.bash'
[1.349s] INFO:colcon.colcon_core.shell:Creating prefix chain script '/home/levin/Semi-Automated-Programming-of-Industrial-Robotic-Systems-Using-Large-Language-Models/install/setup.bash'
[1.352s] INFO:colcon.colcon_core.shell:Creating prefix script '/home/levin/Semi-Automated-Programming-of-Industrial-Robotic-Systems-Using-Large-Language-Models/install/local_setup.zsh'
[1.353s] INFO:colcon.colcon_core.shell:Creating prefix chain script '/home/levin/Semi-Automated-Programming-of-Industrial-Robotic-Systems-Using-Large-Language-Models/install/setup.zsh'
