[0.008s] Invoking command in '/home/levin/Semi-Automated-Programming-of-Industrial-Robotic-Systems-Using-Large-Language-Models/build/ur_with_gripper': AMENT_PREFIX_PATH=/home/levin/Semi-Automated-Programming-of-Industrial-Robotic-Systems-Using-Large-Language-Models/install/custom_gripper:${AMENT_PREFIX_PATH} CMAKE_PREFIX_PATH=/home/levin/Semi-Automated-Programming-of-Industrial-Robotic-Systems-Using-Large-Language-Models/install/custom_gripper:/opt/ros/humble /usr/bin/cmake --build /home/levin/Semi-Automated-Programming-of-Industrial-Robotic-Systems-Using-Large-Language-Models/build/ur_with_gripper -- -j20 -l20
[0.048s] Invoked command in '/home/levin/Semi-Automated-Programming-of-Industrial-Robotic-Systems-Using-Large-Language-Models/build/ur_with_gripper' returned '0': AMENT_PREFIX_PATH=/home/levin/Semi-Automated-Programming-of-Industrial-Robotic-Systems-Using-Large-Language-Models/install/custom_gripper:${AMENT_PREFIX_PATH} CMAKE_PREFIX_PATH=/home/levin/Semi-Automated-Programming-of-Industrial-Robotic-Systems-Using-Large-Language-Models/install/custom_gripper:/opt/ros/humble /usr/bin/cmake --build /home/levin/Semi-Automated-Programming-of-Industrial-Robotic-Systems-Using-Large-Language-Models/build/ur_with_gripper -- -j20 -l20
[0.049s] Invoking command in '/home/levin/Semi-Automated-Programming-of-Industrial-Robotic-Systems-Using-Large-Language-Models/build/ur_with_gripper': AMENT_PREFIX_PATH=/home/levin/Semi-Automated-Programming-of-Industrial-Robotic-Systems-Using-Large-Language-Models/install/custom_gripper:${AMENT_PREFIX_PATH} CMAKE_PREFIX_PATH=/home/levin/Semi-Automated-Programming-of-Industrial-Robotic-Systems-Using-Large-Language-Models/install/custom_gripper:/opt/ros/humble /usr/bin/cmake --install /home/levin/Semi-Automated-Programming-of-Industrial-Robotic-Systems-Using-Large-Language-Models/build/ur_with_gripper
[0.058s] -- Install configuration: ""
[0.058s] -- Up-to-date: /home/levin/Semi-Automated-Programming-of-Industrial-Robotic-Systems-Using-Large-Language-Models/install/ur_with_gripper/share/ur_with_gripper/launch
[0.058s] -- Up-to-date: /home/levin/Semi-Automated-Programming-of-Industrial-Robotic-Systems-Using-Large-Language-Models/install/ur_with_gripper/share/ur_with_gripper/launch/view_robot.launch.py
[0.058s] -- Up-to-date: /home/levin/Semi-Automated-Programming-of-Industrial-Robotic-Systems-Using-Large-Language-Models/install/ur_with_gripper/share/ur_with_gripper/launch/ur_sim_control.launch.py
[0.058s] -- Up-to-date: /home/levin/Semi-Automated-Programming-of-Industrial-Robotic-Systems-Using-Large-Language-Models/install/ur_with_gripper/share/ur_with_gripper/launch/start_robot.launch.py
[0.058s] -- Up-to-date: /home/levin/Semi-Automated-Programming-of-Industrial-Robotic-Systems-Using-Large-Language-Models/install/ur_with_gripper/share/ur_with_gripper/launch/add_objects.launch.py
[0.058s] -- Up-to-date: /home/levin/Semi-Automated-Programming-of-Industrial-Robotic-Systems-Using-Large-Language-Models/install/ur_with_gripper/share/ur_with_gripper/urdf
[0.058s] -- Up-to-date: /home/levin/Semi-Automated-Programming-of-Industrial-Robotic-Systems-Using-Large-Language-Models/install/ur_with_gripper/share/ur_with_gripper/urdf/ur_with_gripper_macro.xacro
[0.058s] -- Up-to-date: /home/levin/Semi-Automated-Programming-of-Industrial-Robotic-Systems-Using-Large-Language-Models/install/ur_with_gripper/share/ur_with_gripper/urdf/ur_with_gripper.urdf.xacro
[0.058s] -- Up-to-date: /home/levin/Semi-Automated-Programming-of-Industrial-Robotic-Systems-Using-Large-Language-Models/install/ur_with_gripper/share/ur_with_gripper/urdf/irb120_ros2control.xacro
[0.058s] -- Up-to-date: /home/levin/Semi-Automated-Programming-of-Industrial-Robotic-Systems-Using-Large-Language-Models/install/ur_with_gripper/share/ur_with_gripper/urdf/irb120_macro.urdf.xacro
[0.058s] -- Up-to-date: /home/levin/Semi-Automated-Programming-of-Industrial-Robotic-Systems-Using-Large-Language-Models/install/ur_with_gripper/share/ur_with_gripper/rviz
[0.058s] -- Up-to-date: /home/levin/Semi-Automated-Programming-of-Industrial-Robotic-Systems-Using-Large-Language-Models/install/ur_with_gripper/share/ur_with_gripper/rviz/view_robot.rviz
[0.058s] -- Up-to-date: /home/levin/Semi-Automated-Programming-of-Industrial-Robotic-Systems-Using-Large-Language-Models/install/ur_with_gripper/share/ur_with_gripper/config
[0.058s] -- Up-to-date: /home/levin/Semi-Automated-Programming-of-Industrial-Robotic-Systems-Using-Large-Language-Models/install/ur_with_gripper/share/ur_with_gripper/config/irb120_controllers.yaml
[0.058s] -- Up-to-date: /home/levin/Semi-Automated-Programming-of-Industrial-Robotic-Systems-Using-Large-Language-Models/install/ur_with_gripper/share/ur_with_gripper/config/ur10e_controllers.yaml
[0.058s] -- Up-to-date: /home/levin/Semi-Automated-Programming-of-Industrial-Robotic-Systems-Using-Large-Language-Models/install/ur_with_gripper/share/ur_with_gripper/config/ur_calibration.yaml
[0.059s] -- Up-to-date: /home/levin/Semi-Automated-Programming-of-Industrial-Robotic-Systems-Using-Large-Language-Models/install/ur_with_gripper/share/ur_with_gripper/meshes
[0.059s] -- Up-to-date: /home/levin/Semi-Automated-Programming-of-Industrial-Robotic-Systems-Using-Large-Language-Models/install/ur_with_gripper/share/ur_with_gripper/meshes/irb120
[0.059s] -- Up-to-date: /home/levin/Semi-Automated-Programming-of-Industrial-Robotic-Systems-Using-Large-Language-Models/install/ur_with_gripper/share/ur_with_gripper/meshes/irb120/collision
[0.059s] -- Up-to-date: /home/levin/Semi-Automated-Programming-of-Industrial-Robotic-Systems-Using-Large-Language-Models/install/ur_with_gripper/share/ur_with_gripper/meshes/irb120/collision/link_3.stl
[0.059s] -- Up-to-date: /home/levin/Semi-Automated-Programming-of-Industrial-Robotic-Systems-Using-Large-Language-Models/install/ur_with_gripper/share/ur_with_gripper/meshes/irb120/collision/link_5.stl
[0.059s] -- Up-to-date: /home/levin/Semi-Automated-Programming-of-Industrial-Robotic-Systems-Using-Large-Language-Models/install/ur_with_gripper/share/ur_with_gripper/meshes/irb120/collision/link_1.stl
[0.059s] -- Up-to-date: /home/levin/Semi-Automated-Programming-of-Industrial-Robotic-Systems-Using-Large-Language-Models/install/ur_with_gripper/share/ur_with_gripper/meshes/irb120/collision/link_2.stl
[0.059s] -- Up-to-date: /home/levin/Semi-Automated-Programming-of-Industrial-Robotic-Systems-Using-Large-Language-Models/install/ur_with_gripper/share/ur_with_gripper/meshes/irb120/collision/base_link.stl
[0.060s] -- Up-to-date: /home/levin/Semi-Automated-Programming-of-Industrial-Robotic-Systems-Using-Large-Language-Models/install/ur_with_gripper/share/ur_with_gripper/meshes/irb120/collision/link_6.stl
[0.061s] -- Up-to-date: /home/levin/Semi-Automated-Programming-of-Industrial-Robotic-Systems-Using-Large-Language-Models/install/ur_with_gripper/share/ur_with_gripper/meshes/irb120/collision/link_4.stl
[0.062s] -- Up-to-date: /home/levin/Semi-Automated-Programming-of-Industrial-Robotic-Systems-Using-Large-Language-Models/install/ur_with_gripper/share/ur_with_gripper/meshes/irb120/visual
[0.062s] -- Up-to-date: /home/levin/Semi-Automated-Programming-of-Industrial-Robotic-Systems-Using-Large-Language-Models/install/ur_with_gripper/share/ur_with_gripper/meshes/irb120/visual/base_link.dae
[0.062s] -- Up-to-date: /home/levin/Semi-Automated-Programming-of-Industrial-Robotic-Systems-Using-Large-Language-Models/install/ur_with_gripper/share/ur_with_gripper/meshes/irb120/visual/link_1.dae
[0.062s] -- Up-to-date: /home/levin/Semi-Automated-Programming-of-Industrial-Robotic-Systems-Using-Large-Language-Models/install/ur_with_gripper/share/ur_with_gripper/meshes/irb120/visual/link_6.dae
[0.063s] -- Up-to-date: /home/levin/Semi-Automated-Programming-of-Industrial-Robotic-Systems-Using-Large-Language-Models/install/ur_with_gripper/share/ur_with_gripper/meshes/irb120/visual/link_4.dae
[0.063s] -- Up-to-date: /home/levin/Semi-Automated-Programming-of-Industrial-Robotic-Systems-Using-Large-Language-Models/install/ur_with_gripper/share/ur_with_gripper/meshes/irb120/visual/link_3.dae
[0.063s] -- Up-to-date: /home/levin/Semi-Automated-Programming-of-Industrial-Robotic-Systems-Using-Large-Language-Models/install/ur_with_gripper/share/ur_with_gripper/meshes/irb120/visual/link_2.dae
[0.063s] -- Up-to-date: /home/levin/Semi-Automated-Programming-of-Industrial-Robotic-Systems-Using-Large-Language-Models/install/ur_with_gripper/share/ur_with_gripper/meshes/irb120/visual/link_5.dae
[0.063s] -- Up-to-date: /home/levin/Semi-Automated-Programming-of-Industrial-Robotic-Systems-Using-Large-Language-Models/install/ur_with_gripper/share/ament_index/resource_index/package_run_dependencies/ur_with_gripper
[0.063s] -- Up-to-date: /home/levin/Semi-Automated-Programming-of-Industrial-Robotic-Systems-Using-Large-Language-Models/install/ur_with_gripper/share/ament_index/resource_index/parent_prefix_path/ur_with_gripper
[0.063s] -- Up-to-date: /home/levin/Semi-Automated-Programming-of-Industrial-Robotic-Systems-Using-Large-Language-Models/install/ur_with_gripper/share/ur_with_gripper/environment/ament_prefix_path.sh
[0.063s] -- Up-to-date: /home/levin/Semi-Automated-Programming-of-Industrial-Robotic-Systems-Using-Large-Language-Models/install/ur_with_gripper/share/ur_with_gripper/environment/ament_prefix_path.dsv
[0.063s] -- Up-to-date: /home/levin/Semi-Automated-Programming-of-Industrial-Robotic-Systems-Using-Large-Language-Models/install/ur_with_gripper/share/ur_with_gripper/environment/path.sh
[0.063s] -- Up-to-date: /home/levin/Semi-Automated-Programming-of-Industrial-Robotic-Systems-Using-Large-Language-Models/install/ur_with_gripper/share/ur_with_gripper/environment/path.dsv
[0.064s] -- Up-to-date: /home/levin/Semi-Automated-Programming-of-Industrial-Robotic-Systems-Using-Large-Language-Models/install/ur_with_gripper/share/ur_with_gripper/local_setup.bash
[0.064s] -- Up-to-date: /home/levin/Semi-Automated-Programming-of-Industrial-Robotic-Systems-Using-Large-Language-Models/install/ur_with_gripper/share/ur_with_gripper/local_setup.sh
[0.064s] -- Up-to-date: /home/levin/Semi-Automated-Programming-of-Industrial-Robotic-Systems-Using-Large-Language-Models/install/ur_with_gripper/share/ur_with_gripper/local_setup.zsh
[0.064s] -- Up-to-date: /home/levin/Semi-Automated-Programming-of-Industrial-Robotic-Systems-Using-Large-Language-Models/install/ur_with_gripper/share/ur_with_gripper/local_setup.dsv
[0.065s] -- Installing: /home/levin/Semi-Automated-Programming-of-Industrial-Robotic-Systems-Using-Large-Language-Models/install/ur_with_gripper/share/ur_with_gripper/package.dsv
[0.065s] -- Up-to-date: /home/levin/Semi-Automated-Programming-of-Industrial-Robotic-Systems-Using-Large-Language-Models/install/ur_with_gripper/share/ament_index/resource_index/packages/ur_with_gripper
[0.065s] -- Up-to-date: /home/levin/Semi-Automated-Programming-of-Industrial-Robotic-Systems-Using-Large-Language-Models/install/ur_with_gripper/share/ur_with_gripper/cmake/ur_with_gripperConfig.cmake
[0.065s] -- Up-to-date: /home/levin/Semi-Automated-Programming-of-Industrial-Robotic-Systems-Using-Large-Language-Models/install/ur_with_gripper/share/ur_with_gripper/cmake/ur_with_gripperConfig-version.cmake
[0.065s] -- Up-to-date: /home/levin/Semi-Automated-Programming-of-Industrial-Robotic-Systems-Using-Large-Language-Models/install/ur_with_gripper/share/ur_with_gripper/package.xml
[0.065s] Invoked command in '/home/levin/Semi-Automated-Programming-of-Industrial-Robotic-Systems-Using-Large-Language-Models/build/ur_with_gripper' returned '0': AMENT_PREFIX_PATH=/home/levin/Semi-Automated-Programming-of-Industrial-Robotic-Systems-Using-Large-Language-Models/install/custom_gripper:${AMENT_PREFIX_PATH} CMAKE_PREFIX_PATH=/home/levin/Semi-Automated-Programming-of-Industrial-Robotic-Systems-Using-Large-Language-Models/install/custom_gripper:/opt/ros/humble /usr/bin/cmake --install /home/levin/Semi-Automated-Programming-of-Industrial-Robotic-Systems-Using-Large-Language-Models/build/ur_with_gripper
