[ 33%] Built target ur10e_hl_interface
[ 66%] Built target add_objects_node
[100%] Built target clipfix_bewegung
-- Install configuration: ""
-- Up-to-date: /home/levin/Semi-Automated-Programming-of-Industrial-Robotic-Systems-Using-Large-Language-Models/install/ur10e_hl_interface/lib/libur10e_hl_interface.a
-- Up-to-date: /home/levin/Semi-Automated-Programming-of-Industrial-Robotic-Systems-Using-Large-Language-Models/install/ur10e_hl_interface/lib/ur10e_hl_interface/clipfix_bewegung
-- Up-to-date: /home/levin/Semi-Automated-Programming-of-Industrial-Robotic-Systems-Using-Large-Language-Models/install/ur10e_hl_interface/lib/ur10e_hl_interface/add_objects_node
-- Up-to-date: /home/levin/Semi-Automated-Programming-of-Industrial-Robotic-Systems-Using-Large-Language-Models/install/ur10e_hl_interface/include
-- Up-to-date: /home/levin/Semi-Automated-Programming-of-Industrial-Robotic-Systems-Using-Large-Language-Models/install/ur10e_hl_interface/include/ur10e_hl_interface
-- Up-to-date: /home/levin/Semi-Automated-Programming-of-Industrial-Robotic-Systems-Using-Large-Language-Models/install/ur10e_hl_interface/include/ur10e_hl_interface/robot_hl_interface.hpp
-- Up-to-date: /home/levin/Semi-Automated-Programming-of-Industrial-Robotic-Systems-Using-Large-Language-Models/install/ur10e_hl_interface/share/ur10e_hl_interface/config
-- Up-to-date: /home/levin/Semi-Automated-Programming-of-Industrial-Robotic-Systems-Using-Large-Language-Models/install/ur10e_hl_interface/share/ur10e_hl_interface/config/AML-Datei-V04.aml
-- Up-to-date: /home/levin/Semi-Automated-Programming-of-Industrial-Robotic-Systems-Using-Large-Language-Models/install/ur10e_hl_interface/share/ur10e_hl_interface/meshes
-- Up-to-date: /home/levin/Semi-Automated-Programming-of-Industrial-Robotic-Systems-Using-Large-Language-Models/install/ur10e_hl_interface/share/ur10e_hl_interface/meshes/Alt-Ordner
-- Up-to-date: /home/levin/Semi-Automated-Programming-of-Industrial-Robotic-Systems-Using-Large-Language-Models/install/ur10e_hl_interface/share/ur10e_hl_interface/meshes/Alt-Ordner/PERF-2000MM_3D.stl
-- Up-to-date: /home/levin/Semi-Automated-Programming-of-Industrial-Robotic-Systems-Using-Large-Language-Models/install/ur10e_hl_interface/share/ur10e_hl_interface/meshes/Alt-Ordner/Unnamed-Schaltschrank.stl
-- Up-to-date: /home/levin/Semi-Automated-Programming-of-Industrial-Robotic-Systems-Using-Large-Language-Models/install/ur10e_hl_interface/share/ur10e_hl_interface/meshes/Alt-Ordner/NS-35.dae
-- Up-to-date: /home/levin/Semi-Automated-Programming-of-Industrial-Robotic-Systems-Using-Large-Language-Models/install/ur10e_hl_interface/share/ur10e_hl_interface/meshes/Alt-Ordner/Schaltschrank-1.stl
-- Up-to-date: /home/levin/Semi-Automated-Programming-of-Industrial-Robotic-Systems-Using-Large-Language-Models/install/ur10e_hl_interface/share/ur10e_hl_interface/meshes/UT_1,5_VT.stl
-- Up-to-date: /home/levin/Semi-Automated-Programming-of-Industrial-Robotic-Systems-Using-Large-Language-Models/install/ur10e_hl_interface/share/ur10e_hl_interface/meshes/PT-6-TWIN-BU.stl
-- Up-to-date: /home/levin/Semi-Automated-Programming-of-Industrial-Robotic-Systems-Using-Large-Language-Models/install/ur10e_hl_interface/share/ur10e_hl_interface/meshes/Schaltschrank.dae
-- Up-to-date: /home/levin/Semi-Automated-Programming-of-Industrial-Robotic-Systems-Using-Large-Language-Models/install/ur10e_hl_interface/share/ur10e_hl_interface/meshes/PT-6-TWIN.dae
-- Up-to-date: /home/levin/Semi-Automated-Programming-of-Industrial-Robotic-Systems-Using-Large-Language-Models/install/ur10e_hl_interface/share/ur10e_hl_interface/meshes/Neue Klemmen
-- Up-to-date: /home/levin/Semi-Automated-Programming-of-Industrial-Robotic-Systems-Using-Large-Language-Models/install/ur10e_hl_interface/share/ur10e_hl_interface/meshes/Neue Klemmen/PTU 2,5-TWIN BU.stl
-- Up-to-date: /home/levin/Semi-Automated-Programming-of-Industrial-Robotic-Systems-Using-Large-Language-Models/install/ur10e_hl_interface/share/ur10e_hl_interface/meshes/Neue Klemmen/PTU 2,5-TWIN BU.stp
-- Up-to-date: /home/levin/Semi-Automated-Programming-of-Industrial-Robotic-Systems-Using-Large-Language-Models/install/ur10e_hl_interface/share/ur10e_hl_interface/meshes/Neue Klemmen/UT 1,5 OG.stl
-- Up-to-date: /home/levin/Semi-Automated-Programming-of-Industrial-Robotic-Systems-Using-Large-Language-Models/install/ur10e_hl_interface/share/ur10e_hl_interface/meshes/Neue Klemmen/UT 1,5 OG.dae
-- Up-to-date: /home/levin/Semi-Automated-Programming-of-Industrial-Robotic-Systems-Using-Large-Language-Models/install/ur10e_hl_interface/share/ur10e_hl_interface/meshes/Neue Klemmen/UT 1,5 VT.dae
-- Up-to-date: /home/levin/Semi-Automated-Programming-of-Industrial-Robotic-Systems-Using-Large-Language-Models/install/ur10e_hl_interface/share/ur10e_hl_interface/meshes/Neue Klemmen/QTCU 2,5.stl
-- Up-to-date: /home/levin/Semi-Automated-Programming-of-Industrial-Robotic-Systems-Using-Large-Language-Models/install/ur10e_hl_interface/share/ur10e_hl_interface/meshes/Neue Klemmen/UT 1,5 VT.stl
-- Up-to-date: /home/levin/Semi-Automated-Programming-of-Industrial-Robotic-Systems-Using-Large-Language-Models/install/ur10e_hl_interface/share/ur10e_hl_interface/meshes/Neue Klemmen/STU 35 4X10 YE.stp
-- Up-to-date: /home/levin/Semi-Automated-Programming-of-Industrial-Robotic-Systems-Using-Large-Language-Models/install/ur10e_hl_interface/share/ur10e_hl_interface/meshes/Neue Klemmen/QTCU 2,5.dae
-- Up-to-date: /home/levin/Semi-Automated-Programming-of-Industrial-Robotic-Systems-Using-Large-Language-Models/install/ur10e_hl_interface/share/ur10e_hl_interface/meshes/Neue Klemmen/STU 35 4X10 YE.dae
-- Up-to-date: /home/levin/Semi-Automated-Programming-of-Industrial-Robotic-Systems-Using-Large-Language-Models/install/ur10e_hl_interface/share/ur10e_hl_interface/meshes/Neue Klemmen/STU 35 4X10 YE.stl
-- Up-to-date: /home/levin/Semi-Automated-Programming-of-Industrial-Robotic-Systems-Using-Large-Language-Models/install/ur10e_hl_interface/share/ur10e_hl_interface/meshes/Neue Klemmen/QTCU 2,5.stp
-- Up-to-date: /home/levin/Semi-Automated-Programming-of-Industrial-Robotic-Systems-Using-Large-Language-Models/install/ur10e_hl_interface/share/ur10e_hl_interface/meshes/Neue Klemmen/PTU 2,5-TWIN BU.dae
-- Up-to-date: /home/levin/Semi-Automated-Programming-of-Industrial-Robotic-Systems-Using-Large-Language-Models/install/ur10e_hl_interface/share/ur10e_hl_interface/meshes/Neue Klemmen/UT 1,5 VT.stp
-- Up-to-date: /home/levin/Semi-Automated-Programming-of-Industrial-Robotic-Systems-Using-Large-Language-Models/install/ur10e_hl_interface/share/ur10e_hl_interface/meshes/Neue Klemmen/UT 1,5 OG.stp
-- Up-to-date: /home/levin/Semi-Automated-Programming-of-Industrial-Robotic-Systems-Using-Large-Language-Models/install/ur10e_hl_interface/share/ur10e_hl_interface/meshes/UT-16-PE.dae
-- Up-to-date: /home/levin/Semi-Automated-Programming-of-Industrial-Robotic-Systems-Using-Large-Language-Models/install/ur10e_hl_interface/share/ur10e_hl_interface/meshes/Hutschienen-Halter.stl
-- Up-to-date: /home/levin/Semi-Automated-Programming-of-Industrial-Robotic-Systems-Using-Large-Language-Models/install/ur10e_hl_interface/share/ur10e_hl_interface/meshes/CLIPFIX-35.stl
-- Up-to-date: /home/levin/Semi-Automated-Programming-of-Industrial-Robotic-Systems-Using-Large-Language-Models/install/ur10e_hl_interface/share/ur10e_hl_interface/meshes/UT_1,5_VT.dae
-- Up-to-date: /home/levin/Semi-Automated-Programming-of-Industrial-Robotic-Systems-Using-Large-Language-Models/install/ur10e_hl_interface/share/ur10e_hl_interface/meshes/Schaltschrank_ohne_Tuer.dae
-- Up-to-date: /home/levin/Semi-Automated-Programming-of-Industrial-Robotic-Systems-Using-Large-Language-Models/install/ur10e_hl_interface/share/ur10e_hl_interface/meshes/VAL-MS-230.stl
-- Up-to-date: /home/levin/Semi-Automated-Programming-of-Industrial-Robotic-Systems-Using-Large-Language-Models/install/ur10e_hl_interface/share/ur10e_hl_interface/meshes/CLIPFIX-35-5.stl
-- Up-to-date: /home/levin/Semi-Automated-Programming-of-Industrial-Robotic-Systems-Using-Large-Language-Models/install/ur10e_hl_interface/share/ur10e_hl_interface/meshes/Schaltschrank.stl
-- Up-to-date: /home/levin/Semi-Automated-Programming-of-Industrial-Robotic-Systems-Using-Large-Language-Models/install/ur10e_hl_interface/share/ur10e_hl_interface/meshes/STU_35_4X10_YE.dae
-- Up-to-date: /home/levin/Semi-Automated-Programming-of-Industrial-Robotic-Systems-Using-Large-Language-Models/install/ur10e_hl_interface/share/ur10e_hl_interface/meshes/Hutschienen-Halter Kollisionsmodell.stl
-- Up-to-date: /home/levin/Semi-Automated-Programming-of-Industrial-Robotic-Systems-Using-Large-Language-Models/install/ur10e_hl_interface/share/ur10e_hl_interface/meshes/PT-6-TWIN-BU.dae
-- Up-to-date: /home/levin/Semi-Automated-Programming-of-Industrial-Robotic-Systems-Using-Large-Language-Models/install/ur10e_hl_interface/share/ur10e_hl_interface/meshes/PTU_2,5-TWIN_BU.dae
-- Up-to-date: /home/levin/Semi-Automated-Programming-of-Industrial-Robotic-Systems-Using-Large-Language-Models/install/ur10e_hl_interface/share/ur10e_hl_interface/meshes/Schaltschrank_ohne_Tuer.stl
-- Up-to-date: /home/levin/Semi-Automated-Programming-of-Industrial-Robotic-Systems-Using-Large-Language-Models/install/ur10e_hl_interface/share/ur10e_hl_interface/meshes/VAL-MS-T1-T2.stl
-- Up-to-date: /home/levin/Semi-Automated-Programming-of-Industrial-Robotic-Systems-Using-Large-Language-Models/install/ur10e_hl_interface/share/ur10e_hl_interface/meshes/UT_1,5_OG.dae
-- Up-to-date: /home/levin/Semi-Automated-Programming-of-Industrial-Robotic-Systems-Using-Large-Language-Models/install/ur10e_hl_interface/share/ur10e_hl_interface/meshes/STU_35_4X10_YE.stl
-- Up-to-date: /home/levin/Semi-Automated-Programming-of-Industrial-Robotic-Systems-Using-Large-Language-Models/install/ur10e_hl_interface/share/ur10e_hl_interface/meshes/VAL-MS-230.dae
-- Up-to-date: /home/levin/Semi-Automated-Programming-of-Industrial-Robotic-Systems-Using-Large-Language-Models/install/ur10e_hl_interface/share/ur10e_hl_interface/meshes/PT-6-TWIN.stl
-- Up-to-date: /home/levin/Semi-Automated-Programming-of-Industrial-Robotic-Systems-Using-Large-Language-Models/install/ur10e_hl_interface/share/ur10e_hl_interface/meshes/UT_1,5_OG.stl
-- Up-to-date: /home/levin/Semi-Automated-Programming-of-Industrial-Robotic-Systems-Using-Large-Language-Models/install/ur10e_hl_interface/share/ur10e_hl_interface/meshes/QTCU_2,5.stl
-- Up-to-date: /home/levin/Semi-Automated-Programming-of-Industrial-Robotic-Systems-Using-Large-Language-Models/install/ur10e_hl_interface/share/ur10e_hl_interface/meshes/Hutschiene.stl
-- Up-to-date: /home/levin/Semi-Automated-Programming-of-Industrial-Robotic-Systems-Using-Large-Language-Models/install/ur10e_hl_interface/share/ur10e_hl_interface/meshes/CLIPFIX-35-5.dae
-- Up-to-date: /home/levin/Semi-Automated-Programming-of-Industrial-Robotic-Systems-Using-Large-Language-Models/install/ur10e_hl_interface/share/ur10e_hl_interface/meshes/QTCU_2,5.dae
-- Up-to-date: /home/levin/Semi-Automated-Programming-of-Industrial-Robotic-Systems-Using-Large-Language-Models/install/ur10e_hl_interface/share/ur10e_hl_interface/meshes/VAL-MS-T1-T2.dae
-- Up-to-date: /home/levin/Semi-Automated-Programming-of-Industrial-Robotic-Systems-Using-Large-Language-Models/install/ur10e_hl_interface/share/ur10e_hl_interface/meshes/lps-logo-text.stl
-- Up-to-date: /home/levin/Semi-Automated-Programming-of-Industrial-Robotic-Systems-Using-Large-Language-Models/install/ur10e_hl_interface/share/ur10e_hl_interface/meshes/CLIPFIX-35.dae
-- Up-to-date: /home/levin/Semi-Automated-Programming-of-Industrial-Robotic-Systems-Using-Large-Language-Models/install/ur10e_hl_interface/share/ur10e_hl_interface/meshes/PTU_2,5-TWIN_BU.stl
-- Up-to-date: /home/levin/Semi-Automated-Programming-of-Industrial-Robotic-Systems-Using-Large-Language-Models/install/ur10e_hl_interface/share/ur10e_hl_interface/meshes/UT-16-PE.stl
-- Up-to-date: /home/levin/Semi-Automated-Programming-of-Industrial-Robotic-Systems-Using-Large-Language-Models/install/ur10e_hl_interface/share/ur10e_hl_interface/meshes/Hutschienen-Halter.dae
-- Up-to-date: /home/levin/Semi-Automated-Programming-of-Industrial-Robotic-Systems-Using-Large-Language-Models/install/ur10e_hl_interface/share/ur10e_hl_interface/environment/library_path.sh
-- Up-to-date: /home/levin/Semi-Automated-Programming-of-Industrial-Robotic-Systems-Using-Large-Language-Models/install/ur10e_hl_interface/share/ur10e_hl_interface/environment/library_path.dsv
-- Up-to-date: /home/levin/Semi-Automated-Programming-of-Industrial-Robotic-Systems-Using-Large-Language-Models/install/ur10e_hl_interface/share/ament_index/resource_index/package_run_dependencies/ur10e_hl_interface
-- Up-to-date: /home/levin/Semi-Automated-Programming-of-Industrial-Robotic-Systems-Using-Large-Language-Models/install/ur10e_hl_interface/share/ament_index/resource_index/parent_prefix_path/ur10e_hl_interface
-- Up-to-date: /home/levin/Semi-Automated-Programming-of-Industrial-Robotic-Systems-Using-Large-Language-Models/install/ur10e_hl_interface/share/ur10e_hl_interface/environment/ament_prefix_path.sh
-- Up-to-date: /home/levin/Semi-Automated-Programming-of-Industrial-Robotic-Systems-Using-Large-Language-Models/install/ur10e_hl_interface/share/ur10e_hl_interface/environment/ament_prefix_path.dsv
-- Up-to-date: /home/levin/Semi-Automated-Programming-of-Industrial-Robotic-Systems-Using-Large-Language-Models/install/ur10e_hl_interface/share/ur10e_hl_interface/environment/path.sh
-- Up-to-date: /home/levin/Semi-Automated-Programming-of-Industrial-Robotic-Systems-Using-Large-Language-Models/install/ur10e_hl_interface/share/ur10e_hl_interface/environment/path.dsv
-- Up-to-date: /home/levin/Semi-Automated-Programming-of-Industrial-Robotic-Systems-Using-Large-Language-Models/install/ur10e_hl_interface/share/ur10e_hl_interface/local_setup.bash
-- Up-to-date: /home/levin/Semi-Automated-Programming-of-Industrial-Robotic-Systems-Using-Large-Language-Models/install/ur10e_hl_interface/share/ur10e_hl_interface/local_setup.sh
-- Up-to-date: /home/levin/Semi-Automated-Programming-of-Industrial-Robotic-Systems-Using-Large-Language-Models/install/ur10e_hl_interface/share/ur10e_hl_interface/local_setup.zsh
-- Up-to-date: /home/levin/Semi-Automated-Programming-of-Industrial-Robotic-Systems-Using-Large-Language-Models/install/ur10e_hl_interface/share/ur10e_hl_interface/local_setup.dsv
-- Installing: /home/levin/Semi-Automated-Programming-of-Industrial-Robotic-Systems-Using-Large-Language-Models/install/ur10e_hl_interface/share/ur10e_hl_interface/package.dsv
-- Up-to-date: /home/levin/Semi-Automated-Programming-of-Industrial-Robotic-Systems-Using-Large-Language-Models/install/ur10e_hl_interface/share/ament_index/resource_index/packages/ur10e_hl_interface
-- Up-to-date: /home/levin/Semi-Automated-Programming-of-Industrial-Robotic-Systems-Using-Large-Language-Models/install/ur10e_hl_interface/share/ur10e_hl_interface/cmake/export_ur10e_hl_interfaceExport.cmake
-- Up-to-date: /home/levin/Semi-Automated-Programming-of-Industrial-Robotic-Systems-Using-Large-Language-Models/install/ur10e_hl_interface/share/ur10e_hl_interface/cmake/export_ur10e_hl_interfaceExport-noconfig.cmake
-- Up-to-date: /home/levin/Semi-Automated-Programming-of-Industrial-Robotic-Systems-Using-Large-Language-Models/install/ur10e_hl_interface/share/ur10e_hl_interface/cmake/ament_cmake_export_targets-extras.cmake
-- Up-to-date: /home/levin/Semi-Automated-Programming-of-Industrial-Robotic-Systems-Using-Large-Language-Models/install/ur10e_hl_interface/share/ur10e_hl_interface/cmake/ament_cmake_export_dependencies-extras.cmake
-- Up-to-date: /home/levin/Semi-Automated-Programming-of-Industrial-Robotic-Systems-Using-Large-Language-Models/install/ur10e_hl_interface/share/ur10e_hl_interface/cmake/ur10e_hl_interfaceConfig.cmake
-- Up-to-date: /home/levin/Semi-Automated-Programming-of-Industrial-Robotic-Systems-Using-Large-Language-Models/install/ur10e_hl_interface/share/ur10e_hl_interface/cmake/ur10e_hl_interfaceConfig-version.cmake
-- Up-to-date: /home/levin/Semi-Automated-Programming-of-Industrial-Robotic-Systems-Using-Large-Language-Models/install/ur10e_hl_interface/share/ur10e_hl_interface/package.xml
