[0.011s] Invoking command in '/home/levin/Semi-Automated-Programming-of-Industrial-Robotic-Systems-Using-Large-Language-Models/build/ur_with_gripper_moveit_config': AMENT_PREFIX_PATH=/home/levin/Semi-Automated-Programming-of-Industrial-Robotic-Systems-Using-Large-Language-Models/install/ur_with_gripper:/home/levin/Semi-Automated-Programming-of-Industrial-Robotic-Systems-Using-Large-Language-Models/install/custom_gripper:${AMENT_PREFIX_PATH} CMAKE_PREFIX_PATH=/home/levin/Semi-Automated-Programming-of-Industrial-Robotic-Systems-Using-Large-Language-Models/install/ur_with_gripper:/home/levin/Semi-Automated-Programming-of-Industrial-Robotic-Systems-Using-Large-Language-Models/install/custom_gripper:/opt/ros/humble /usr/bin/cmake /home/levin/Semi-Automated-Programming-of-Industrial-Robotic-Systems-Using-Large-Language-Models/src/ur_with_gripper_moveit_config -DCMAKE_INSTALL_PREFIX=/home/levin/Semi-Automated-Programming-of-Industrial-Robotic-Systems-Using-Large-Language-Models/install/ur_with_gripper_moveit_config
[0.065s] -- The C compiler identification is GNU 11.4.0
[0.126s] -- The CXX compiler identification is GNU 11.4.0
[0.133s] -- Detecting C compiler ABI info
[0.210s] -- Detecting C compiler ABI info - done
[0.217s] -- Check for working C compiler: /usr/bin/cc - skipped
[0.217s] -- Detecting C compile features
[0.217s] -- Detecting C compile features - done
[0.219s] -- Detecting CXX compiler ABI info
[0.309s] -- Detecting CXX compiler ABI info - done
[0.319s] -- Check for working CXX compiler: /usr/bin/c++ - skipped
[0.320s] -- Detecting CXX compile features
[0.320s] -- Detecting CXX compile features - done
[0.322s] -- Found ament_cmake: 1.3.11 (/opt/ros/humble/share/ament_cmake/cmake)
[0.491s] -- Found Python3: /usr/bin/python3 (found version "3.10.12") found components: Interpreter 
[0.695s] -- Configuring done
[0.699s] -- Generating done
[0.701s] -- Build files have been written to: /home/levin/Semi-Automated-Programming-of-Industrial-Robotic-Systems-Using-Large-Language-Models/build/ur_with_gripper_moveit_config
[0.707s] Invoked command in '/home/levin/Semi-Automated-Programming-of-Industrial-Robotic-Systems-Using-Large-Language-Models/build/ur_with_gripper_moveit_config' returned '0': AMENT_PREFIX_PATH=/home/levin/Semi-Automated-Programming-of-Industrial-Robotic-Systems-Using-Large-Language-Models/install/ur_with_gripper:/home/levin/Semi-Automated-Programming-of-Industrial-Robotic-Systems-Using-Large-Language-Models/install/custom_gripper:${AMENT_PREFIX_PATH} CMAKE_PREFIX_PATH=/home/levin/Semi-Automated-Programming-of-Industrial-Robotic-Systems-Using-Large-Language-Models/install/ur_with_gripper:/home/levin/Semi-Automated-Programming-of-Industrial-Robotic-Systems-Using-Large-Language-Models/install/custom_gripper:/opt/ros/humble /usr/bin/cmake /home/levin/Semi-Automated-Programming-of-Industrial-Robotic-Systems-Using-Large-Language-Models/src/ur_with_gripper_moveit_config -DCMAKE_INSTALL_PREFIX=/home/levin/Semi-Automated-Programming-of-Industrial-Robotic-Systems-Using-Large-Language-Models/install/ur_with_gripper_moveit_config
[0.710s] Invoking command in '/home/levin/Semi-Automated-Programming-of-Industrial-Robotic-Systems-Using-Large-Language-Models/build/ur_with_gripper_moveit_config': AMENT_PREFIX_PATH=/home/levin/Semi-Automated-Programming-of-Industrial-Robotic-Systems-Using-Large-Language-Models/install/ur_with_gripper:/home/levin/Semi-Automated-Programming-of-Industrial-Robotic-Systems-Using-Large-Language-Models/install/custom_gripper:${AMENT_PREFIX_PATH} CMAKE_PREFIX_PATH=/home/levin/Semi-Automated-Programming-of-Industrial-Robotic-Systems-Using-Large-Language-Models/install/ur_with_gripper:/home/levin/Semi-Automated-Programming-of-Industrial-Robotic-Systems-Using-Large-Language-Models/install/custom_gripper:/opt/ros/humble /usr/bin/cmake --build /home/levin/Semi-Automated-Programming-of-Industrial-Robotic-Systems-Using-Large-Language-Models/build/ur_with_gripper_moveit_config -- -j20 -l20
[0.764s] Invoked command in '/home/levin/Semi-Automated-Programming-of-Industrial-Robotic-Systems-Using-Large-Language-Models/build/ur_with_gripper_moveit_config' returned '0': AMENT_PREFIX_PATH=/home/levin/Semi-Automated-Programming-of-Industrial-Robotic-Systems-Using-Large-Language-Models/install/ur_with_gripper:/home/levin/Semi-Automated-Programming-of-Industrial-Robotic-Systems-Using-Large-Language-Models/install/custom_gripper:${AMENT_PREFIX_PATH} CMAKE_PREFIX_PATH=/home/levin/Semi-Automated-Programming-of-Industrial-Robotic-Systems-Using-Large-Language-Models/install/ur_with_gripper:/home/levin/Semi-Automated-Programming-of-Industrial-Robotic-Systems-Using-Large-Language-Models/install/custom_gripper:/opt/ros/humble /usr/bin/cmake --build /home/levin/Semi-Automated-Programming-of-Industrial-Robotic-Systems-Using-Large-Language-Models/build/ur_with_gripper_moveit_config -- -j20 -l20
[0.766s] Invoking command in '/home/levin/Semi-Automated-Programming-of-Industrial-Robotic-Systems-Using-Large-Language-Models/build/ur_with_gripper_moveit_config': AMENT_PREFIX_PATH=/home/levin/Semi-Automated-Programming-of-Industrial-Robotic-Systems-Using-Large-Language-Models/install/ur_with_gripper:/home/levin/Semi-Automated-Programming-of-Industrial-Robotic-Systems-Using-Large-Language-Models/install/custom_gripper:${AMENT_PREFIX_PATH} CMAKE_PREFIX_PATH=/home/levin/Semi-Automated-Programming-of-Industrial-Robotic-Systems-Using-Large-Language-Models/install/ur_with_gripper:/home/levin/Semi-Automated-Programming-of-Industrial-Robotic-Systems-Using-Large-Language-Models/install/custom_gripper:/opt/ros/humble /usr/bin/cmake --install /home/levin/Semi-Automated-Programming-of-Industrial-Robotic-Systems-Using-Large-Language-Models/build/ur_with_gripper_moveit_config
[0.775s] -- Install configuration: ""
[0.775s] -- Installing: /home/levin/Semi-Automated-Programming-of-Industrial-Robotic-Systems-Using-Large-Language-Models/install/ur_with_gripper_moveit_config/share/ament_index/resource_index/package_run_dependencies/ur_with_gripper_moveit_config
[0.775s] -- Installing: /home/levin/Semi-Automated-Programming-of-Industrial-Robotic-Systems-Using-Large-Language-Models/install/ur_with_gripper_moveit_config/share/ament_index/resource_index/parent_prefix_path/ur_with_gripper_moveit_config
[0.776s] -- Installing: /home/levin/Semi-Automated-Programming-of-Industrial-Robotic-Systems-Using-Large-Language-Models/install/ur_with_gripper_moveit_config/share/ur_with_gripper_moveit_config/environment/ament_prefix_path.sh
[0.776s] -- Installing: /home/levin/Semi-Automated-Programming-of-Industrial-Robotic-Systems-Using-Large-Language-Models/install/ur_with_gripper_moveit_config/share/ur_with_gripper_moveit_config/environment/ament_prefix_path.dsv
[0.776s] -- Installing: /home/levin/Semi-Automated-Programming-of-Industrial-Robotic-Systems-Using-Large-Language-Models/install/ur_with_gripper_moveit_config/share/ur_with_gripper_moveit_config/environment/path.sh
[0.776s] -- Installing: /home/levin/Semi-Automated-Programming-of-Industrial-Robotic-Systems-Using-Large-Language-Models/install/ur_with_gripper_moveit_config/share/ur_with_gripper_moveit_config/environment/path.dsv
[0.776s] -- Installing: /home/levin/Semi-Automated-Programming-of-Industrial-Robotic-Systems-Using-Large-Language-Models/install/ur_with_gripper_moveit_config/share/ur_with_gripper_moveit_config/local_setup.bash
[0.776s] -- Installing: /home/levin/Semi-Automated-Programming-of-Industrial-Robotic-Systems-Using-Large-Language-Models/install/ur_with_gripper_moveit_config/share/ur_with_gripper_moveit_config/local_setup.sh
[0.776s] -- Installing: /home/levin/Semi-Automated-Programming-of-Industrial-Robotic-Systems-Using-Large-Language-Models/install/ur_with_gripper_moveit_config/share/ur_with_gripper_moveit_config/local_setup.zsh
[0.776s] -- Installing: /home/levin/Semi-Automated-Programming-of-Industrial-Robotic-Systems-Using-Large-Language-Models/install/ur_with_gripper_moveit_config/share/ur_with_gripper_moveit_config/local_setup.dsv
[0.776s] -- Installing: /home/levin/Semi-Automated-Programming-of-Industrial-Robotic-Systems-Using-Large-Language-Models/install/ur_with_gripper_moveit_config/share/ur_with_gripper_moveit_config/package.dsv
[0.777s] -- Installing: /home/levin/Semi-Automated-Programming-of-Industrial-Robotic-Systems-Using-Large-Language-Models/install/ur_with_gripper_moveit_config/share/ament_index/resource_index/packages/ur_with_gripper_moveit_config
[0.777s] -- Installing: /home/levin/Semi-Automated-Programming-of-Industrial-Robotic-Systems-Using-Large-Language-Models/install/ur_with_gripper_moveit_config/share/ur_with_gripper_moveit_config/cmake/ur_with_gripper_moveit_configConfig.cmake
[0.777s] -- Installing: /home/levin/Semi-Automated-Programming-of-Industrial-Robotic-Systems-Using-Large-Language-Models/install/ur_with_gripper_moveit_config/share/ur_with_gripper_moveit_config/cmake/ur_with_gripper_moveit_configConfig-version.cmake
[0.777s] -- Installing: /home/levin/Semi-Automated-Programming-of-Industrial-Robotic-Systems-Using-Large-Language-Models/install/ur_with_gripper_moveit_config/share/ur_with_gripper_moveit_config/package.xml
[0.777s] -- Installing: /home/levin/Semi-Automated-Programming-of-Industrial-Robotic-Systems-Using-Large-Language-Models/install/ur_with_gripper_moveit_config/share/ur_with_gripper_moveit_config/launch
[0.777s] -- Installing: /home/levin/Semi-Automated-Programming-of-Industrial-Robotic-Systems-Using-Large-Language-Models/install/ur_with_gripper_moveit_config/share/ur_with_gripper_moveit_config/launch/rsp.launch.py
[0.777s] -- Installing: /home/levin/Semi-Automated-Programming-of-Industrial-Robotic-Systems-Using-Large-Language-Models/install/ur_with_gripper_moveit_config/share/ur_with_gripper_moveit_config/launch/moveit_rviz.launch.py
[0.777s] -- Installing: /home/levin/Semi-Automated-Programming-of-Industrial-Robotic-Systems-Using-Large-Language-Models/install/ur_with_gripper_moveit_config/share/ur_with_gripper_moveit_config/launch/demo.launch.py
[0.777s] -- Installing: /home/levin/Semi-Automated-Programming-of-Industrial-Robotic-Systems-Using-Large-Language-Models/install/ur_with_gripper_moveit_config/share/ur_with_gripper_moveit_config/launch/spawn_controllers.launch.py
[0.777s] -- Installing: /home/levin/Semi-Automated-Programming-of-Industrial-Robotic-Systems-Using-Large-Language-Models/install/ur_with_gripper_moveit_config/share/ur_with_gripper_moveit_config/launch/move_group.launch.py
[0.778s] -- Installing: /home/levin/Semi-Automated-Programming-of-Industrial-Robotic-Systems-Using-Large-Language-Models/install/ur_with_gripper_moveit_config/share/ur_with_gripper_moveit_config/launch/static_virtual_joint_tfs.launch.py
[0.778s] -- Installing: /home/levin/Semi-Automated-Programming-of-Industrial-Robotic-Systems-Using-Large-Language-Models/install/ur_with_gripper_moveit_config/share/ur_with_gripper_moveit_config/launch/warehouse_db.launch.py
[0.778s] -- Installing: /home/levin/Semi-Automated-Programming-of-Industrial-Robotic-Systems-Using-Large-Language-Models/install/ur_with_gripper_moveit_config/share/ur_with_gripper_moveit_config/launch/setup_assistant.launch.py
[0.778s] -- Installing: /home/levin/Semi-Automated-Programming-of-Industrial-Robotic-Systems-Using-Large-Language-Models/install/ur_with_gripper_moveit_config/share/ur_with_gripper_moveit_config/config
[0.778s] -- Installing: /home/levin/Semi-Automated-Programming-of-Industrial-Robotic-Systems-Using-Large-Language-Models/install/ur_with_gripper_moveit_config/share/ur_with_gripper_moveit_config/config/initial_positions.yaml
[0.778s] -- Installing: /home/levin/Semi-Automated-Programming-of-Industrial-Robotic-Systems-Using-Large-Language-Models/install/ur_with_gripper_moveit_config/share/ur_with_gripper_moveit_config/config/ur_servo.yaml
[0.778s] -- Installing: /home/levin/Semi-Automated-Programming-of-Industrial-Robotic-Systems-Using-Large-Language-Models/install/ur_with_gripper_moveit_config/share/ur_with_gripper_moveit_config/config/moveit.rviz
[0.778s] -- Installing: /home/levin/Semi-Automated-Programming-of-Industrial-Robotic-Systems-Using-Large-Language-Models/install/ur_with_gripper_moveit_config/share/ur_with_gripper_moveit_config/config/joint_limits.yaml
[0.778s] -- Installing: /home/levin/Semi-Automated-Programming-of-Industrial-Robotic-Systems-Using-Large-Language-Models/install/ur_with_gripper_moveit_config/share/ur_with_gripper_moveit_config/config/kinematics.yaml
[0.778s] -- Installing: /home/levin/Semi-Automated-Programming-of-Industrial-Robotic-Systems-Using-Large-Language-Models/install/ur_with_gripper_moveit_config/share/ur_with_gripper_moveit_config/config/ros2_controllers.yaml
[0.778s] -- Installing: /home/levin/Semi-Automated-Programming-of-Industrial-Robotic-Systems-Using-Large-Language-Models/install/ur_with_gripper_moveit_config/share/ur_with_gripper_moveit_config/config/pilz_cartesian_limits.yaml
[0.779s] -- Installing: /home/levin/Semi-Automated-Programming-of-Industrial-Robotic-Systems-Using-Large-Language-Models/install/ur_with_gripper_moveit_config/share/ur_with_gripper_moveit_config/config/ur.urdf.xacro
[0.779s] -- Installing: /home/levin/Semi-Automated-Programming-of-Industrial-Robotic-Systems-Using-Large-Language-Models/install/ur_with_gripper_moveit_config/share/ur_with_gripper_moveit_config/config/ur.ros2_control.xacro
[0.780s] -- Installing: /home/levin/Semi-Automated-Programming-of-Industrial-Robotic-Systems-Using-Large-Language-Models/install/ur_with_gripper_moveit_config/share/ur_with_gripper_moveit_config/config/ur.srdf
[0.780s] -- Installing: /home/levin/Semi-Automated-Programming-of-Industrial-Robotic-Systems-Using-Large-Language-Models/install/ur_with_gripper_moveit_config/share/ur_with_gripper_moveit_config/config/moveit_controllers.yaml
[0.781s] -- Installing: /home/levin/Semi-Automated-Programming-of-Industrial-Robotic-Systems-Using-Large-Language-Models/install/ur_with_gripper_moveit_config/share/ur_with_gripper_moveit_config/config/sensors_3d.yaml
[0.781s] -- Installing: /home/levin/Semi-Automated-Programming-of-Industrial-Robotic-Systems-Using-Large-Language-Models/install/ur_with_gripper_moveit_config/share/ur_with_gripper_moveit_config/.setup_assistant
[0.781s] Invoked command in '/home/levin/Semi-Automated-Programming-of-Industrial-Robotic-Systems-Using-Large-Language-Models/build/ur_with_gripper_moveit_config' returned '0': AMENT_PREFIX_PATH=/home/levin/Semi-Automated-Programming-of-Industrial-Robotic-Systems-Using-Large-Language-Models/install/ur_with_gripper:/home/levin/Semi-Automated-Programming-of-Industrial-Robotic-Systems-Using-Large-Language-Models/install/custom_gripper:${AMENT_PREFIX_PATH} CMAKE_PREFIX_PATH=/home/levin/Semi-Automated-Programming-of-Industrial-Robotic-Systems-Using-Large-Language-Models/install/ur_with_gripper:/home/levin/Semi-Automated-Programming-of-Industrial-Robotic-Systems-Using-Large-Language-Models/install/custom_gripper:/opt/ros/humble /usr/bin/cmake --install /home/levin/Semi-Automated-Programming-of-Industrial-Robotic-Systems-Using-Large-Language-Models/build/ur_with_gripper_moveit_config
