[0.119s] DEBUG:colcon:Command line arguments: ['/usr/bin/colcon', 'build']
[0.119s] DEBUG:colcon:Parsed command line arguments: Namespace(log_base=None, log_level=None, verb_name='build', build_base='build', install_base='install', merge_install=False, symlink_install=False, test_result_base=None, continue_on_error=False, executor='parallel', parallel_workers=20, event_handlers=None, ignore_user_meta=False, metas=['./colcon.meta'], base_paths=['.'], packages_ignore=None, packages_ignore_regex=None, paths=None, packages_up_to=None, packages_up_to_regex=None, packages_above=None, packages_above_and_dependencies=None, packages_above_depth=None, packages_select_by_dep=None, packages_skip_by_dep=None, packages_skip_up_to=None, packages_select_build_failed=False, packages_skip_build_finished=False, packages_select_test_failures=False, packages_skip_test_passed=False, packages_select=None, packages_skip=None, packages_select_regex=None, packages_skip_regex=None, packages_start=None, packages_end=None, allow_overriding=[], cmake_args=None, cmake_target=None, cmake_target_skip_unavailable=False, cmake_clean_cache=False, cmake_clean_first=False, cmake_force_configure=False, ament_cmake_args=None, catkin_cmake_args=None, catkin_skip_building_tests=False, verb_parser=<colcon_defaults.argument_parser.defaults.DefaultArgumentsDecorator object at 0x75efa4c6e380>, verb_extension=<colcon_core.verb.build.BuildVerb object at 0x75efa4d63760>, main=<bound method BuildVerb.main of <colcon_core.verb.build.BuildVerb object at 0x75efa4d63760>>)
[0.302s] Level 1:colcon.colcon_core.package_discovery:discover_packages(colcon_meta) check parameters
[0.303s] Level 1:colcon.colcon_core.package_discovery:discover_packages(recursive) check parameters
[0.303s] Level 1:colcon.colcon_core.package_discovery:discover_packages(ignore) check parameters
[0.303s] Level 1:colcon.colcon_core.package_discovery:discover_packages(path) check parameters
[0.303s] Level 1:colcon.colcon_core.package_discovery:discover_packages(colcon_meta) discover
[0.303s] Level 1:colcon.colcon_core.package_discovery:discover_packages(recursive) discover
[0.303s] INFO:colcon.colcon_core.package_discovery:Crawling recursively for packages in '/home/levin/Semi-Automated-Programming-of-Industrial-Robotic-Systems-Using-Large-Language-Models'
[0.303s] Level 1:colcon.colcon_core.package_identification:_identify(.) by extensions ['ignore', 'ignore_ament_install']
[0.303s] Level 1:colcon.colcon_core.package_identification:_identify(.) by extension 'ignore'
[0.303s] Level 1:colcon.colcon_core.package_identification:_identify(.) by extension 'ignore_ament_install'
[0.303s] Level 1:colcon.colcon_core.package_identification:_identify(.) by extensions ['colcon_pkg']
[0.303s] Level 1:colcon.colcon_core.package_identification:_identify(.) by extension 'colcon_pkg'
[0.303s] Level 1:colcon.colcon_core.package_identification:_identify(.) by extensions ['colcon_meta']
[0.303s] Level 1:colcon.colcon_core.package_identification:_identify(.) by extension 'colcon_meta'
[0.303s] Level 1:colcon.colcon_core.package_identification:_identify(.) by extensions ['ros']
[0.303s] Level 1:colcon.colcon_core.package_identification:_identify(.) by extension 'ros'
[0.313s] Level 1:colcon.colcon_core.package_identification:_identify(.) by extensions ['cmake', 'python']
[0.313s] Level 1:colcon.colcon_core.package_identification:_identify(.) by extension 'cmake'
[0.313s] Level 1:colcon.colcon_core.package_identification:_identify(.) by extension 'python'
[0.313s] Level 1:colcon.colcon_core.package_identification:_identify(.) by extensions ['python_setup_py']
[0.314s] Level 1:colcon.colcon_core.package_identification:_identify(.) by extension 'python_setup_py'
[0.314s] Level 1:colcon.colcon_core.package_identification:_identify(GUI) by extensions ['ignore', 'ignore_ament_install']
[0.314s] Level 1:colcon.colcon_core.package_identification:_identify(GUI) by extension 'ignore'
[0.314s] Level 1:colcon.colcon_core.package_identification:_identify(GUI) by extension 'ignore_ament_install'
[0.314s] Level 1:colcon.colcon_core.package_identification:_identify(GUI) by extensions ['colcon_pkg']
[0.314s] Level 1:colcon.colcon_core.package_identification:_identify(GUI) by extension 'colcon_pkg'
[0.314s] Level 1:colcon.colcon_core.package_identification:_identify(GUI) by extensions ['colcon_meta']
[0.314s] Level 1:colcon.colcon_core.package_identification:_identify(GUI) by extension 'colcon_meta'
[0.314s] Level 1:colcon.colcon_core.package_identification:_identify(GUI) by extensions ['ros']
[0.314s] Level 1:colcon.colcon_core.package_identification:_identify(GUI) by extension 'ros'
[0.314s] Level 1:colcon.colcon_core.package_identification:_identify(GUI) by extensions ['cmake', 'python']
[0.314s] Level 1:colcon.colcon_core.package_identification:_identify(GUI) by extension 'cmake'
[0.314s] Level 1:colcon.colcon_core.package_identification:_identify(GUI) by extension 'python'
[0.314s] Level 1:colcon.colcon_core.package_identification:_identify(GUI) by extensions ['python_setup_py']
[0.314s] Level 1:colcon.colcon_core.package_identification:_identify(GUI) by extension 'python_setup_py'
[0.314s] Level 1:colcon.colcon_core.package_identification:_identify(GUI/PROBOT_GUI) by extensions ['ignore', 'ignore_ament_install']
[0.314s] Level 1:colcon.colcon_core.package_identification:_identify(GUI/PROBOT_GUI) by extension 'ignore'
[0.314s] Level 1:colcon.colcon_core.package_identification:_identify(GUI/PROBOT_GUI) by extension 'ignore_ament_install'
[0.314s] Level 1:colcon.colcon_core.package_identification:_identify(GUI/PROBOT_GUI) by extensions ['colcon_pkg']
[0.314s] Level 1:colcon.colcon_core.package_identification:_identify(GUI/PROBOT_GUI) by extension 'colcon_pkg'
[0.314s] Level 1:colcon.colcon_core.package_identification:_identify(GUI/PROBOT_GUI) by extensions ['colcon_meta']
[0.314s] Level 1:colcon.colcon_core.package_identification:_identify(GUI/PROBOT_GUI) by extension 'colcon_meta'
[0.314s] Level 1:colcon.colcon_core.package_identification:_identify(GUI/PROBOT_GUI) by extensions ['ros']
[0.314s] Level 1:colcon.colcon_core.package_identification:_identify(GUI/PROBOT_GUI) by extension 'ros'
[0.314s] Level 1:colcon.colcon_core.package_identification:_identify(GUI/PROBOT_GUI) by extensions ['cmake', 'python']
[0.314s] Level 1:colcon.colcon_core.package_identification:_identify(GUI/PROBOT_GUI) by extension 'cmake'
[0.314s] Level 1:colcon.colcon_core.package_identification:_identify(GUI/PROBOT_GUI) by extension 'python'
[0.314s] Level 1:colcon.colcon_core.package_identification:_identify(GUI/PROBOT_GUI) by extensions ['python_setup_py']
[0.314s] Level 1:colcon.colcon_core.package_identification:_identify(GUI/PROBOT_GUI) by extension 'python_setup_py'
[0.314s] Level 1:colcon.colcon_core.package_identification:_identify(GUI/PROBOT_GUI/Alt) by extensions ['ignore', 'ignore_ament_install']
[0.314s] Level 1:colcon.colcon_core.package_identification:_identify(GUI/PROBOT_GUI/Alt) by extension 'ignore'
[0.315s] Level 1:colcon.colcon_core.package_identification:_identify(GUI/PROBOT_GUI/Alt) by extension 'ignore_ament_install'
[0.315s] Level 1:colcon.colcon_core.package_identification:_identify(GUI/PROBOT_GUI/Alt) by extensions ['colcon_pkg']
[0.315s] Level 1:colcon.colcon_core.package_identification:_identify(GUI/PROBOT_GUI/Alt) by extension 'colcon_pkg'
[0.315s] Level 1:colcon.colcon_core.package_identification:_identify(GUI/PROBOT_GUI/Alt) by extensions ['colcon_meta']
[0.315s] Level 1:colcon.colcon_core.package_identification:_identify(GUI/PROBOT_GUI/Alt) by extension 'colcon_meta'
[0.315s] Level 1:colcon.colcon_core.package_identification:_identify(GUI/PROBOT_GUI/Alt) by extensions ['ros']
[0.315s] Level 1:colcon.colcon_core.package_identification:_identify(GUI/PROBOT_GUI/Alt) by extension 'ros'
[0.315s] Level 1:colcon.colcon_core.package_identification:_identify(GUI/PROBOT_GUI/Alt) by extensions ['cmake', 'python']
[0.315s] Level 1:colcon.colcon_core.package_identification:_identify(GUI/PROBOT_GUI/Alt) by extension 'cmake'
[0.315s] Level 1:colcon.colcon_core.package_identification:_identify(GUI/PROBOT_GUI/Alt) by extension 'python'
[0.315s] Level 1:colcon.colcon_core.package_identification:_identify(GUI/PROBOT_GUI/Alt) by extensions ['python_setup_py']
[0.315s] Level 1:colcon.colcon_core.package_identification:_identify(GUI/PROBOT_GUI/Alt) by extension 'python_setup_py'
[0.315s] Level 1:colcon.colcon_core.package_identification:_identify(GUI/PROBOT_GUI/Resources) by extensions ['ignore', 'ignore_ament_install']
[0.315s] Level 1:colcon.colcon_core.package_identification:_identify(GUI/PROBOT_GUI/Resources) by extension 'ignore'
[0.315s] Level 1:colcon.colcon_core.package_identification:_identify(GUI/PROBOT_GUI/Resources) by extension 'ignore_ament_install'
[0.315s] Level 1:colcon.colcon_core.package_identification:_identify(GUI/PROBOT_GUI/Resources) by extensions ['colcon_pkg']
[0.315s] Level 1:colcon.colcon_core.package_identification:_identify(GUI/PROBOT_GUI/Resources) by extension 'colcon_pkg'
[0.315s] Level 1:colcon.colcon_core.package_identification:_identify(GUI/PROBOT_GUI/Resources) by extensions ['colcon_meta']
[0.315s] Level 1:colcon.colcon_core.package_identification:_identify(GUI/PROBOT_GUI/Resources) by extension 'colcon_meta'
[0.315s] Level 1:colcon.colcon_core.package_identification:_identify(GUI/PROBOT_GUI/Resources) by extensions ['ros']
[0.315s] Level 1:colcon.colcon_core.package_identification:_identify(GUI/PROBOT_GUI/Resources) by extension 'ros'
[0.315s] Level 1:colcon.colcon_core.package_identification:_identify(GUI/PROBOT_GUI/Resources) by extensions ['cmake', 'python']
[0.315s] Level 1:colcon.colcon_core.package_identification:_identify(GUI/PROBOT_GUI/Resources) by extension 'cmake'
[0.315s] Level 1:colcon.colcon_core.package_identification:_identify(GUI/PROBOT_GUI/Resources) by extension 'python'
[0.315s] Level 1:colcon.colcon_core.package_identification:_identify(GUI/PROBOT_GUI/Resources) by extensions ['python_setup_py']
[0.315s] Level 1:colcon.colcon_core.package_identification:_identify(GUI/PROBOT_GUI/Resources) by extension 'python_setup_py'
[0.315s] Level 1:colcon.colcon_core.package_identification:_identify(build) by extensions ['ignore', 'ignore_ament_install']
[0.315s] Level 1:colcon.colcon_core.package_identification:_identify(build) by extension 'ignore'
[0.315s] Level 1:colcon.colcon_core.package_identification:_identify(build) ignored
[0.315s] Level 1:colcon.colcon_core.package_identification:_identify(install) by extensions ['ignore', 'ignore_ament_install']
[0.315s] Level 1:colcon.colcon_core.package_identification:_identify(install) by extension 'ignore'
[0.315s] Level 1:colcon.colcon_core.package_identification:_identify(install) ignored
[0.315s] Level 1:colcon.colcon_core.package_identification:_identify(log) by extensions ['ignore', 'ignore_ament_install']
[0.315s] Level 1:colcon.colcon_core.package_identification:_identify(log) by extension 'ignore'
[0.315s] Level 1:colcon.colcon_core.package_identification:_identify(log) ignored
[0.316s] Level 1:colcon.colcon_core.package_identification:_identify(src) by extensions ['ignore', 'ignore_ament_install']
[0.316s] Level 1:colcon.colcon_core.package_identification:_identify(src) by extension 'ignore'
[0.316s] Level 1:colcon.colcon_core.package_identification:_identify(src) by extension 'ignore_ament_install'
[0.316s] Level 1:colcon.colcon_core.package_identification:_identify(src) by extensions ['colcon_pkg']
[0.316s] Level 1:colcon.colcon_core.package_identification:_identify(src) by extension 'colcon_pkg'
[0.316s] Level 1:colcon.colcon_core.package_identification:_identify(src) by extensions ['colcon_meta']
[0.316s] Level 1:colcon.colcon_core.package_identification:_identify(src) by extension 'colcon_meta'
[0.316s] Level 1:colcon.colcon_core.package_identification:_identify(src) by extensions ['ros']
[0.316s] Level 1:colcon.colcon_core.package_identification:_identify(src) by extension 'ros'
[0.316s] Level 1:colcon.colcon_core.package_identification:_identify(src) by extensions ['cmake', 'python']
[0.316s] Level 1:colcon.colcon_core.package_identification:_identify(src) by extension 'cmake'
[0.316s] Level 1:colcon.colcon_core.package_identification:_identify(src) by extension 'python'
[0.316s] Level 1:colcon.colcon_core.package_identification:_identify(src) by extensions ['python_setup_py']
[0.316s] Level 1:colcon.colcon_core.package_identification:_identify(src) by extension 'python_setup_py'
[0.316s] Level 1:colcon.colcon_core.package_identification:_identify(src/custom_gripper) by extensions ['ignore', 'ignore_ament_install']
[0.316s] Level 1:colcon.colcon_core.package_identification:_identify(src/custom_gripper) by extension 'ignore'
[0.316s] Level 1:colcon.colcon_core.package_identification:_identify(src/custom_gripper) by extension 'ignore_ament_install'
[0.316s] Level 1:colcon.colcon_core.package_identification:_identify(src/custom_gripper) by extensions ['colcon_pkg']
[0.316s] Level 1:colcon.colcon_core.package_identification:_identify(src/custom_gripper) by extension 'colcon_pkg'
[0.316s] Level 1:colcon.colcon_core.package_identification:_identify(src/custom_gripper) by extensions ['colcon_meta']
[0.316s] Level 1:colcon.colcon_core.package_identification:_identify(src/custom_gripper) by extension 'colcon_meta'
[0.316s] Level 1:colcon.colcon_core.package_identification:_identify(src/custom_gripper) by extensions ['ros']
[0.316s] Level 1:colcon.colcon_core.package_identification:_identify(src/custom_gripper) by extension 'ros'
[0.321s] DEBUG:colcon.colcon_core.package_identification:Package 'src/custom_gripper' with type 'ros.ament_cmake' and name 'custom_gripper'
[0.321s] Level 1:colcon.colcon_core.package_identification:_identify(src/pymoveit2) by extensions ['ignore', 'ignore_ament_install']
[0.321s] Level 1:colcon.colcon_core.package_identification:_identify(src/pymoveit2) by extension 'ignore'
[0.321s] Level 1:colcon.colcon_core.package_identification:_identify(src/pymoveit2) by extension 'ignore_ament_install'
[0.321s] Level 1:colcon.colcon_core.package_identification:_identify(src/pymoveit2) by extensions ['colcon_pkg']
[0.321s] Level 1:colcon.colcon_core.package_identification:_identify(src/pymoveit2) by extension 'colcon_pkg'
[0.321s] Level 1:colcon.colcon_core.package_identification:_identify(src/pymoveit2) by extensions ['colcon_meta']
[0.321s] Level 1:colcon.colcon_core.package_identification:_identify(src/pymoveit2) by extension 'colcon_meta'
[0.321s] Level 1:colcon.colcon_core.package_identification:_identify(src/pymoveit2) by extensions ['ros']
[0.321s] Level 1:colcon.colcon_core.package_identification:_identify(src/pymoveit2) by extension 'ros'
[0.322s] Level 1:colcon.colcon_core.package_identification:_identify(src/pymoveit2) by extensions ['cmake', 'python']
[0.322s] Level 1:colcon.colcon_core.package_identification:_identify(src/pymoveit2) by extension 'cmake'
[0.322s] Level 1:colcon.colcon_core.package_identification:_identify(src/pymoveit2) by extension 'python'
[0.322s] Level 1:colcon.colcon_core.package_identification:_identify(src/pymoveit2) by extensions ['python_setup_py']
[0.322s] Level 1:colcon.colcon_core.package_identification:_identify(src/pymoveit2) by extension 'python_setup_py'
[0.322s] Level 1:colcon.colcon_core.package_identification:_identify(src/ur10e_control) by extensions ['ignore', 'ignore_ament_install']
[0.322s] Level 1:colcon.colcon_core.package_identification:_identify(src/ur10e_control) by extension 'ignore'
[0.322s] Level 1:colcon.colcon_core.package_identification:_identify(src/ur10e_control) by extension 'ignore_ament_install'
[0.322s] Level 1:colcon.colcon_core.package_identification:_identify(src/ur10e_control) by extensions ['colcon_pkg']
[0.322s] Level 1:colcon.colcon_core.package_identification:_identify(src/ur10e_control) by extension 'colcon_pkg'
[0.322s] Level 1:colcon.colcon_core.package_identification:_identify(src/ur10e_control) by extensions ['colcon_meta']
[0.322s] Level 1:colcon.colcon_core.package_identification:_identify(src/ur10e_control) by extension 'colcon_meta'
[0.322s] Level 1:colcon.colcon_core.package_identification:_identify(src/ur10e_control) by extensions ['ros']
[0.322s] Level 1:colcon.colcon_core.package_identification:_identify(src/ur10e_control) by extension 'ros'
[0.322s] DEBUG:colcon.colcon_core.package_identification:Package 'src/ur10e_control' with type 'ros.ament_cmake' and name 'ur10e_control'
[0.322s] Level 1:colcon.colcon_core.package_identification:_identify(src/ur10e_hl_interface) by extensions ['ignore', 'ignore_ament_install']
[0.322s] Level 1:colcon.colcon_core.package_identification:_identify(src/ur10e_hl_interface) by extension 'ignore'
[0.322s] Level 1:colcon.colcon_core.package_identification:_identify(src/ur10e_hl_interface) by extension 'ignore_ament_install'
[0.322s] Level 1:colcon.colcon_core.package_identification:_identify(src/ur10e_hl_interface) by extensions ['colcon_pkg']
[0.322s] Level 1:colcon.colcon_core.package_identification:_identify(src/ur10e_hl_interface) by extension 'colcon_pkg'
[0.322s] Level 1:colcon.colcon_core.package_identification:_identify(src/ur10e_hl_interface) by extensions ['colcon_meta']
[0.323s] Level 1:colcon.colcon_core.package_identification:_identify(src/ur10e_hl_interface) by extension 'colcon_meta'
[0.323s] Level 1:colcon.colcon_core.package_identification:_identify(src/ur10e_hl_interface) by extensions ['ros']
[0.323s] Level 1:colcon.colcon_core.package_identification:_identify(src/ur10e_hl_interface) by extension 'ros'
[0.343s] DEBUG:colcon.colcon_core.package_identification:Package 'src/ur10e_hl_interface' with type 'ros.ament_cmake' and name 'ur10e_hl_interface'
[0.344s] Level 1:colcon.colcon_core.package_identification:_identify(src/ur_with_gripper) by extensions ['ignore', 'ignore_ament_install']
[0.344s] Level 1:colcon.colcon_core.package_identification:_identify(src/ur_with_gripper) by extension 'ignore'
[0.344s] Level 1:colcon.colcon_core.package_identification:_identify(src/ur_with_gripper) by extension 'ignore_ament_install'
[0.344s] Level 1:colcon.colcon_core.package_identification:_identify(src/ur_with_gripper) by extensions ['colcon_pkg']
[0.344s] Level 1:colcon.colcon_core.package_identification:_identify(src/ur_with_gripper) by extension 'colcon_pkg'
[0.344s] Level 1:colcon.colcon_core.package_identification:_identify(src/ur_with_gripper) by extensions ['colcon_meta']
[0.344s] Level 1:colcon.colcon_core.package_identification:_identify(src/ur_with_gripper) by extension 'colcon_meta'
[0.344s] Level 1:colcon.colcon_core.package_identification:_identify(src/ur_with_gripper) by extensions ['ros']
[0.344s] Level 1:colcon.colcon_core.package_identification:_identify(src/ur_with_gripper) by extension 'ros'
[0.345s] DEBUG:colcon.colcon_core.package_identification:Package 'src/ur_with_gripper' with type 'ros.ament_cmake' and name 'ur_with_gripper'
[0.345s] Level 1:colcon.colcon_core.package_identification:_identify(src/ur_with_gripper_moveit_config) by extensions ['ignore', 'ignore_ament_install']
[0.345s] Level 1:colcon.colcon_core.package_identification:_identify(src/ur_with_gripper_moveit_config) by extension 'ignore'
[0.345s] Level 1:colcon.colcon_core.package_identification:_identify(src/ur_with_gripper_moveit_config) by extension 'ignore_ament_install'
[0.345s] Level 1:colcon.colcon_core.package_identification:_identify(src/ur_with_gripper_moveit_config) by extensions ['colcon_pkg']
[0.345s] Level 1:colcon.colcon_core.package_identification:_identify(src/ur_with_gripper_moveit_config) by extension 'colcon_pkg'
[0.345s] Level 1:colcon.colcon_core.package_identification:_identify(src/ur_with_gripper_moveit_config) by extensions ['colcon_meta']
[0.345s] Level 1:colcon.colcon_core.package_identification:_identify(src/ur_with_gripper_moveit_config) by extension 'colcon_meta'
[0.345s] Level 1:colcon.colcon_core.package_identification:_identify(src/ur_with_gripper_moveit_config) by extensions ['ros']
[0.345s] Level 1:colcon.colcon_core.package_identification:_identify(src/ur_with_gripper_moveit_config) by extension 'ros'
[0.346s] DEBUG:colcon.colcon_core.package_identification:Package 'src/ur_with_gripper_moveit_config' with type 'ros.ament_cmake' and name 'ur_with_gripper_moveit_config'
[0.346s] Level 1:colcon.colcon_core.package_discovery:discover_packages(recursive) using defaults
[0.346s] Level 1:colcon.colcon_core.package_discovery:discover_packages(ignore) discover
[0.346s] Level 1:colcon.colcon_core.package_discovery:discover_packages(ignore) using defaults
[0.346s] Level 1:colcon.colcon_core.package_discovery:discover_packages(path) discover
[0.346s] Level 1:colcon.colcon_core.package_discovery:discover_packages(path) using defaults
[0.366s] Level 1:colcon.colcon_core.package_discovery:discover_packages(prefix_path) check parameters
[0.366s] Level 1:colcon.colcon_core.package_discovery:discover_packages(prefix_path) discover
[0.368s] DEBUG:colcon.colcon_installed_package_information.package_discovery:Found 443 installed packages in /opt/ros/humble
[0.371s] Level 1:colcon.colcon_core.package_discovery:discover_packages(prefix_path) using defaults
[0.406s] Level 5:colcon.colcon_core.verb:set package 'custom_gripper' build argument 'cmake_args' from command line to 'None'
[0.406s] Level 5:colcon.colcon_core.verb:set package 'custom_gripper' build argument 'cmake_target' from command line to 'None'
[0.406s] Level 5:colcon.colcon_core.verb:set package 'custom_gripper' build argument 'cmake_target_skip_unavailable' from command line to 'False'
[0.406s] Level 5:colcon.colcon_core.verb:set package 'custom_gripper' build argument 'cmake_clean_cache' from command line to 'False'
[0.406s] Level 5:colcon.colcon_core.verb:set package 'custom_gripper' build argument 'cmake_clean_first' from command line to 'False'
[0.406s] Level 5:colcon.colcon_core.verb:set package 'custom_gripper' build argument 'cmake_force_configure' from command line to 'False'
[0.406s] Level 5:colcon.colcon_core.verb:set package 'custom_gripper' build argument 'ament_cmake_args' from command line to 'None'
[0.406s] Level 5:colcon.colcon_core.verb:set package 'custom_gripper' build argument 'catkin_cmake_args' from command line to 'None'
[0.406s] Level 5:colcon.colcon_core.verb:set package 'custom_gripper' build argument 'catkin_skip_building_tests' from command line to 'False'
[0.406s] DEBUG:colcon.colcon_core.verb:Building package 'custom_gripper' with the following arguments: {'ament_cmake_args': None, 'build_base': '/home/levin/Semi-Automated-Programming-of-Industrial-Robotic-Systems-Using-Large-Language-Models/build/custom_gripper', 'catkin_cmake_args': None, 'catkin_skip_building_tests': False, 'cmake_args': None, 'cmake_clean_cache': False, 'cmake_clean_first': False, 'cmake_force_configure': False, 'cmake_target': None, 'cmake_target_skip_unavailable': False, 'install_base': '/home/levin/Semi-Automated-Programming-of-Industrial-Robotic-Systems-Using-Large-Language-Models/install/custom_gripper', 'merge_install': False, 'path': '/home/levin/Semi-Automated-Programming-of-Industrial-Robotic-Systems-Using-Large-Language-Models/src/custom_gripper', 'symlink_install': False, 'test_result_base': None}
[0.406s] Level 5:colcon.colcon_core.verb:set package 'ur10e_control' build argument 'cmake_args' from command line to 'None'
[0.406s] Level 5:colcon.colcon_core.verb:set package 'ur10e_control' build argument 'cmake_target' from command line to 'None'
[0.406s] Level 5:colcon.colcon_core.verb:set package 'ur10e_control' build argument 'cmake_target_skip_unavailable' from command line to 'False'
[0.406s] Level 5:colcon.colcon_core.verb:set package 'ur10e_control' build argument 'cmake_clean_cache' from command line to 'False'
[0.406s] Level 5:colcon.colcon_core.verb:set package 'ur10e_control' build argument 'cmake_clean_first' from command line to 'False'
[0.406s] Level 5:colcon.colcon_core.verb:set package 'ur10e_control' build argument 'cmake_force_configure' from command line to 'False'
[0.406s] Level 5:colcon.colcon_core.verb:set package 'ur10e_control' build argument 'ament_cmake_args' from command line to 'None'
[0.406s] Level 5:colcon.colcon_core.verb:set package 'ur10e_control' build argument 'catkin_cmake_args' from command line to 'None'
[0.406s] Level 5:colcon.colcon_core.verb:set package 'ur10e_control' build argument 'catkin_skip_building_tests' from command line to 'False'
[0.406s] DEBUG:colcon.colcon_core.verb:Building package 'ur10e_control' with the following arguments: {'ament_cmake_args': None, 'build_base': '/home/levin/Semi-Automated-Programming-of-Industrial-Robotic-Systems-Using-Large-Language-Models/build/ur10e_control', 'catkin_cmake_args': None, 'catkin_skip_building_tests': False, 'cmake_args': None, 'cmake_clean_cache': False, 'cmake_clean_first': False, 'cmake_force_configure': False, 'cmake_target': None, 'cmake_target_skip_unavailable': False, 'install_base': '/home/levin/Semi-Automated-Programming-of-Industrial-Robotic-Systems-Using-Large-Language-Models/install/ur10e_control', 'merge_install': False, 'path': '/home/levin/Semi-Automated-Programming-of-Industrial-Robotic-Systems-Using-Large-Language-Models/src/ur10e_control', 'symlink_install': False, 'test_result_base': None}
[0.407s] Level 5:colcon.colcon_core.verb:set package 'ur10e_hl_interface' build argument 'cmake_args' from command line to 'None'
[0.407s] Level 5:colcon.colcon_core.verb:set package 'ur10e_hl_interface' build argument 'cmake_target' from command line to 'None'
[0.407s] Level 5:colcon.colcon_core.verb:set package 'ur10e_hl_interface' build argument 'cmake_target_skip_unavailable' from command line to 'False'
[0.407s] Level 5:colcon.colcon_core.verb:set package 'ur10e_hl_interface' build argument 'cmake_clean_cache' from command line to 'False'
[0.407s] Level 5:colcon.colcon_core.verb:set package 'ur10e_hl_interface' build argument 'cmake_clean_first' from command line to 'False'
[0.407s] Level 5:colcon.colcon_core.verb:set package 'ur10e_hl_interface' build argument 'cmake_force_configure' from command line to 'False'
[0.407s] Level 5:colcon.colcon_core.verb:set package 'ur10e_hl_interface' build argument 'ament_cmake_args' from command line to 'None'
[0.407s] Level 5:colcon.colcon_core.verb:set package 'ur10e_hl_interface' build argument 'catkin_cmake_args' from command line to 'None'
[0.407s] Level 5:colcon.colcon_core.verb:set package 'ur10e_hl_interface' build argument 'catkin_skip_building_tests' from command line to 'False'
[0.407s] DEBUG:colcon.colcon_core.verb:Building package 'ur10e_hl_interface' with the following arguments: {'ament_cmake_args': None, 'build_base': '/home/levin/Semi-Automated-Programming-of-Industrial-Robotic-Systems-Using-Large-Language-Models/build/ur10e_hl_interface', 'catkin_cmake_args': None, 'catkin_skip_building_tests': False, 'cmake_args': None, 'cmake_clean_cache': False, 'cmake_clean_first': False, 'cmake_force_configure': False, 'cmake_target': None, 'cmake_target_skip_unavailable': False, 'install_base': '/home/levin/Semi-Automated-Programming-of-Industrial-Robotic-Systems-Using-Large-Language-Models/install/ur10e_hl_interface', 'merge_install': False, 'path': '/home/levin/Semi-Automated-Programming-of-Industrial-Robotic-Systems-Using-Large-Language-Models/src/ur10e_hl_interface', 'symlink_install': False, 'test_result_base': None}
[0.407s] Level 5:colcon.colcon_core.verb:set package 'ur_with_gripper' build argument 'cmake_args' from command line to 'None'
[0.407s] Level 5:colcon.colcon_core.verb:set package 'ur_with_gripper' build argument 'cmake_target' from command line to 'None'
[0.407s] Level 5:colcon.colcon_core.verb:set package 'ur_with_gripper' build argument 'cmake_target_skip_unavailable' from command line to 'False'
[0.407s] Level 5:colcon.colcon_core.verb:set package 'ur_with_gripper' build argument 'cmake_clean_cache' from command line to 'False'
[0.407s] Level 5:colcon.colcon_core.verb:set package 'ur_with_gripper' build argument 'cmake_clean_first' from command line to 'False'
[0.407s] Level 5:colcon.colcon_core.verb:set package 'ur_with_gripper' build argument 'cmake_force_configure' from command line to 'False'
[0.407s] Level 5:colcon.colcon_core.verb:set package 'ur_with_gripper' build argument 'ament_cmake_args' from command line to 'None'
[0.407s] Level 5:colcon.colcon_core.verb:set package 'ur_with_gripper' build argument 'catkin_cmake_args' from command line to 'None'
[0.407s] Level 5:colcon.colcon_core.verb:set package 'ur_with_gripper' build argument 'catkin_skip_building_tests' from command line to 'False'
[0.407s] DEBUG:colcon.colcon_core.verb:Building package 'ur_with_gripper' with the following arguments: {'ament_cmake_args': None, 'build_base': '/home/levin/Semi-Automated-Programming-of-Industrial-Robotic-Systems-Using-Large-Language-Models/build/ur_with_gripper', 'catkin_cmake_args': None, 'catkin_skip_building_tests': False, 'cmake_args': None, 'cmake_clean_cache': False, 'cmake_clean_first': False, 'cmake_force_configure': False, 'cmake_target': None, 'cmake_target_skip_unavailable': False, 'install_base': '/home/levin/Semi-Automated-Programming-of-Industrial-Robotic-Systems-Using-Large-Language-Models/install/ur_with_gripper', 'merge_install': False, 'path': '/home/levin/Semi-Automated-Programming-of-Industrial-Robotic-Systems-Using-Large-Language-Models/src/ur_with_gripper', 'symlink_install': False, 'test_result_base': None}
[0.407s] Level 5:colcon.colcon_core.verb:set package 'ur_with_gripper_moveit_config' build argument 'cmake_args' from command line to 'None'
[0.407s] Level 5:colcon.colcon_core.verb:set package 'ur_with_gripper_moveit_config' build argument 'cmake_target' from command line to 'None'
[0.407s] Level 5:colcon.colcon_core.verb:set package 'ur_with_gripper_moveit_config' build argument 'cmake_target_skip_unavailable' from command line to 'False'
[0.407s] Level 5:colcon.colcon_core.verb:set package 'ur_with_gripper_moveit_config' build argument 'cmake_clean_cache' from command line to 'False'
[0.407s] Level 5:colcon.colcon_core.verb:set package 'ur_with_gripper_moveit_config' build argument 'cmake_clean_first' from command line to 'False'
[0.407s] Level 5:colcon.colcon_core.verb:set package 'ur_with_gripper_moveit_config' build argument 'cmake_force_configure' from command line to 'False'
[0.407s] Level 5:colcon.colcon_core.verb:set package 'ur_with_gripper_moveit_config' build argument 'ament_cmake_args' from command line to 'None'
[0.407s] Level 5:colcon.colcon_core.verb:set package 'ur_with_gripper_moveit_config' build argument 'catkin_cmake_args' from command line to 'None'
[0.407s] Level 5:colcon.colcon_core.verb:set package 'ur_with_gripper_moveit_config' build argument 'catkin_skip_building_tests' from command line to 'False'
[0.407s] DEBUG:colcon.colcon_core.verb:Building package 'ur_with_gripper_moveit_config' with the following arguments: {'ament_cmake_args': None, 'build_base': '/home/levin/Semi-Automated-Programming-of-Industrial-Robotic-Systems-Using-Large-Language-Models/build/ur_with_gripper_moveit_config', 'catkin_cmake_args': None, 'catkin_skip_building_tests': False, 'cmake_args': None, 'cmake_clean_cache': False, 'cmake_clean_first': False, 'cmake_force_configure': False, 'cmake_target': None, 'cmake_target_skip_unavailable': False, 'install_base': '/home/levin/Semi-Automated-Programming-of-Industrial-Robotic-Systems-Using-Large-Language-Models/install/ur_with_gripper_moveit_config', 'merge_install': False, 'path': '/home/levin/Semi-Automated-Programming-of-Industrial-Robotic-Systems-Using-Large-Language-Models/src/ur_with_gripper_moveit_config', 'symlink_install': False, 'test_result_base': None}
[0.407s] INFO:colcon.colcon_core.executor:Executing jobs using 'parallel' executor
[0.409s] DEBUG:colcon.colcon_parallel_executor.executor.parallel:run_until_complete
[0.409s] INFO:colcon.colcon_ros.task.ament_cmake.build:Building ROS package in '/home/levin/Semi-Automated-Programming-of-Industrial-Robotic-Systems-Using-Large-Language-Models/src/custom_gripper' with build type 'ament_cmake'
[0.409s] INFO:colcon.colcon_cmake.task.cmake.build:Building CMake package in '/home/levin/Semi-Automated-Programming-of-Industrial-Robotic-Systems-Using-Large-Language-Models/src/custom_gripper'
[0.413s] INFO:colcon.colcon_core.plugin_system:Skipping extension 'colcon_core.shell.bat': Not used on non-Windows systems
[0.413s] INFO:colcon.colcon_core.shell:Skip shell extension 'powershell' for command environment: Not usable outside of PowerShell
[0.413s] DEBUG:colcon.colcon_core.shell:Skip shell extension 'dsv' for command environment
[0.416s] INFO:colcon.colcon_ros.task.ament_cmake.build:Building ROS package in '/home/levin/Semi-Automated-Programming-of-Industrial-Robotic-Systems-Using-Large-Language-Models/src/ur10e_control' with build type 'ament_cmake'
[0.416s] INFO:colcon.colcon_cmake.task.cmake.build:Building CMake package in '/home/levin/Semi-Automated-Programming-of-Industrial-Robotic-Systems-Using-Large-Language-Models/src/ur10e_control'
[0.416s] INFO:colcon.colcon_core.shell:Skip shell extension 'powershell' for command environment: Not usable outside of PowerShell
[0.416s] DEBUG:colcon.colcon_core.shell:Skip shell extension 'dsv' for command environment
[0.419s] INFO:colcon.colcon_ros.task.ament_cmake.build:Building ROS package in '/home/levin/Semi-Automated-Programming-of-Industrial-Robotic-Systems-Using-Large-Language-Models/src/ur10e_hl_interface' with build type 'ament_cmake'
[0.419s] INFO:colcon.colcon_cmake.task.cmake.build:Building CMake package in '/home/levin/Semi-Automated-Programming-of-Industrial-Robotic-Systems-Using-Large-Language-Models/src/ur10e_hl_interface'
[0.419s] INFO:colcon.colcon_core.shell:Skip shell extension 'powershell' for command environment: Not usable outside of PowerShell
[0.419s] DEBUG:colcon.colcon_core.shell:Skip shell extension 'dsv' for command environment
[0.424s] DEBUG:colcon.colcon_core.event_handler.log_command:Invoking command in '/home/levin/Semi-Automated-Programming-of-Industrial-Robotic-Systems-Using-Large-Language-Models/build/custom_gripper': CMAKE_PREFIX_PATH=/opt/ros/humble /usr/bin/cmake /home/levin/Semi-Automated-Programming-of-Industrial-Robotic-Systems-Using-Large-Language-Models/src/custom_gripper -DCMAKE_INSTALL_PREFIX=/home/levin/Semi-Automated-Programming-of-Industrial-Robotic-Systems-Using-Large-Language-Models/install/custom_gripper
[0.425s] DEBUG:colcon.colcon_core.event_handler.log_command:Invoking command in '/home/levin/Semi-Automated-Programming-of-Industrial-Robotic-Systems-Using-Large-Language-Models/build/ur10e_control': CMAKE_PREFIX_PATH=/opt/ros/humble /usr/bin/cmake /home/levin/Semi-Automated-Programming-of-Industrial-Robotic-Systems-Using-Large-Language-Models/src/ur10e_control -DCMAKE_INSTALL_PREFIX=/home/levin/Semi-Automated-Programming-of-Industrial-Robotic-Systems-Using-Large-Language-Models/install/ur10e_control
[0.428s] DEBUG:colcon.colcon_core.event_handler.log_command:Invoking command in '/home/levin/Semi-Automated-Programming-of-Industrial-Robotic-Systems-Using-Large-Language-Models/build/ur10e_hl_interface': CMAKE_PREFIX_PATH=/opt/ros/humble /usr/bin/cmake /home/levin/Semi-Automated-Programming-of-Industrial-Robotic-Systems-Using-Large-Language-Models/src/ur10e_hl_interface -DCMAKE_INSTALL_PREFIX=/home/levin/Semi-Automated-Programming-of-Industrial-Robotic-Systems-Using-Large-Language-Models/install/ur10e_hl_interface
[1.084s] DEBUG:colcon.colcon_core.event_handler.log_command:Invoked command in '/home/levin/Semi-Automated-Programming-of-Industrial-Robotic-Systems-Using-Large-Language-Models/build/custom_gripper' returned '0': CMAKE_PREFIX_PATH=/opt/ros/humble /usr/bin/cmake /home/levin/Semi-Automated-Programming-of-Industrial-Robotic-Systems-Using-Large-Language-Models/src/custom_gripper -DCMAKE_INSTALL_PREFIX=/home/levin/Semi-Automated-Programming-of-Industrial-Robotic-Systems-Using-Large-Language-Models/install/custom_gripper
[1.087s] DEBUG:colcon.colcon_core.event_handler.log_command:Invoking command in '/home/levin/Semi-Automated-Programming-of-Industrial-Robotic-Systems-Using-Large-Language-Models/build/custom_gripper': CMAKE_PREFIX_PATH=/opt/ros/humble /usr/bin/cmake --build /home/levin/Semi-Automated-Programming-of-Industrial-Robotic-Systems-Using-Large-Language-Models/build/custom_gripper -- -j20 -l20
[1.134s] DEBUG:colcon.colcon_core.event_handler.log_command:Invoked command in '/home/levin/Semi-Automated-Programming-of-Industrial-Robotic-Systems-Using-Large-Language-Models/build/custom_gripper' returned '0': CMAKE_PREFIX_PATH=/opt/ros/humble /usr/bin/cmake --build /home/levin/Semi-Automated-Programming-of-Industrial-Robotic-Systems-Using-Large-Language-Models/build/custom_gripper -- -j20 -l20
[1.145s] DEBUG:colcon.colcon_core.event_handler.log_command:Invoking command in '/home/levin/Semi-Automated-Programming-of-Industrial-Robotic-Systems-Using-Large-Language-Models/build/custom_gripper': CMAKE_PREFIX_PATH=/opt/ros/humble /usr/bin/cmake --install /home/levin/Semi-Automated-Programming-of-Industrial-Robotic-Systems-Using-Large-Language-Models/build/custom_gripper
[1.155s] Level 1:colcon.colcon_core.environment:create_environment_scripts_only(custom_gripper)
[1.157s] DEBUG:colcon.colcon_core.event_handler.log_command:Invoked command in '/home/levin/Semi-Automated-Programming-of-Industrial-Robotic-Systems-Using-Large-Language-Models/build/custom_gripper' returned '0': CMAKE_PREFIX_PATH=/opt/ros/humble /usr/bin/cmake --install /home/levin/Semi-Automated-Programming-of-Industrial-Robotic-Systems-Using-Large-Language-Models/build/custom_gripper
[1.161s] Level 1:colcon.colcon_core.environment:checking '/home/levin/Semi-Automated-Programming-of-Industrial-Robotic-Systems-Using-Large-Language-Models/install/custom_gripper' for CMake module files
[1.161s] Level 1:colcon.colcon_core.environment:checking '/home/levin/Semi-Automated-Programming-of-Industrial-Robotic-Systems-Using-Large-Language-Models/install/custom_gripper' for CMake config files
[1.161s] Level 1:colcon.colcon_core.shell:create_environment_hook('custom_gripper', 'cmake_prefix_path')
[1.161s] INFO:colcon.colcon_core.shell:Creating environment hook '/home/levin/Semi-Automated-Programming-of-Industrial-Robotic-Systems-Using-Large-Language-Models/install/custom_gripper/share/custom_gripper/hook/cmake_prefix_path.ps1'
[1.162s] INFO:colcon.colcon_core.shell:Creating environment descriptor '/home/levin/Semi-Automated-Programming-of-Industrial-Robotic-Systems-Using-Large-Language-Models/install/custom_gripper/share/custom_gripper/hook/cmake_prefix_path.dsv'
[1.162s] INFO:colcon.colcon_core.shell:Creating environment hook '/home/levin/Semi-Automated-Programming-of-Industrial-Robotic-Systems-Using-Large-Language-Models/install/custom_gripper/share/custom_gripper/hook/cmake_prefix_path.sh'
[1.163s] Level 1:colcon.colcon_core.environment:checking '/home/levin/Semi-Automated-Programming-of-Industrial-Robotic-Systems-Using-Large-Language-Models/install/custom_gripper/bin'
[1.163s] Level 1:colcon.colcon_core.environment:checking '/home/levin/Semi-Automated-Programming-of-Industrial-Robotic-Systems-Using-Large-Language-Models/install/custom_gripper/lib/pkgconfig/custom_gripper.pc'
[1.163s] Level 1:colcon.colcon_core.environment:checking '/home/levin/Semi-Automated-Programming-of-Industrial-Robotic-Systems-Using-Large-Language-Models/install/custom_gripper/lib/python3.10/site-packages'
[1.164s] Level 1:colcon.colcon_core.environment:checking '/home/levin/Semi-Automated-Programming-of-Industrial-Robotic-Systems-Using-Large-Language-Models/install/custom_gripper/bin'
[1.164s] INFO:colcon.colcon_core.shell:Creating package script '/home/levin/Semi-Automated-Programming-of-Industrial-Robotic-Systems-Using-Large-Language-Models/install/custom_gripper/share/custom_gripper/package.ps1'
[1.165s] INFO:colcon.colcon_core.shell:Creating package descriptor '/home/levin/Semi-Automated-Programming-of-Industrial-Robotic-Systems-Using-Large-Language-Models/install/custom_gripper/share/custom_gripper/package.dsv'
[1.165s] INFO:colcon.colcon_core.shell:Creating package script '/home/levin/Semi-Automated-Programming-of-Industrial-Robotic-Systems-Using-Large-Language-Models/install/custom_gripper/share/custom_gripper/package.sh'
[1.165s] INFO:colcon.colcon_core.shell:Creating package script '/home/levin/Semi-Automated-Programming-of-Industrial-Robotic-Systems-Using-Large-Language-Models/install/custom_gripper/share/custom_gripper/package.bash'
[1.166s] INFO:colcon.colcon_core.shell:Creating package script '/home/levin/Semi-Automated-Programming-of-Industrial-Robotic-Systems-Using-Large-Language-Models/install/custom_gripper/share/custom_gripper/package.zsh'
[1.166s] Level 1:colcon.colcon_core.environment:create_file_with_runtime_dependencies(/home/levin/Semi-Automated-Programming-of-Industrial-Robotic-Systems-Using-Large-Language-Models/install/custom_gripper/share/colcon-core/packages/custom_gripper)
[1.167s] Level 1:colcon.colcon_core.environment:create_environment_scripts_only(custom_gripper)
[1.167s] Level 1:colcon.colcon_core.environment:checking '/home/levin/Semi-Automated-Programming-of-Industrial-Robotic-Systems-Using-Large-Language-Models/install/custom_gripper' for CMake module files
[1.167s] Level 1:colcon.colcon_core.environment:checking '/home/levin/Semi-Automated-Programming-of-Industrial-Robotic-Systems-Using-Large-Language-Models/install/custom_gripper' for CMake config files
[1.167s] Level 1:colcon.colcon_core.shell:create_environment_hook('custom_gripper', 'cmake_prefix_path')
[1.168s] INFO:colcon.colcon_core.shell:Creating environment hook '/home/levin/Semi-Automated-Programming-of-Industrial-Robotic-Systems-Using-Large-Language-Models/install/custom_gripper/share/custom_gripper/hook/cmake_prefix_path.ps1'
[1.168s] INFO:colcon.colcon_core.shell:Creating environment descriptor '/home/levin/Semi-Automated-Programming-of-Industrial-Robotic-Systems-Using-Large-Language-Models/install/custom_gripper/share/custom_gripper/hook/cmake_prefix_path.dsv'
[1.168s] INFO:colcon.colcon_core.shell:Creating environment hook '/home/levin/Semi-Automated-Programming-of-Industrial-Robotic-Systems-Using-Large-Language-Models/install/custom_gripper/share/custom_gripper/hook/cmake_prefix_path.sh'
[1.169s] Level 1:colcon.colcon_core.environment:checking '/home/levin/Semi-Automated-Programming-of-Industrial-Robotic-Systems-Using-Large-Language-Models/install/custom_gripper/bin'
[1.169s] Level 1:colcon.colcon_core.environment:checking '/home/levin/Semi-Automated-Programming-of-Industrial-Robotic-Systems-Using-Large-Language-Models/install/custom_gripper/lib/pkgconfig/custom_gripper.pc'
[1.169s] Level 1:colcon.colcon_core.environment:checking '/home/levin/Semi-Automated-Programming-of-Industrial-Robotic-Systems-Using-Large-Language-Models/install/custom_gripper/lib/python3.10/site-packages'
[1.169s] Level 1:colcon.colcon_core.environment:checking '/home/levin/Semi-Automated-Programming-of-Industrial-Robotic-Systems-Using-Large-Language-Models/install/custom_gripper/bin'
[1.169s] INFO:colcon.colcon_core.shell:Creating package script '/home/levin/Semi-Automated-Programming-of-Industrial-Robotic-Systems-Using-Large-Language-Models/install/custom_gripper/share/custom_gripper/package.ps1'
[1.170s] INFO:colcon.colcon_core.shell:Creating package descriptor '/home/levin/Semi-Automated-Programming-of-Industrial-Robotic-Systems-Using-Large-Language-Models/install/custom_gripper/share/custom_gripper/package.dsv'
[1.170s] INFO:colcon.colcon_core.shell:Creating package script '/home/levin/Semi-Automated-Programming-of-Industrial-Robotic-Systems-Using-Large-Language-Models/install/custom_gripper/share/custom_gripper/package.sh'
[1.171s] INFO:colcon.colcon_core.shell:Creating package script '/home/levin/Semi-Automated-Programming-of-Industrial-Robotic-Systems-Using-Large-Language-Models/install/custom_gripper/share/custom_gripper/package.bash'
[1.171s] INFO:colcon.colcon_core.shell:Creating package script '/home/levin/Semi-Automated-Programming-of-Industrial-Robotic-Systems-Using-Large-Language-Models/install/custom_gripper/share/custom_gripper/package.zsh'
[1.171s] Level 1:colcon.colcon_core.environment:create_file_with_runtime_dependencies(/home/levin/Semi-Automated-Programming-of-Industrial-Robotic-Systems-Using-Large-Language-Models/install/custom_gripper/share/colcon-core/packages/custom_gripper)
[1.172s] INFO:colcon.colcon_ros.task.ament_cmake.build:Building ROS package in '/home/levin/Semi-Automated-Programming-of-Industrial-Robotic-Systems-Using-Large-Language-Models/src/ur_with_gripper' with build type 'ament_cmake'
[1.172s] INFO:colcon.colcon_cmake.task.cmake.build:Building CMake package in '/home/levin/Semi-Automated-Programming-of-Industrial-Robotic-Systems-Using-Large-Language-Models/src/ur_with_gripper'
[1.172s] INFO:colcon.colcon_core.shell:Skip shell extension 'powershell' for command environment: Not usable outside of PowerShell
[1.172s] DEBUG:colcon.colcon_core.shell:Skip shell extension 'dsv' for command environment
[1.181s] DEBUG:colcon.colcon_core.event_handler.log_command:Invoking command in '/home/levin/Semi-Automated-Programming-of-Industrial-Robotic-Systems-Using-Large-Language-Models/build/ur_with_gripper': AMENT_PREFIX_PATH=/home/levin/Semi-Automated-Programming-of-Industrial-Robotic-Systems-Using-Large-Language-Models/install/custom_gripper:${AMENT_PREFIX_PATH} CMAKE_PREFIX_PATH=/home/levin/Semi-Automated-Programming-of-Industrial-Robotic-Systems-Using-Large-Language-Models/install/custom_gripper:/opt/ros/humble /usr/bin/cmake /home/levin/Semi-Automated-Programming-of-Industrial-Robotic-Systems-Using-Large-Language-Models/src/ur_with_gripper -DCMAKE_INSTALL_PREFIX=/home/levin/Semi-Automated-Programming-of-Industrial-Robotic-Systems-Using-Large-Language-Models/install/ur_with_gripper
[1.816s] DEBUG:colcon.colcon_core.event_handler.log_command:Invoked command in '/home/levin/Semi-Automated-Programming-of-Industrial-Robotic-Systems-Using-Large-Language-Models/build/ur_with_gripper' returned '0': AMENT_PREFIX_PATH=/home/levin/Semi-Automated-Programming-of-Industrial-Robotic-Systems-Using-Large-Language-Models/install/custom_gripper:${AMENT_PREFIX_PATH} CMAKE_PREFIX_PATH=/home/levin/Semi-Automated-Programming-of-Industrial-Robotic-Systems-Using-Large-Language-Models/install/custom_gripper:/opt/ros/humble /usr/bin/cmake /home/levin/Semi-Automated-Programming-of-Industrial-Robotic-Systems-Using-Large-Language-Models/src/ur_with_gripper -DCMAKE_INSTALL_PREFIX=/home/levin/Semi-Automated-Programming-of-Industrial-Robotic-Systems-Using-Large-Language-Models/install/ur_with_gripper
[1.817s] DEBUG:colcon.colcon_core.event_handler.log_command:Invoking command in '/home/levin/Semi-Automated-Programming-of-Industrial-Robotic-Systems-Using-Large-Language-Models/build/ur_with_gripper': AMENT_PREFIX_PATH=/home/levin/Semi-Automated-Programming-of-Industrial-Robotic-Systems-Using-Large-Language-Models/install/custom_gripper:${AMENT_PREFIX_PATH} CMAKE_PREFIX_PATH=/home/levin/Semi-Automated-Programming-of-Industrial-Robotic-Systems-Using-Large-Language-Models/install/custom_gripper:/opt/ros/humble /usr/bin/cmake --build /home/levin/Semi-Automated-Programming-of-Industrial-Robotic-Systems-Using-Large-Language-Models/build/ur_with_gripper -- -j20 -l20
[1.867s] DEBUG:colcon.colcon_core.event_handler.log_command:Invoked command in '/home/levin/Semi-Automated-Programming-of-Industrial-Robotic-Systems-Using-Large-Language-Models/build/ur_with_gripper' returned '0': AMENT_PREFIX_PATH=/home/levin/Semi-Automated-Programming-of-Industrial-Robotic-Systems-Using-Large-Language-Models/install/custom_gripper:${AMENT_PREFIX_PATH} CMAKE_PREFIX_PATH=/home/levin/Semi-Automated-Programming-of-Industrial-Robotic-Systems-Using-Large-Language-Models/install/custom_gripper:/opt/ros/humble /usr/bin/cmake --build /home/levin/Semi-Automated-Programming-of-Industrial-Robotic-Systems-Using-Large-Language-Models/build/ur_with_gripper -- -j20 -l20
[1.869s] DEBUG:colcon.colcon_core.event_handler.log_command:Invoking command in '/home/levin/Semi-Automated-Programming-of-Industrial-Robotic-Systems-Using-Large-Language-Models/build/ur_with_gripper': AMENT_PREFIX_PATH=/home/levin/Semi-Automated-Programming-of-Industrial-Robotic-Systems-Using-Large-Language-Models/install/custom_gripper:${AMENT_PREFIX_PATH} CMAKE_PREFIX_PATH=/home/levin/Semi-Automated-Programming-of-Industrial-Robotic-Systems-Using-Large-Language-Models/install/custom_gripper:/opt/ros/humble /usr/bin/cmake --install /home/levin/Semi-Automated-Programming-of-Industrial-Robotic-Systems-Using-Large-Language-Models/build/ur_with_gripper
[1.888s] Level 1:colcon.colcon_core.environment:create_environment_scripts_only(ur_with_gripper)
[1.888s] Level 1:colcon.colcon_core.environment:checking '/home/levin/Semi-Automated-Programming-of-Industrial-Robotic-Systems-Using-Large-Language-Models/install/ur_with_gripper' for CMake module files
[1.889s] DEBUG:colcon.colcon_core.event_handler.log_command:Invoked command in '/home/levin/Semi-Automated-Programming-of-Industrial-Robotic-Systems-Using-Large-Language-Models/build/ur_with_gripper' returned '0': AMENT_PREFIX_PATH=/home/levin/Semi-Automated-Programming-of-Industrial-Robotic-Systems-Using-Large-Language-Models/install/custom_gripper:${AMENT_PREFIX_PATH} CMAKE_PREFIX_PATH=/home/levin/Semi-Automated-Programming-of-Industrial-Robotic-Systems-Using-Large-Language-Models/install/custom_gripper:/opt/ros/humble /usr/bin/cmake --install /home/levin/Semi-Automated-Programming-of-Industrial-Robotic-Systems-Using-Large-Language-Models/build/ur_with_gripper
[1.889s] Level 1:colcon.colcon_core.environment:checking '/home/levin/Semi-Automated-Programming-of-Industrial-Robotic-Systems-Using-Large-Language-Models/install/ur_with_gripper' for CMake config files
[1.889s] Level 1:colcon.colcon_core.shell:create_environment_hook('ur_with_gripper', 'cmake_prefix_path')
[1.890s] INFO:colcon.colcon_core.shell:Creating environment hook '/home/levin/Semi-Automated-Programming-of-Industrial-Robotic-Systems-Using-Large-Language-Models/install/ur_with_gripper/share/ur_with_gripper/hook/cmake_prefix_path.ps1'
[1.890s] INFO:colcon.colcon_core.shell:Creating environment descriptor '/home/levin/Semi-Automated-Programming-of-Industrial-Robotic-Systems-Using-Large-Language-Models/install/ur_with_gripper/share/ur_with_gripper/hook/cmake_prefix_path.dsv'
[1.890s] INFO:colcon.colcon_core.shell:Creating environment hook '/home/levin/Semi-Automated-Programming-of-Industrial-Robotic-Systems-Using-Large-Language-Models/install/ur_with_gripper/share/ur_with_gripper/hook/cmake_prefix_path.sh'
[1.891s] Level 1:colcon.colcon_core.environment:checking '/home/levin/Semi-Automated-Programming-of-Industrial-Robotic-Systems-Using-Large-Language-Models/install/ur_with_gripper/bin'
[1.891s] Level 1:colcon.colcon_core.environment:checking '/home/levin/Semi-Automated-Programming-of-Industrial-Robotic-Systems-Using-Large-Language-Models/install/ur_with_gripper/lib/pkgconfig/ur_with_gripper.pc'
[1.891s] Level 1:colcon.colcon_core.environment:checking '/home/levin/Semi-Automated-Programming-of-Industrial-Robotic-Systems-Using-Large-Language-Models/install/ur_with_gripper/lib/python3.10/site-packages'
[1.891s] Level 1:colcon.colcon_core.environment:checking '/home/levin/Semi-Automated-Programming-of-Industrial-Robotic-Systems-Using-Large-Language-Models/install/ur_with_gripper/bin'
[1.892s] INFO:colcon.colcon_core.shell:Creating package script '/home/levin/Semi-Automated-Programming-of-Industrial-Robotic-Systems-Using-Large-Language-Models/install/ur_with_gripper/share/ur_with_gripper/package.ps1'
[1.892s] INFO:colcon.colcon_core.shell:Creating package descriptor '/home/levin/Semi-Automated-Programming-of-Industrial-Robotic-Systems-Using-Large-Language-Models/install/ur_with_gripper/share/ur_with_gripper/package.dsv'
[1.893s] INFO:colcon.colcon_core.shell:Creating package script '/home/levin/Semi-Automated-Programming-of-Industrial-Robotic-Systems-Using-Large-Language-Models/install/ur_with_gripper/share/ur_with_gripper/package.sh'
[1.893s] INFO:colcon.colcon_core.shell:Creating package script '/home/levin/Semi-Automated-Programming-of-Industrial-Robotic-Systems-Using-Large-Language-Models/install/ur_with_gripper/share/ur_with_gripper/package.bash'
[1.893s] INFO:colcon.colcon_core.shell:Creating package script '/home/levin/Semi-Automated-Programming-of-Industrial-Robotic-Systems-Using-Large-Language-Models/install/ur_with_gripper/share/ur_with_gripper/package.zsh'
[1.894s] Level 1:colcon.colcon_core.environment:create_file_with_runtime_dependencies(/home/levin/Semi-Automated-Programming-of-Industrial-Robotic-Systems-Using-Large-Language-Models/install/ur_with_gripper/share/colcon-core/packages/ur_with_gripper)
[1.894s] Level 1:colcon.colcon_core.environment:create_environment_scripts_only(ur_with_gripper)
[1.894s] Level 1:colcon.colcon_core.environment:checking '/home/levin/Semi-Automated-Programming-of-Industrial-Robotic-Systems-Using-Large-Language-Models/install/ur_with_gripper' for CMake module files
[1.895s] Level 1:colcon.colcon_core.environment:checking '/home/levin/Semi-Automated-Programming-of-Industrial-Robotic-Systems-Using-Large-Language-Models/install/ur_with_gripper' for CMake config files
[1.895s] Level 1:colcon.colcon_core.shell:create_environment_hook('ur_with_gripper', 'cmake_prefix_path')
[1.895s] INFO:colcon.colcon_core.shell:Creating environment hook '/home/levin/Semi-Automated-Programming-of-Industrial-Robotic-Systems-Using-Large-Language-Models/install/ur_with_gripper/share/ur_with_gripper/hook/cmake_prefix_path.ps1'
[1.895s] INFO:colcon.colcon_core.shell:Creating environment descriptor '/home/levin/Semi-Automated-Programming-of-Industrial-Robotic-Systems-Using-Large-Language-Models/install/ur_with_gripper/share/ur_with_gripper/hook/cmake_prefix_path.dsv'
[1.895s] INFO:colcon.colcon_core.shell:Creating environment hook '/home/levin/Semi-Automated-Programming-of-Industrial-Robotic-Systems-Using-Large-Language-Models/install/ur_with_gripper/share/ur_with_gripper/hook/cmake_prefix_path.sh'
[1.896s] Level 1:colcon.colcon_core.environment:checking '/home/levin/Semi-Automated-Programming-of-Industrial-Robotic-Systems-Using-Large-Language-Models/install/ur_with_gripper/bin'
[1.896s] Level 1:colcon.colcon_core.environment:checking '/home/levin/Semi-Automated-Programming-of-Industrial-Robotic-Systems-Using-Large-Language-Models/install/ur_with_gripper/lib/pkgconfig/ur_with_gripper.pc'
[1.896s] Level 1:colcon.colcon_core.environment:checking '/home/levin/Semi-Automated-Programming-of-Industrial-Robotic-Systems-Using-Large-Language-Models/install/ur_with_gripper/lib/python3.10/site-packages'
[1.896s] Level 1:colcon.colcon_core.environment:checking '/home/levin/Semi-Automated-Programming-of-Industrial-Robotic-Systems-Using-Large-Language-Models/install/ur_with_gripper/bin'
[1.896s] INFO:colcon.colcon_core.shell:Creating package script '/home/levin/Semi-Automated-Programming-of-Industrial-Robotic-Systems-Using-Large-Language-Models/install/ur_with_gripper/share/ur_with_gripper/package.ps1'
[1.897s] INFO:colcon.colcon_core.shell:Creating package descriptor '/home/levin/Semi-Automated-Programming-of-Industrial-Robotic-Systems-Using-Large-Language-Models/install/ur_with_gripper/share/ur_with_gripper/package.dsv'
[1.897s] INFO:colcon.colcon_core.shell:Creating package script '/home/levin/Semi-Automated-Programming-of-Industrial-Robotic-Systems-Using-Large-Language-Models/install/ur_with_gripper/share/ur_with_gripper/package.sh'
[1.897s] INFO:colcon.colcon_core.shell:Creating package script '/home/levin/Semi-Automated-Programming-of-Industrial-Robotic-Systems-Using-Large-Language-Models/install/ur_with_gripper/share/ur_with_gripper/package.bash'
[1.897s] INFO:colcon.colcon_core.shell:Creating package script '/home/levin/Semi-Automated-Programming-of-Industrial-Robotic-Systems-Using-Large-Language-Models/install/ur_with_gripper/share/ur_with_gripper/package.zsh'
[1.898s] Level 1:colcon.colcon_core.environment:create_file_with_runtime_dependencies(/home/levin/Semi-Automated-Programming-of-Industrial-Robotic-Systems-Using-Large-Language-Models/install/ur_with_gripper/share/colcon-core/packages/ur_with_gripper)
[1.898s] INFO:colcon.colcon_ros.task.ament_cmake.build:Building ROS package in '/home/levin/Semi-Automated-Programming-of-Industrial-Robotic-Systems-Using-Large-Language-Models/src/ur_with_gripper_moveit_config' with build type 'ament_cmake'
[1.898s] INFO:colcon.colcon_cmake.task.cmake.build:Building CMake package in '/home/levin/Semi-Automated-Programming-of-Industrial-Robotic-Systems-Using-Large-Language-Models/src/ur_with_gripper_moveit_config'
[1.898s] INFO:colcon.colcon_core.shell:Skip shell extension 'powershell' for command environment: Not usable outside of PowerShell
[1.899s] DEBUG:colcon.colcon_core.shell:Skip shell extension 'dsv' for command environment
[1.910s] DEBUG:colcon.colcon_core.event_handler.log_command:Invoking command in '/home/levin/Semi-Automated-Programming-of-Industrial-Robotic-Systems-Using-Large-Language-Models/build/ur_with_gripper_moveit_config': AMENT_PREFIX_PATH=/home/levin/Semi-Automated-Programming-of-Industrial-Robotic-Systems-Using-Large-Language-Models/install/ur_with_gripper:/home/levin/Semi-Automated-Programming-of-Industrial-Robotic-Systems-Using-Large-Language-Models/install/custom_gripper:${AMENT_PREFIX_PATH} CMAKE_PREFIX_PATH=/home/levin/Semi-Automated-Programming-of-Industrial-Robotic-Systems-Using-Large-Language-Models/install/ur_with_gripper:/home/levin/Semi-Automated-Programming-of-Industrial-Robotic-Systems-Using-Large-Language-Models/install/custom_gripper:/opt/ros/humble /usr/bin/cmake /home/levin/Semi-Automated-Programming-of-Industrial-Robotic-Systems-Using-Large-Language-Models/src/ur_with_gripper_moveit_config -DCMAKE_INSTALL_PREFIX=/home/levin/Semi-Automated-Programming-of-Industrial-Robotic-Systems-Using-Large-Language-Models/install/ur_with_gripper_moveit_config
[2.305s] DEBUG:colcon.colcon_core.event_handler.log_command:Invoked command in '/home/levin/Semi-Automated-Programming-of-Industrial-Robotic-Systems-Using-Large-Language-Models/build/ur10e_control' returned '0': CMAKE_PREFIX_PATH=/opt/ros/humble /usr/bin/cmake /home/levin/Semi-Automated-Programming-of-Industrial-Robotic-Systems-Using-Large-Language-Models/src/ur10e_control -DCMAKE_INSTALL_PREFIX=/home/levin/Semi-Automated-Programming-of-Industrial-Robotic-Systems-Using-Large-Language-Models/install/ur10e_control
[2.306s] DEBUG:colcon.colcon_core.event_handler.log_command:Invoking command in '/home/levin/Semi-Automated-Programming-of-Industrial-Robotic-Systems-Using-Large-Language-Models/build/ur10e_control': CMAKE_PREFIX_PATH=/opt/ros/humble /usr/bin/cmake --build /home/levin/Semi-Automated-Programming-of-Industrial-Robotic-Systems-Using-Large-Language-Models/build/ur10e_control -- -j20 -l20
[2.366s] DEBUG:colcon.colcon_core.event_handler.log_command:Invoked command in '/home/levin/Semi-Automated-Programming-of-Industrial-Robotic-Systems-Using-Large-Language-Models/build/ur10e_hl_interface' returned '0': CMAKE_PREFIX_PATH=/opt/ros/humble /usr/bin/cmake /home/levin/Semi-Automated-Programming-of-Industrial-Robotic-Systems-Using-Large-Language-Models/src/ur10e_hl_interface -DCMAKE_INSTALL_PREFIX=/home/levin/Semi-Automated-Programming-of-Industrial-Robotic-Systems-Using-Large-Language-Models/install/ur10e_hl_interface
[2.368s] DEBUG:colcon.colcon_core.event_handler.log_command:Invoking command in '/home/levin/Semi-Automated-Programming-of-Industrial-Robotic-Systems-Using-Large-Language-Models/build/ur10e_hl_interface': CMAKE_PREFIX_PATH=/opt/ros/humble /usr/bin/cmake --build /home/levin/Semi-Automated-Programming-of-Industrial-Robotic-Systems-Using-Large-Language-Models/build/ur10e_hl_interface -- -j20 -l20
[2.607s] DEBUG:colcon.colcon_core.event_handler.log_command:Invoked command in '/home/levin/Semi-Automated-Programming-of-Industrial-Robotic-Systems-Using-Large-Language-Models/build/ur_with_gripper_moveit_config' returned '0': AMENT_PREFIX_PATH=/home/levin/Semi-Automated-Programming-of-Industrial-Robotic-Systems-Using-Large-Language-Models/install/ur_with_gripper:/home/levin/Semi-Automated-Programming-of-Industrial-Robotic-Systems-Using-Large-Language-Models/install/custom_gripper:${AMENT_PREFIX_PATH} CMAKE_PREFIX_PATH=/home/levin/Semi-Automated-Programming-of-Industrial-Robotic-Systems-Using-Large-Language-Models/install/ur_with_gripper:/home/levin/Semi-Automated-Programming-of-Industrial-Robotic-Systems-Using-Large-Language-Models/install/custom_gripper:/opt/ros/humble /usr/bin/cmake /home/levin/Semi-Automated-Programming-of-Industrial-Robotic-Systems-Using-Large-Language-Models/src/ur_with_gripper_moveit_config -DCMAKE_INSTALL_PREFIX=/home/levin/Semi-Automated-Programming-of-Industrial-Robotic-Systems-Using-Large-Language-Models/install/ur_with_gripper_moveit_config
[2.610s] DEBUG:colcon.colcon_core.event_handler.log_command:Invoking command in '/home/levin/Semi-Automated-Programming-of-Industrial-Robotic-Systems-Using-Large-Language-Models/build/ur_with_gripper_moveit_config': AMENT_PREFIX_PATH=/home/levin/Semi-Automated-Programming-of-Industrial-Robotic-Systems-Using-Large-Language-Models/install/ur_with_gripper:/home/levin/Semi-Automated-Programming-of-Industrial-Robotic-Systems-Using-Large-Language-Models/install/custom_gripper:${AMENT_PREFIX_PATH} CMAKE_PREFIX_PATH=/home/levin/Semi-Automated-Programming-of-Industrial-Robotic-Systems-Using-Large-Language-Models/install/ur_with_gripper:/home/levin/Semi-Automated-Programming-of-Industrial-Robotic-Systems-Using-Large-Language-Models/install/custom_gripper:/opt/ros/humble /usr/bin/cmake --build /home/levin/Semi-Automated-Programming-of-Industrial-Robotic-Systems-Using-Large-Language-Models/build/ur_with_gripper_moveit_config -- -j20 -l20
[2.664s] DEBUG:colcon.colcon_core.event_handler.log_command:Invoked command in '/home/levin/Semi-Automated-Programming-of-Industrial-Robotic-Systems-Using-Large-Language-Models/build/ur_with_gripper_moveit_config' returned '0': AMENT_PREFIX_PATH=/home/levin/Semi-Automated-Programming-of-Industrial-Robotic-Systems-Using-Large-Language-Models/install/ur_with_gripper:/home/levin/Semi-Automated-Programming-of-Industrial-Robotic-Systems-Using-Large-Language-Models/install/custom_gripper:${AMENT_PREFIX_PATH} CMAKE_PREFIX_PATH=/home/levin/Semi-Automated-Programming-of-Industrial-Robotic-Systems-Using-Large-Language-Models/install/ur_with_gripper:/home/levin/Semi-Automated-Programming-of-Industrial-Robotic-Systems-Using-Large-Language-Models/install/custom_gripper:/opt/ros/humble /usr/bin/cmake --build /home/levin/Semi-Automated-Programming-of-Industrial-Robotic-Systems-Using-Large-Language-Models/build/ur_with_gripper_moveit_config -- -j20 -l20
[2.666s] DEBUG:colcon.colcon_core.event_handler.log_command:Invoking command in '/home/levin/Semi-Automated-Programming-of-Industrial-Robotic-Systems-Using-Large-Language-Models/build/ur_with_gripper_moveit_config': AMENT_PREFIX_PATH=/home/levin/Semi-Automated-Programming-of-Industrial-Robotic-Systems-Using-Large-Language-Models/install/ur_with_gripper:/home/levin/Semi-Automated-Programming-of-Industrial-Robotic-Systems-Using-Large-Language-Models/install/custom_gripper:${AMENT_PREFIX_PATH} CMAKE_PREFIX_PATH=/home/levin/Semi-Automated-Programming-of-Industrial-Robotic-Systems-Using-Large-Language-Models/install/ur_with_gripper:/home/levin/Semi-Automated-Programming-of-Industrial-Robotic-Systems-Using-Large-Language-Models/install/custom_gripper:/opt/ros/humble /usr/bin/cmake --install /home/levin/Semi-Automated-Programming-of-Industrial-Robotic-Systems-Using-Large-Language-Models/build/ur_with_gripper_moveit_config
[2.679s] Level 1:colcon.colcon_core.environment:create_environment_scripts_only(ur_with_gripper_moveit_config)
[2.679s] Level 1:colcon.colcon_core.environment:checking '/home/levin/Semi-Automated-Programming-of-Industrial-Robotic-Systems-Using-Large-Language-Models/install/ur_with_gripper_moveit_config' for CMake module files
[2.681s] DEBUG:colcon.colcon_core.event_handler.log_command:Invoked command in '/home/levin/Semi-Automated-Programming-of-Industrial-Robotic-Systems-Using-Large-Language-Models/build/ur_with_gripper_moveit_config' returned '0': AMENT_PREFIX_PATH=/home/levin/Semi-Automated-Programming-of-Industrial-Robotic-Systems-Using-Large-Language-Models/install/ur_with_gripper:/home/levin/Semi-Automated-Programming-of-Industrial-Robotic-Systems-Using-Large-Language-Models/install/custom_gripper:${AMENT_PREFIX_PATH} CMAKE_PREFIX_PATH=/home/levin/Semi-Automated-Programming-of-Industrial-Robotic-Systems-Using-Large-Language-Models/install/ur_with_gripper:/home/levin/Semi-Automated-Programming-of-Industrial-Robotic-Systems-Using-Large-Language-Models/install/custom_gripper:/opt/ros/humble /usr/bin/cmake --install /home/levin/Semi-Automated-Programming-of-Industrial-Robotic-Systems-Using-Large-Language-Models/build/ur_with_gripper_moveit_config
[2.681s] Level 1:colcon.colcon_core.environment:checking '/home/levin/Semi-Automated-Programming-of-Industrial-Robotic-Systems-Using-Large-Language-Models/install/ur_with_gripper_moveit_config' for CMake config files
[2.681s] Level 1:colcon.colcon_core.shell:create_environment_hook('ur_with_gripper_moveit_config', 'cmake_prefix_path')
[2.682s] INFO:colcon.colcon_core.shell:Creating environment hook '/home/levin/Semi-Automated-Programming-of-Industrial-Robotic-Systems-Using-Large-Language-Models/install/ur_with_gripper_moveit_config/share/ur_with_gripper_moveit_config/hook/cmake_prefix_path.ps1'
[2.683s] INFO:colcon.colcon_core.shell:Creating environment descriptor '/home/levin/Semi-Automated-Programming-of-Industrial-Robotic-Systems-Using-Large-Language-Models/install/ur_with_gripper_moveit_config/share/ur_with_gripper_moveit_config/hook/cmake_prefix_path.dsv'
[2.683s] INFO:colcon.colcon_core.shell:Creating environment hook '/home/levin/Semi-Automated-Programming-of-Industrial-Robotic-Systems-Using-Large-Language-Models/install/ur_with_gripper_moveit_config/share/ur_with_gripper_moveit_config/hook/cmake_prefix_path.sh'
[2.684s] Level 1:colcon.colcon_core.environment:checking '/home/levin/Semi-Automated-Programming-of-Industrial-Robotic-Systems-Using-Large-Language-Models/install/ur_with_gripper_moveit_config/bin'
[2.684s] Level 1:colcon.colcon_core.environment:checking '/home/levin/Semi-Automated-Programming-of-Industrial-Robotic-Systems-Using-Large-Language-Models/install/ur_with_gripper_moveit_config/lib/pkgconfig/ur_with_gripper_moveit_config.pc'
[2.684s] Level 1:colcon.colcon_core.environment:checking '/home/levin/Semi-Automated-Programming-of-Industrial-Robotic-Systems-Using-Large-Language-Models/install/ur_with_gripper_moveit_config/lib/python3.10/site-packages'
[2.685s] Level 1:colcon.colcon_core.environment:checking '/home/levin/Semi-Automated-Programming-of-Industrial-Robotic-Systems-Using-Large-Language-Models/install/ur_with_gripper_moveit_config/bin'
[2.685s] INFO:colcon.colcon_core.shell:Creating package script '/home/levin/Semi-Automated-Programming-of-Industrial-Robotic-Systems-Using-Large-Language-Models/install/ur_with_gripper_moveit_config/share/ur_with_gripper_moveit_config/package.ps1'
[2.686s] INFO:colcon.colcon_core.shell:Creating package descriptor '/home/levin/Semi-Automated-Programming-of-Industrial-Robotic-Systems-Using-Large-Language-Models/install/ur_with_gripper_moveit_config/share/ur_with_gripper_moveit_config/package.dsv'
[2.686s] INFO:colcon.colcon_core.shell:Creating package script '/home/levin/Semi-Automated-Programming-of-Industrial-Robotic-Systems-Using-Large-Language-Models/install/ur_with_gripper_moveit_config/share/ur_with_gripper_moveit_config/package.sh'
[2.687s] INFO:colcon.colcon_core.shell:Creating package script '/home/levin/Semi-Automated-Programming-of-Industrial-Robotic-Systems-Using-Large-Language-Models/install/ur_with_gripper_moveit_config/share/ur_with_gripper_moveit_config/package.bash'
[2.687s] INFO:colcon.colcon_core.shell:Creating package script '/home/levin/Semi-Automated-Programming-of-Industrial-Robotic-Systems-Using-Large-Language-Models/install/ur_with_gripper_moveit_config/share/ur_with_gripper_moveit_config/package.zsh'
[2.687s] Level 1:colcon.colcon_core.environment:create_file_with_runtime_dependencies(/home/levin/Semi-Automated-Programming-of-Industrial-Robotic-Systems-Using-Large-Language-Models/install/ur_with_gripper_moveit_config/share/colcon-core/packages/ur_with_gripper_moveit_config)
[2.688s] Level 1:colcon.colcon_core.environment:create_environment_scripts_only(ur_with_gripper_moveit_config)
[2.688s] Level 1:colcon.colcon_core.environment:checking '/home/levin/Semi-Automated-Programming-of-Industrial-Robotic-Systems-Using-Large-Language-Models/install/ur_with_gripper_moveit_config' for CMake module files
[2.688s] Level 1:colcon.colcon_core.environment:checking '/home/levin/Semi-Automated-Programming-of-Industrial-Robotic-Systems-Using-Large-Language-Models/install/ur_with_gripper_moveit_config' for CMake config files
[2.689s] Level 1:colcon.colcon_core.shell:create_environment_hook('ur_with_gripper_moveit_config', 'cmake_prefix_path')
[2.689s] INFO:colcon.colcon_core.shell:Creating environment hook '/home/levin/Semi-Automated-Programming-of-Industrial-Robotic-Systems-Using-Large-Language-Models/install/ur_with_gripper_moveit_config/share/ur_with_gripper_moveit_config/hook/cmake_prefix_path.ps1'
[2.689s] INFO:colcon.colcon_core.shell:Creating environment descriptor '/home/levin/Semi-Automated-Programming-of-Industrial-Robotic-Systems-Using-Large-Language-Models/install/ur_with_gripper_moveit_config/share/ur_with_gripper_moveit_config/hook/cmake_prefix_path.dsv'
[2.690s] INFO:colcon.colcon_core.shell:Creating environment hook '/home/levin/Semi-Automated-Programming-of-Industrial-Robotic-Systems-Using-Large-Language-Models/install/ur_with_gripper_moveit_config/share/ur_with_gripper_moveit_config/hook/cmake_prefix_path.sh'
[2.690s] Level 1:colcon.colcon_core.environment:checking '/home/levin/Semi-Automated-Programming-of-Industrial-Robotic-Systems-Using-Large-Language-Models/install/ur_with_gripper_moveit_config/bin'
[2.690s] Level 1:colcon.colcon_core.environment:checking '/home/levin/Semi-Automated-Programming-of-Industrial-Robotic-Systems-Using-Large-Language-Models/install/ur_with_gripper_moveit_config/lib/pkgconfig/ur_with_gripper_moveit_config.pc'
[2.690s] Level 1:colcon.colcon_core.environment:checking '/home/levin/Semi-Automated-Programming-of-Industrial-Robotic-Systems-Using-Large-Language-Models/install/ur_with_gripper_moveit_config/lib/python3.10/site-packages'
[2.691s] Level 1:colcon.colcon_core.environment:checking '/home/levin/Semi-Automated-Programming-of-Industrial-Robotic-Systems-Using-Large-Language-Models/install/ur_with_gripper_moveit_config/bin'
[2.691s] INFO:colcon.colcon_core.shell:Creating package script '/home/levin/Semi-Automated-Programming-of-Industrial-Robotic-Systems-Using-Large-Language-Models/install/ur_with_gripper_moveit_config/share/ur_with_gripper_moveit_config/package.ps1'
[2.691s] INFO:colcon.colcon_core.shell:Creating package descriptor '/home/levin/Semi-Automated-Programming-of-Industrial-Robotic-Systems-Using-Large-Language-Models/install/ur_with_gripper_moveit_config/share/ur_with_gripper_moveit_config/package.dsv'
[2.692s] INFO:colcon.colcon_core.shell:Creating package script '/home/levin/Semi-Automated-Programming-of-Industrial-Robotic-Systems-Using-Large-Language-Models/install/ur_with_gripper_moveit_config/share/ur_with_gripper_moveit_config/package.sh'
[2.692s] INFO:colcon.colcon_core.shell:Creating package script '/home/levin/Semi-Automated-Programming-of-Industrial-Robotic-Systems-Using-Large-Language-Models/install/ur_with_gripper_moveit_config/share/ur_with_gripper_moveit_config/package.bash'
[2.692s] INFO:colcon.colcon_core.shell:Creating package script '/home/levin/Semi-Automated-Programming-of-Industrial-Robotic-Systems-Using-Large-Language-Models/install/ur_with_gripper_moveit_config/share/ur_with_gripper_moveit_config/package.zsh'
[2.693s] Level 1:colcon.colcon_core.environment:create_file_with_runtime_dependencies(/home/levin/Semi-Automated-Programming-of-Industrial-Robotic-Systems-Using-Large-Language-Models/install/ur_with_gripper_moveit_config/share/colcon-core/packages/ur_with_gripper_moveit_config)
[11.738s] DEBUG:colcon.colcon_core.event_handler.log_command:Invoked command in '/home/levin/Semi-Automated-Programming-of-Industrial-Robotic-Systems-Using-Large-Language-Models/build/ur10e_control' returned '0': CMAKE_PREFIX_PATH=/opt/ros/humble /usr/bin/cmake --build /home/levin/Semi-Automated-Programming-of-Industrial-Robotic-Systems-Using-Large-Language-Models/build/ur10e_control -- -j20 -l20
[11.741s] DEBUG:colcon.colcon_core.event_handler.log_command:Invoking command in '/home/levin/Semi-Automated-Programming-of-Industrial-Robotic-Systems-Using-Large-Language-Models/build/ur10e_control': CMAKE_PREFIX_PATH=/opt/ros/humble /usr/bin/cmake --install /home/levin/Semi-Automated-Programming-of-Industrial-Robotic-Systems-Using-Large-Language-Models/build/ur10e_control
[11.754s] Level 1:colcon.colcon_core.environment:create_environment_scripts_only(ur10e_control)
[11.755s] Level 1:colcon.colcon_core.environment:checking '/home/levin/Semi-Automated-Programming-of-Industrial-Robotic-Systems-Using-Large-Language-Models/install/ur10e_control' for CMake module files
[11.755s] DEBUG:colcon.colcon_core.event_handler.log_command:Invoked command in '/home/levin/Semi-Automated-Programming-of-Industrial-Robotic-Systems-Using-Large-Language-Models/build/ur10e_control' returned '0': CMAKE_PREFIX_PATH=/opt/ros/humble /usr/bin/cmake --install /home/levin/Semi-Automated-Programming-of-Industrial-Robotic-Systems-Using-Large-Language-Models/build/ur10e_control
[11.756s] Level 1:colcon.colcon_core.environment:checking '/home/levin/Semi-Automated-Programming-of-Industrial-Robotic-Systems-Using-Large-Language-Models/install/ur10e_control' for CMake config files
[11.756s] Level 1:colcon.colcon_core.shell:create_environment_hook('ur10e_control', 'cmake_prefix_path')
[11.756s] INFO:colcon.colcon_core.shell:Creating environment hook '/home/levin/Semi-Automated-Programming-of-Industrial-Robotic-Systems-Using-Large-Language-Models/install/ur10e_control/share/ur10e_control/hook/cmake_prefix_path.ps1'
[11.757s] INFO:colcon.colcon_core.shell:Creating environment descriptor '/home/levin/Semi-Automated-Programming-of-Industrial-Robotic-Systems-Using-Large-Language-Models/install/ur10e_control/share/ur10e_control/hook/cmake_prefix_path.dsv'
[11.758s] INFO:colcon.colcon_core.shell:Creating environment hook '/home/levin/Semi-Automated-Programming-of-Industrial-Robotic-Systems-Using-Large-Language-Models/install/ur10e_control/share/ur10e_control/hook/cmake_prefix_path.sh'
[11.758s] Level 1:colcon.colcon_core.environment:checking '/home/levin/Semi-Automated-Programming-of-Industrial-Robotic-Systems-Using-Large-Language-Models/install/ur10e_control/lib'
[11.759s] Level 1:colcon.colcon_core.environment:checking '/home/levin/Semi-Automated-Programming-of-Industrial-Robotic-Systems-Using-Large-Language-Models/install/ur10e_control/bin'
[11.759s] Level 1:colcon.colcon_core.environment:checking '/home/levin/Semi-Automated-Programming-of-Industrial-Robotic-Systems-Using-Large-Language-Models/install/ur10e_control/lib/pkgconfig/ur10e_control.pc'
[11.759s] Level 1:colcon.colcon_core.environment:checking '/home/levin/Semi-Automated-Programming-of-Industrial-Robotic-Systems-Using-Large-Language-Models/install/ur10e_control/lib/python3.10/site-packages'
[11.759s] Level 1:colcon.colcon_core.environment:checking '/home/levin/Semi-Automated-Programming-of-Industrial-Robotic-Systems-Using-Large-Language-Models/install/ur10e_control/bin'
[11.759s] INFO:colcon.colcon_core.shell:Creating package script '/home/levin/Semi-Automated-Programming-of-Industrial-Robotic-Systems-Using-Large-Language-Models/install/ur10e_control/share/ur10e_control/package.ps1'
[11.760s] INFO:colcon.colcon_core.shell:Creating package descriptor '/home/levin/Semi-Automated-Programming-of-Industrial-Robotic-Systems-Using-Large-Language-Models/install/ur10e_control/share/ur10e_control/package.dsv'
[11.760s] INFO:colcon.colcon_core.shell:Creating package script '/home/levin/Semi-Automated-Programming-of-Industrial-Robotic-Systems-Using-Large-Language-Models/install/ur10e_control/share/ur10e_control/package.sh'
[11.760s] INFO:colcon.colcon_core.shell:Creating package script '/home/levin/Semi-Automated-Programming-of-Industrial-Robotic-Systems-Using-Large-Language-Models/install/ur10e_control/share/ur10e_control/package.bash'
[11.760s] INFO:colcon.colcon_core.shell:Creating package script '/home/levin/Semi-Automated-Programming-of-Industrial-Robotic-Systems-Using-Large-Language-Models/install/ur10e_control/share/ur10e_control/package.zsh'
[11.761s] Level 1:colcon.colcon_core.environment:create_file_with_runtime_dependencies(/home/levin/Semi-Automated-Programming-of-Industrial-Robotic-Systems-Using-Large-Language-Models/install/ur10e_control/share/colcon-core/packages/ur10e_control)
[11.761s] Level 1:colcon.colcon_core.environment:create_environment_scripts_only(ur10e_control)
[11.761s] Level 1:colcon.colcon_core.environment:checking '/home/levin/Semi-Automated-Programming-of-Industrial-Robotic-Systems-Using-Large-Language-Models/install/ur10e_control' for CMake module files
[11.762s] Level 1:colcon.colcon_core.environment:checking '/home/levin/Semi-Automated-Programming-of-Industrial-Robotic-Systems-Using-Large-Language-Models/install/ur10e_control' for CMake config files
[11.762s] Level 1:colcon.colcon_core.shell:create_environment_hook('ur10e_control', 'cmake_prefix_path')
[11.762s] INFO:colcon.colcon_core.shell:Creating environment hook '/home/levin/Semi-Automated-Programming-of-Industrial-Robotic-Systems-Using-Large-Language-Models/install/ur10e_control/share/ur10e_control/hook/cmake_prefix_path.ps1'
[11.762s] INFO:colcon.colcon_core.shell:Creating environment descriptor '/home/levin/Semi-Automated-Programming-of-Industrial-Robotic-Systems-Using-Large-Language-Models/install/ur10e_control/share/ur10e_control/hook/cmake_prefix_path.dsv'
[11.763s] INFO:colcon.colcon_core.shell:Creating environment hook '/home/levin/Semi-Automated-Programming-of-Industrial-Robotic-Systems-Using-Large-Language-Models/install/ur10e_control/share/ur10e_control/hook/cmake_prefix_path.sh'
[11.763s] Level 1:colcon.colcon_core.environment:checking '/home/levin/Semi-Automated-Programming-of-Industrial-Robotic-Systems-Using-Large-Language-Models/install/ur10e_control/lib'
[11.763s] Level 1:colcon.colcon_core.environment:checking '/home/levin/Semi-Automated-Programming-of-Industrial-Robotic-Systems-Using-Large-Language-Models/install/ur10e_control/bin'
[11.763s] Level 1:colcon.colcon_core.environment:checking '/home/levin/Semi-Automated-Programming-of-Industrial-Robotic-Systems-Using-Large-Language-Models/install/ur10e_control/lib/pkgconfig/ur10e_control.pc'
[11.764s] Level 1:colcon.colcon_core.environment:checking '/home/levin/Semi-Automated-Programming-of-Industrial-Robotic-Systems-Using-Large-Language-Models/install/ur10e_control/lib/python3.10/site-packages'
[11.764s] Level 1:colcon.colcon_core.environment:checking '/home/levin/Semi-Automated-Programming-of-Industrial-Robotic-Systems-Using-Large-Language-Models/install/ur10e_control/bin'
[11.764s] INFO:colcon.colcon_core.shell:Creating package script '/home/levin/Semi-Automated-Programming-of-Industrial-Robotic-Systems-Using-Large-Language-Models/install/ur10e_control/share/ur10e_control/package.ps1'
[11.765s] INFO:colcon.colcon_core.shell:Creating package descriptor '/home/levin/Semi-Automated-Programming-of-Industrial-Robotic-Systems-Using-Large-Language-Models/install/ur10e_control/share/ur10e_control/package.dsv'
[11.765s] INFO:colcon.colcon_core.shell:Creating package script '/home/levin/Semi-Automated-Programming-of-Industrial-Robotic-Systems-Using-Large-Language-Models/install/ur10e_control/share/ur10e_control/package.sh'
[11.765s] INFO:colcon.colcon_core.shell:Creating package script '/home/levin/Semi-Automated-Programming-of-Industrial-Robotic-Systems-Using-Large-Language-Models/install/ur10e_control/share/ur10e_control/package.bash'
[11.765s] INFO:colcon.colcon_core.shell:Creating package script '/home/levin/Semi-Automated-Programming-of-Industrial-Robotic-Systems-Using-Large-Language-Models/install/ur10e_control/share/ur10e_control/package.zsh'
[11.766s] Level 1:colcon.colcon_core.environment:create_file_with_runtime_dependencies(/home/levin/Semi-Automated-Programming-of-Industrial-Robotic-Systems-Using-Large-Language-Models/install/ur10e_control/share/colcon-core/packages/ur10e_control)
[23.178s] DEBUG:colcon.colcon_core.event_handler.log_command:Invoked command in '/home/levin/Semi-Automated-Programming-of-Industrial-Robotic-Systems-Using-Large-Language-Models/build/ur10e_hl_interface' returned '0': CMAKE_PREFIX_PATH=/opt/ros/humble /usr/bin/cmake --build /home/levin/Semi-Automated-Programming-of-Industrial-Robotic-Systems-Using-Large-Language-Models/build/ur10e_hl_interface -- -j20 -l20
[23.180s] DEBUG:colcon.colcon_core.event_handler.log_command:Invoking command in '/home/levin/Semi-Automated-Programming-of-Industrial-Robotic-Systems-Using-Large-Language-Models/build/ur10e_hl_interface': CMAKE_PREFIX_PATH=/opt/ros/humble /usr/bin/cmake --install /home/levin/Semi-Automated-Programming-of-Industrial-Robotic-Systems-Using-Large-Language-Models/build/ur10e_hl_interface
[23.348s] Level 1:colcon.colcon_core.environment:create_environment_scripts_only(ur10e_hl_interface)
[23.349s] Level 1:colcon.colcon_core.environment:checking '/home/levin/Semi-Automated-Programming-of-Industrial-Robotic-Systems-Using-Large-Language-Models/install/ur10e_hl_interface' for CMake module files
[23.350s] DEBUG:colcon.colcon_core.event_handler.log_command:Invoked command in '/home/levin/Semi-Automated-Programming-of-Industrial-Robotic-Systems-Using-Large-Language-Models/build/ur10e_hl_interface' returned '0': CMAKE_PREFIX_PATH=/opt/ros/humble /usr/bin/cmake --install /home/levin/Semi-Automated-Programming-of-Industrial-Robotic-Systems-Using-Large-Language-Models/build/ur10e_hl_interface
[23.350s] Level 1:colcon.colcon_core.environment:checking '/home/levin/Semi-Automated-Programming-of-Industrial-Robotic-Systems-Using-Large-Language-Models/install/ur10e_hl_interface' for CMake config files
[23.350s] Level 1:colcon.colcon_core.shell:create_environment_hook('ur10e_hl_interface', 'cmake_prefix_path')
[23.351s] INFO:colcon.colcon_core.shell:Creating environment hook '/home/levin/Semi-Automated-Programming-of-Industrial-Robotic-Systems-Using-Large-Language-Models/install/ur10e_hl_interface/share/ur10e_hl_interface/hook/cmake_prefix_path.ps1'
[23.352s] INFO:colcon.colcon_core.shell:Creating environment descriptor '/home/levin/Semi-Automated-Programming-of-Industrial-Robotic-Systems-Using-Large-Language-Models/install/ur10e_hl_interface/share/ur10e_hl_interface/hook/cmake_prefix_path.dsv'
[23.352s] INFO:colcon.colcon_core.shell:Creating environment hook '/home/levin/Semi-Automated-Programming-of-Industrial-Robotic-Systems-Using-Large-Language-Models/install/ur10e_hl_interface/share/ur10e_hl_interface/hook/cmake_prefix_path.sh'
[23.353s] Level 1:colcon.colcon_core.environment:checking '/home/levin/Semi-Automated-Programming-of-Industrial-Robotic-Systems-Using-Large-Language-Models/install/ur10e_hl_interface/lib'
[23.353s] Level 1:colcon.colcon_core.environment:checking '/home/levin/Semi-Automated-Programming-of-Industrial-Robotic-Systems-Using-Large-Language-Models/install/ur10e_hl_interface/bin'
[23.353s] Level 1:colcon.colcon_core.environment:checking '/home/levin/Semi-Automated-Programming-of-Industrial-Robotic-Systems-Using-Large-Language-Models/install/ur10e_hl_interface/lib/pkgconfig/ur10e_hl_interface.pc'
[23.354s] Level 1:colcon.colcon_core.environment:checking '/home/levin/Semi-Automated-Programming-of-Industrial-Robotic-Systems-Using-Large-Language-Models/install/ur10e_hl_interface/lib/python3.10/site-packages'
[23.354s] Level 1:colcon.colcon_core.environment:checking '/home/levin/Semi-Automated-Programming-of-Industrial-Robotic-Systems-Using-Large-Language-Models/install/ur10e_hl_interface/bin'
[23.354s] INFO:colcon.colcon_core.shell:Creating package script '/home/levin/Semi-Automated-Programming-of-Industrial-Robotic-Systems-Using-Large-Language-Models/install/ur10e_hl_interface/share/ur10e_hl_interface/package.ps1'
[23.355s] INFO:colcon.colcon_core.shell:Creating package descriptor '/home/levin/Semi-Automated-Programming-of-Industrial-Robotic-Systems-Using-Large-Language-Models/install/ur10e_hl_interface/share/ur10e_hl_interface/package.dsv'
[23.355s] INFO:colcon.colcon_core.shell:Creating package script '/home/levin/Semi-Automated-Programming-of-Industrial-Robotic-Systems-Using-Large-Language-Models/install/ur10e_hl_interface/share/ur10e_hl_interface/package.sh'
[23.356s] INFO:colcon.colcon_core.shell:Creating package script '/home/levin/Semi-Automated-Programming-of-Industrial-Robotic-Systems-Using-Large-Language-Models/install/ur10e_hl_interface/share/ur10e_hl_interface/package.bash'
[23.356s] INFO:colcon.colcon_core.shell:Creating package script '/home/levin/Semi-Automated-Programming-of-Industrial-Robotic-Systems-Using-Large-Language-Models/install/ur10e_hl_interface/share/ur10e_hl_interface/package.zsh'
[23.357s] Level 1:colcon.colcon_core.environment:create_file_with_runtime_dependencies(/home/levin/Semi-Automated-Programming-of-Industrial-Robotic-Systems-Using-Large-Language-Models/install/ur10e_hl_interface/share/colcon-core/packages/ur10e_hl_interface)
[23.357s] Level 1:colcon.colcon_core.environment:create_environment_scripts_only(ur10e_hl_interface)
[23.358s] Level 1:colcon.colcon_core.environment:checking '/home/levin/Semi-Automated-Programming-of-Industrial-Robotic-Systems-Using-Large-Language-Models/install/ur10e_hl_interface' for CMake module files
[23.358s] Level 1:colcon.colcon_core.environment:checking '/home/levin/Semi-Automated-Programming-of-Industrial-Robotic-Systems-Using-Large-Language-Models/install/ur10e_hl_interface' for CMake config files
[23.358s] Level 1:colcon.colcon_core.shell:create_environment_hook('ur10e_hl_interface', 'cmake_prefix_path')
[23.359s] INFO:colcon.colcon_core.shell:Creating environment hook '/home/levin/Semi-Automated-Programming-of-Industrial-Robotic-Systems-Using-Large-Language-Models/install/ur10e_hl_interface/share/ur10e_hl_interface/hook/cmake_prefix_path.ps1'
[23.359s] INFO:colcon.colcon_core.shell:Creating environment descriptor '/home/levin/Semi-Automated-Programming-of-Industrial-Robotic-Systems-Using-Large-Language-Models/install/ur10e_hl_interface/share/ur10e_hl_interface/hook/cmake_prefix_path.dsv'
[23.359s] INFO:colcon.colcon_core.shell:Creating environment hook '/home/levin/Semi-Automated-Programming-of-Industrial-Robotic-Systems-Using-Large-Language-Models/install/ur10e_hl_interface/share/ur10e_hl_interface/hook/cmake_prefix_path.sh'
[23.360s] Level 1:colcon.colcon_core.environment:checking '/home/levin/Semi-Automated-Programming-of-Industrial-Robotic-Systems-Using-Large-Language-Models/install/ur10e_hl_interface/lib'
[23.360s] Level 1:colcon.colcon_core.environment:checking '/home/levin/Semi-Automated-Programming-of-Industrial-Robotic-Systems-Using-Large-Language-Models/install/ur10e_hl_interface/bin'
[23.360s] Level 1:colcon.colcon_core.environment:checking '/home/levin/Semi-Automated-Programming-of-Industrial-Robotic-Systems-Using-Large-Language-Models/install/ur10e_hl_interface/lib/pkgconfig/ur10e_hl_interface.pc'
[23.360s] Level 1:colcon.colcon_core.environment:checking '/home/levin/Semi-Automated-Programming-of-Industrial-Robotic-Systems-Using-Large-Language-Models/install/ur10e_hl_interface/lib/python3.10/site-packages'
[23.361s] Level 1:colcon.colcon_core.environment:checking '/home/levin/Semi-Automated-Programming-of-Industrial-Robotic-Systems-Using-Large-Language-Models/install/ur10e_hl_interface/bin'
[23.361s] INFO:colcon.colcon_core.shell:Creating package script '/home/levin/Semi-Automated-Programming-of-Industrial-Robotic-Systems-Using-Large-Language-Models/install/ur10e_hl_interface/share/ur10e_hl_interface/package.ps1'
[23.362s] INFO:colcon.colcon_core.shell:Creating package descriptor '/home/levin/Semi-Automated-Programming-of-Industrial-Robotic-Systems-Using-Large-Language-Models/install/ur10e_hl_interface/share/ur10e_hl_interface/package.dsv'
[23.363s] INFO:colcon.colcon_core.shell:Creating package script '/home/levin/Semi-Automated-Programming-of-Industrial-Robotic-Systems-Using-Large-Language-Models/install/ur10e_hl_interface/share/ur10e_hl_interface/package.sh'
[23.363s] INFO:colcon.colcon_core.shell:Creating package script '/home/levin/Semi-Automated-Programming-of-Industrial-Robotic-Systems-Using-Large-Language-Models/install/ur10e_hl_interface/share/ur10e_hl_interface/package.bash'
[23.364s] INFO:colcon.colcon_core.shell:Creating package script '/home/levin/Semi-Automated-Programming-of-Industrial-Robotic-Systems-Using-Large-Language-Models/install/ur10e_hl_interface/share/ur10e_hl_interface/package.zsh'
[23.364s] Level 1:colcon.colcon_core.environment:create_file_with_runtime_dependencies(/home/levin/Semi-Automated-Programming-of-Industrial-Robotic-Systems-Using-Large-Language-Models/install/ur10e_hl_interface/share/colcon-core/packages/ur10e_hl_interface)
[23.364s] DEBUG:colcon.colcon_parallel_executor.executor.parallel:closing loop
[23.365s] DEBUG:colcon.colcon_parallel_executor.executor.parallel:loop closed
[23.365s] DEBUG:colcon.colcon_parallel_executor.executor.parallel:run_until_complete finished with '0'
[23.365s] DEBUG:colcon.colcon_core.event_reactor:joining thread
[23.373s] INFO:colcon.colcon_core.plugin_system:Skipping extension 'colcon_notification.desktop_notification.terminal_notifier': Not used on non-Darwin systems
[23.373s] INFO:colcon.colcon_core.plugin_system:Skipping extension 'colcon_notification.desktop_notification.win32': Not used on non-Windows systems
[23.373s] INFO:colcon.colcon_notification.desktop_notification:Sending desktop notification using 'notify2'
[23.391s] DEBUG:colcon.colcon_core.event_reactor:joined thread
[23.391s] INFO:colcon.colcon_core.shell:Creating prefix script '/home/levin/Semi-Automated-Programming-of-Industrial-Robotic-Systems-Using-Large-Language-Models/install/local_setup.ps1'
[23.393s] INFO:colcon.colcon_core.shell:Creating prefix util module '/home/levin/Semi-Automated-Programming-of-Industrial-Robotic-Systems-Using-Large-Language-Models/install/_local_setup_util_ps1.py'
[23.395s] INFO:colcon.colcon_core.shell:Creating prefix chain script '/home/levin/Semi-Automated-Programming-of-Industrial-Robotic-Systems-Using-Large-Language-Models/install/setup.ps1'
[23.396s] INFO:colcon.colcon_core.shell:Creating prefix script '/home/levin/Semi-Automated-Programming-of-Industrial-Robotic-Systems-Using-Large-Language-Models/install/local_setup.sh'
[23.397s] INFO:colcon.colcon_core.shell:Creating prefix util module '/home/levin/Semi-Automated-Programming-of-Industrial-Robotic-Systems-Using-Large-Language-Models/install/_local_setup_util_sh.py'
[23.398s] INFO:colcon.colcon_core.shell:Creating prefix chain script '/home/levin/Semi-Automated-Programming-of-Industrial-Robotic-Systems-Using-Large-Language-Models/install/setup.sh'
[23.399s] INFO:colcon.colcon_core.shell:Creating prefix script '/home/levin/Semi-Automated-Programming-of-Industrial-Robotic-Systems-Using-Large-Language-Models/install/local_setup.bash'
[23.399s] INFO:colcon.colcon_core.shell:Creating prefix chain script '/home/levin/Semi-Automated-Programming-of-Industrial-Robotic-Systems-Using-Large-Language-Models/install/setup.bash'
[23.401s] INFO:colcon.colcon_core.shell:Creating prefix script '/home/levin/Semi-Automated-Programming-of-Industrial-Robotic-Systems-Using-Large-Language-Models/install/local_setup.zsh'
[23.401s] INFO:colcon.colcon_core.shell:Creating prefix chain script '/home/levin/Semi-Automated-Programming-of-Industrial-Robotic-Systems-Using-Large-Language-Models/install/setup.zsh'
