[0.020s] Invoking command in '/home/levin/Semi-Automated-Programming-of-Industrial-Robotic-Systems-Using-Large-Language-Models/build/ur_with_gripper_moveit_config': AMENT_PREFIX_PATH=/home/levin/Semi-Automated-Programming-of-Industrial-Robotic-Systems-Using-Large-Language-Models/install/ur_with_gripper:/home/levin/Semi-Automated-Programming-of-Industrial-Robotic-Systems-Using-Large-Language-Models/install/custom_gripper:${AMENT_PREFIX_PATH} CMAKE_PREFIX_PATH=/home/levin/Semi-Automated-Programming-of-Industrial-Robotic-Systems-Using-Large-Language-Models/install/ur_with_gripper:/home/levin/Semi-Automated-Programming-of-Industrial-Robotic-Systems-Using-Large-Language-Models/install/custom_gripper:/opt/ros/humble /usr/bin/cmake --build /home/levin/Semi-Automated-Programming-of-Industrial-Robotic-Systems-Using-Large-Language-Models/build/ur_with_gripper_moveit_config -- -j20 -l20
[0.085s] Invoked command in '/home/levin/Semi-Automated-Programming-of-Industrial-Robotic-Systems-Using-Large-Language-Models/build/ur_with_gripper_moveit_config' returned '0': AMENT_PREFIX_PATH=/home/levin/Semi-Automated-Programming-of-Industrial-Robotic-Systems-Using-Large-Language-Models/install/ur_with_gripper:/home/levin/Semi-Automated-Programming-of-Industrial-Robotic-Systems-Using-Large-Language-Models/install/custom_gripper:${AMENT_PREFIX_PATH} CMAKE_PREFIX_PATH=/home/levin/Semi-Automated-Programming-of-Industrial-Robotic-Systems-Using-Large-Language-Models/install/ur_with_gripper:/home/levin/Semi-Automated-Programming-of-Industrial-Robotic-Systems-Using-Large-Language-Models/install/custom_gripper:/opt/ros/humble /usr/bin/cmake --build /home/levin/Semi-Automated-Programming-of-Industrial-Robotic-Systems-Using-Large-Language-Models/build/ur_with_gripper_moveit_config -- -j20 -l20
[0.104s] Invoking command in '/home/levin/Semi-Automated-Programming-of-Industrial-Robotic-Systems-Using-Large-Language-Models/build/ur_with_gripper_moveit_config': AMENT_PREFIX_PATH=/home/levin/Semi-Automated-Programming-of-Industrial-Robotic-Systems-Using-Large-Language-Models/install/ur_with_gripper:/home/levin/Semi-Automated-Programming-of-Industrial-Robotic-Systems-Using-Large-Language-Models/install/custom_gripper:${AMENT_PREFIX_PATH} CMAKE_PREFIX_PATH=/home/levin/Semi-Automated-Programming-of-Industrial-Robotic-Systems-Using-Large-Language-Models/install/ur_with_gripper:/home/levin/Semi-Automated-Programming-of-Industrial-Robotic-Systems-Using-Large-Language-Models/install/custom_gripper:/opt/ros/humble /usr/bin/cmake --install /home/levin/Semi-Automated-Programming-of-Industrial-Robotic-Systems-Using-Large-Language-Models/build/ur_with_gripper_moveit_config
[0.116s] -- Install configuration: ""
[0.116s] -- Up-to-date: /home/levin/Semi-Automated-Programming-of-Industrial-Robotic-Systems-Using-Large-Language-Models/install/ur_with_gripper_moveit_config/share/ament_index/resource_index/package_run_dependencies/ur_with_gripper_moveit_config
[0.116s] -- Up-to-date: /home/levin/Semi-Automated-Programming-of-Industrial-Robotic-Systems-Using-Large-Language-Models/install/ur_with_gripper_moveit_config/share/ament_index/resource_index/parent_prefix_path/ur_with_gripper_moveit_config
[0.116s] -- Up-to-date: /home/levin/Semi-Automated-Programming-of-Industrial-Robotic-Systems-Using-Large-Language-Models/install/ur_with_gripper_moveit_config/share/ur_with_gripper_moveit_config/environment/ament_prefix_path.sh
[0.116s] -- Up-to-date: /home/levin/Semi-Automated-Programming-of-Industrial-Robotic-Systems-Using-Large-Language-Models/install/ur_with_gripper_moveit_config/share/ur_with_gripper_moveit_config/environment/ament_prefix_path.dsv
[0.116s] -- Up-to-date: /home/levin/Semi-Automated-Programming-of-Industrial-Robotic-Systems-Using-Large-Language-Models/install/ur_with_gripper_moveit_config/share/ur_with_gripper_moveit_config/environment/path.sh
[0.116s] -- Up-to-date: /home/levin/Semi-Automated-Programming-of-Industrial-Robotic-Systems-Using-Large-Language-Models/install/ur_with_gripper_moveit_config/share/ur_with_gripper_moveit_config/environment/path.dsv
[0.116s] -- Up-to-date: /home/levin/Semi-Automated-Programming-of-Industrial-Robotic-Systems-Using-Large-Language-Models/install/ur_with_gripper_moveit_config/share/ur_with_gripper_moveit_config/local_setup.bash
[0.116s] -- Up-to-date: /home/levin/Semi-Automated-Programming-of-Industrial-Robotic-Systems-Using-Large-Language-Models/install/ur_with_gripper_moveit_config/share/ur_with_gripper_moveit_config/local_setup.sh
[0.116s] -- Up-to-date: /home/levin/Semi-Automated-Programming-of-Industrial-Robotic-Systems-Using-Large-Language-Models/install/ur_with_gripper_moveit_config/share/ur_with_gripper_moveit_config/local_setup.zsh
[0.116s] -- Up-to-date: /home/levin/Semi-Automated-Programming-of-Industrial-Robotic-Systems-Using-Large-Language-Models/install/ur_with_gripper_moveit_config/share/ur_with_gripper_moveit_config/local_setup.dsv
[0.116s] -- Up-to-date: /home/levin/Semi-Automated-Programming-of-Industrial-Robotic-Systems-Using-Large-Language-Models/install/ur_with_gripper_moveit_config/share/ur_with_gripper_moveit_config/package.dsv
[0.116s] -- Up-to-date: /home/levin/Semi-Automated-Programming-of-Industrial-Robotic-Systems-Using-Large-Language-Models/install/ur_with_gripper_moveit_config/share/ament_index/resource_index/packages/ur_with_gripper_moveit_config
[0.116s] -- Up-to-date: /home/levin/Semi-Automated-Programming-of-Industrial-Robotic-Systems-Using-Large-Language-Models/install/ur_with_gripper_moveit_config/share/ur_with_gripper_moveit_config/cmake/ur_with_gripper_moveit_configConfig.cmake
[0.116s] -- Up-to-date: /home/levin/Semi-Automated-Programming-of-Industrial-Robotic-Systems-Using-Large-Language-Models/install/ur_with_gripper_moveit_config/share/ur_with_gripper_moveit_config/cmake/ur_with_gripper_moveit_configConfig-version.cmake
[0.116s] -- Up-to-date: /home/levin/Semi-Automated-Programming-of-Industrial-Robotic-Systems-Using-Large-Language-Models/install/ur_with_gripper_moveit_config/share/ur_with_gripper_moveit_config/package.xml
[0.117s] -- Up-to-date: /home/levin/Semi-Automated-Programming-of-Industrial-Robotic-Systems-Using-Large-Language-Models/install/ur_with_gripper_moveit_config/share/ur_with_gripper_moveit_config/launch
[0.117s] -- Up-to-date: /home/levin/Semi-Automated-Programming-of-Industrial-Robotic-Systems-Using-Large-Language-Models/install/ur_with_gripper_moveit_config/share/ur_with_gripper_moveit_config/launch/rsp.launch.py
[0.117s] -- Up-to-date: /home/levin/Semi-Automated-Programming-of-Industrial-Robotic-Systems-Using-Large-Language-Models/install/ur_with_gripper_moveit_config/share/ur_with_gripper_moveit_config/launch/moveit_rviz.launch.py
[0.117s] -- Up-to-date: /home/levin/Semi-Automated-Programming-of-Industrial-Robotic-Systems-Using-Large-Language-Models/install/ur_with_gripper_moveit_config/share/ur_with_gripper_moveit_config/launch/demo.launch.py
[0.117s] -- Up-to-date: /home/levin/Semi-Automated-Programming-of-Industrial-Robotic-Systems-Using-Large-Language-Models/install/ur_with_gripper_moveit_config/share/ur_with_gripper_moveit_config/launch/spawn_controllers.launch.py
[0.117s] -- Up-to-date: /home/levin/Semi-Automated-Programming-of-Industrial-Robotic-Systems-Using-Large-Language-Models/install/ur_with_gripper_moveit_config/share/ur_with_gripper_moveit_config/launch/move_group.launch.py
[0.117s] -- Up-to-date: /home/levin/Semi-Automated-Programming-of-Industrial-Robotic-Systems-Using-Large-Language-Models/install/ur_with_gripper_moveit_config/share/ur_with_gripper_moveit_config/launch/static_virtual_joint_tfs.launch.py
[0.117s] -- Up-to-date: /home/levin/Semi-Automated-Programming-of-Industrial-Robotic-Systems-Using-Large-Language-Models/install/ur_with_gripper_moveit_config/share/ur_with_gripper_moveit_config/launch/warehouse_db.launch.py
[0.117s] -- Up-to-date: /home/levin/Semi-Automated-Programming-of-Industrial-Robotic-Systems-Using-Large-Language-Models/install/ur_with_gripper_moveit_config/share/ur_with_gripper_moveit_config/launch/setup_assistant.launch.py
[0.117s] -- Up-to-date: /home/levin/Semi-Automated-Programming-of-Industrial-Robotic-Systems-Using-Large-Language-Models/install/ur_with_gripper_moveit_config/share/ur_with_gripper_moveit_config/config
[0.117s] -- Up-to-date: /home/levin/Semi-Automated-Programming-of-Industrial-Robotic-Systems-Using-Large-Language-Models/install/ur_with_gripper_moveit_config/share/ur_with_gripper_moveit_config/config/initial_positions.yaml
[0.118s] -- Up-to-date: /home/levin/Semi-Automated-Programming-of-Industrial-Robotic-Systems-Using-Large-Language-Models/install/ur_with_gripper_moveit_config/share/ur_with_gripper_moveit_config/config/ur_servo.yaml
[0.118s] -- Up-to-date: /home/levin/Semi-Automated-Programming-of-Industrial-Robotic-Systems-Using-Large-Language-Models/install/ur_with_gripper_moveit_config/share/ur_with_gripper_moveit_config/config/moveit.rviz
[0.118s] -- Up-to-date: /home/levin/Semi-Automated-Programming-of-Industrial-Robotic-Systems-Using-Large-Language-Models/install/ur_with_gripper_moveit_config/share/ur_with_gripper_moveit_config/config/joint_limits.yaml
[0.118s] -- Up-to-date: /home/levin/Semi-Automated-Programming-of-Industrial-Robotic-Systems-Using-Large-Language-Models/install/ur_with_gripper_moveit_config/share/ur_with_gripper_moveit_config/config/kinematics.yaml
[0.118s] -- Up-to-date: /home/levin/Semi-Automated-Programming-of-Industrial-Robotic-Systems-Using-Large-Language-Models/install/ur_with_gripper_moveit_config/share/ur_with_gripper_moveit_config/config/ros2_controllers.yaml
[0.118s] -- Up-to-date: /home/levin/Semi-Automated-Programming-of-Industrial-Robotic-Systems-Using-Large-Language-Models/install/ur_with_gripper_moveit_config/share/ur_with_gripper_moveit_config/config/pilz_cartesian_limits.yaml
[0.118s] -- Up-to-date: /home/levin/Semi-Automated-Programming-of-Industrial-Robotic-Systems-Using-Large-Language-Models/install/ur_with_gripper_moveit_config/share/ur_with_gripper_moveit_config/config/ur.urdf.xacro
[0.118s] -- Up-to-date: /home/levin/Semi-Automated-Programming-of-Industrial-Robotic-Systems-Using-Large-Language-Models/install/ur_with_gripper_moveit_config/share/ur_with_gripper_moveit_config/config/ur.ros2_control.xacro
[0.118s] -- Up-to-date: /home/levin/Semi-Automated-Programming-of-Industrial-Robotic-Systems-Using-Large-Language-Models/install/ur_with_gripper_moveit_config/share/ur_with_gripper_moveit_config/config/ur.srdf
[0.118s] -- Up-to-date: /home/levin/Semi-Automated-Programming-of-Industrial-Robotic-Systems-Using-Large-Language-Models/install/ur_with_gripper_moveit_config/share/ur_with_gripper_moveit_config/config/moveit_controllers.yaml
[0.118s] -- Up-to-date: /home/levin/Semi-Automated-Programming-of-Industrial-Robotic-Systems-Using-Large-Language-Models/install/ur_with_gripper_moveit_config/share/ur_with_gripper_moveit_config/config/sensors_3d.yaml
[0.118s] -- Up-to-date: /home/levin/Semi-Automated-Programming-of-Industrial-Robotic-Systems-Using-Large-Language-Models/install/ur_with_gripper_moveit_config/share/ur_with_gripper_moveit_config/.setup_assistant
[0.120s] Invoked command in '/home/levin/Semi-Automated-Programming-of-Industrial-Robotic-Systems-Using-Large-Language-Models/build/ur_with_gripper_moveit_config' returned '0': AMENT_PREFIX_PATH=/home/levin/Semi-Automated-Programming-of-Industrial-Robotic-Systems-Using-Large-Language-Models/install/ur_with_gripper:/home/levin/Semi-Automated-Programming-of-Industrial-Robotic-Systems-Using-Large-Language-Models/install/custom_gripper:${AMENT_PREFIX_PATH} CMAKE_PREFIX_PATH=/home/levin/Semi-Automated-Programming-of-Industrial-Robotic-Systems-Using-Large-Language-Models/install/ur_with_gripper:/home/levin/Semi-Automated-Programming-of-Industrial-Robotic-Systems-Using-Large-Language-Models/install/custom_gripper:/opt/ros/humble /usr/bin/cmake --install /home/levin/Semi-Automated-Programming-of-Industrial-Robotic-Systems-Using-Large-Language-Models/build/ur_with_gripper_moveit_config
