[0.117s] DEBUG:colcon:Command line arguments: ['/usr/bin/colcon', 'build', '--packages-select', 'custom_gripper', 'ur_with_gripper', 'ur_with_gripper_moveit_config']
[0.117s] DEBUG:colcon:Parsed command line arguments: Namespace(log_base=None, log_level=None, verb_name='build', build_base='build', install_base='install', merge_install=False, symlink_install=False, test_result_base=None, continue_on_error=False, executor='parallel', parallel_workers=20, event_handlers=None, ignore_user_meta=False, metas=['./colcon.meta'], base_paths=['.'], packages_ignore=None, packages_ignore_regex=None, paths=None, packages_up_to=None, packages_up_to_regex=None, packages_above=None, packages_above_and_dependencies=None, packages_above_depth=None, packages_select_by_dep=None, packages_skip_by_dep=None, packages_skip_up_to=None, packages_select_build_failed=False, packages_skip_build_finished=False, packages_select_test_failures=False, packages_skip_test_passed=False, packages_select=['custom_gripper', 'ur_with_gripper', 'ur_with_gripper_moveit_config'], packages_skip=None, packages_select_regex=None, packages_skip_regex=None, packages_start=None, packages_end=None, allow_overriding=[], cmake_args=None, cmake_target=None, cmake_target_skip_unavailable=False, cmake_clean_cache=False, cmake_clean_first=False, cmake_force_configure=False, ament_cmake_args=None, catkin_cmake_args=None, catkin_skip_building_tests=False, verb_parser=<colcon_defaults.argument_parser.defaults.DefaultArgumentsDecorator object at 0x70fbea7723b0>, verb_extension=<colcon_core.verb.build.BuildVerb object at 0x70fbea863790>, main=<bound method BuildVerb.main of <colcon_core.verb.build.BuildVerb object at 0x70fbea863790>>)
[0.335s] Level 1:colcon.colcon_core.package_discovery:discover_packages(colcon_meta) check parameters
[0.335s] Level 1:colcon.colcon_core.package_discovery:discover_packages(recursive) check parameters
[0.335s] Level 1:colcon.colcon_core.package_discovery:discover_packages(ignore) check parameters
[0.335s] Level 1:colcon.colcon_core.package_discovery:discover_packages(path) check parameters
[0.336s] Level 1:colcon.colcon_core.package_discovery:discover_packages(colcon_meta) discover
[0.336s] Level 1:colcon.colcon_core.package_discovery:discover_packages(recursive) discover
[0.336s] INFO:colcon.colcon_core.package_discovery:Crawling recursively for packages in '/home/levin/Semi-Automated-Programming-of-Industrial-Robotic-Systems-Using-Large-Language-Models'
[0.336s] Level 1:colcon.colcon_core.package_identification:_identify(.) by extensions ['ignore', 'ignore_ament_install']
[0.336s] Level 1:colcon.colcon_core.package_identification:_identify(.) by extension 'ignore'
[0.336s] Level 1:colcon.colcon_core.package_identification:_identify(.) by extension 'ignore_ament_install'
[0.336s] Level 1:colcon.colcon_core.package_identification:_identify(.) by extensions ['colcon_pkg']
[0.336s] Level 1:colcon.colcon_core.package_identification:_identify(.) by extension 'colcon_pkg'
[0.336s] Level 1:colcon.colcon_core.package_identification:_identify(.) by extensions ['colcon_meta']
[0.336s] Level 1:colcon.colcon_core.package_identification:_identify(.) by extension 'colcon_meta'
[0.336s] Level 1:colcon.colcon_core.package_identification:_identify(.) by extensions ['ros']
[0.336s] Level 1:colcon.colcon_core.package_identification:_identify(.) by extension 'ros'
[0.348s] Level 1:colcon.colcon_core.package_identification:_identify(.) by extensions ['cmake', 'python']
[0.348s] Level 1:colcon.colcon_core.package_identification:_identify(.) by extension 'cmake'
[0.348s] Level 1:colcon.colcon_core.package_identification:_identify(.) by extension 'python'
[0.348s] Level 1:colcon.colcon_core.package_identification:_identify(.) by extensions ['python_setup_py']
[0.348s] Level 1:colcon.colcon_core.package_identification:_identify(.) by extension 'python_setup_py'
[0.348s] Level 1:colcon.colcon_core.package_identification:_identify(GUI) by extensions ['ignore', 'ignore_ament_install']
[0.348s] Level 1:colcon.colcon_core.package_identification:_identify(GUI) by extension 'ignore'
[0.348s] Level 1:colcon.colcon_core.package_identification:_identify(GUI) by extension 'ignore_ament_install'
[0.349s] Level 1:colcon.colcon_core.package_identification:_identify(GUI) by extensions ['colcon_pkg']
[0.349s] Level 1:colcon.colcon_core.package_identification:_identify(GUI) by extension 'colcon_pkg'
[0.349s] Level 1:colcon.colcon_core.package_identification:_identify(GUI) by extensions ['colcon_meta']
[0.349s] Level 1:colcon.colcon_core.package_identification:_identify(GUI) by extension 'colcon_meta'
[0.349s] Level 1:colcon.colcon_core.package_identification:_identify(GUI) by extensions ['ros']
[0.349s] Level 1:colcon.colcon_core.package_identification:_identify(GUI) by extension 'ros'
[0.349s] Level 1:colcon.colcon_core.package_identification:_identify(GUI) by extensions ['cmake', 'python']
[0.349s] Level 1:colcon.colcon_core.package_identification:_identify(GUI) by extension 'cmake'
[0.349s] Level 1:colcon.colcon_core.package_identification:_identify(GUI) by extension 'python'
[0.349s] Level 1:colcon.colcon_core.package_identification:_identify(GUI) by extensions ['python_setup_py']
[0.349s] Level 1:colcon.colcon_core.package_identification:_identify(GUI) by extension 'python_setup_py'
[0.349s] Level 1:colcon.colcon_core.package_identification:_identify(GUI/PROBOT_GUI) by extensions ['ignore', 'ignore_ament_install']
[0.349s] Level 1:colcon.colcon_core.package_identification:_identify(GUI/PROBOT_GUI) by extension 'ignore'
[0.349s] Level 1:colcon.colcon_core.package_identification:_identify(GUI/PROBOT_GUI) by extension 'ignore_ament_install'
[0.349s] Level 1:colcon.colcon_core.package_identification:_identify(GUI/PROBOT_GUI) by extensions ['colcon_pkg']
[0.349s] Level 1:colcon.colcon_core.package_identification:_identify(GUI/PROBOT_GUI) by extension 'colcon_pkg'
[0.349s] Level 1:colcon.colcon_core.package_identification:_identify(GUI/PROBOT_GUI) by extensions ['colcon_meta']
[0.349s] Level 1:colcon.colcon_core.package_identification:_identify(GUI/PROBOT_GUI) by extension 'colcon_meta'
[0.349s] Level 1:colcon.colcon_core.package_identification:_identify(GUI/PROBOT_GUI) by extensions ['ros']
[0.349s] Level 1:colcon.colcon_core.package_identification:_identify(GUI/PROBOT_GUI) by extension 'ros'
[0.349s] Level 1:colcon.colcon_core.package_identification:_identify(GUI/PROBOT_GUI) by extensions ['cmake', 'python']
[0.349s] Level 1:colcon.colcon_core.package_identification:_identify(GUI/PROBOT_GUI) by extension 'cmake'
[0.349s] Level 1:colcon.colcon_core.package_identification:_identify(GUI/PROBOT_GUI) by extension 'python'
[0.349s] Level 1:colcon.colcon_core.package_identification:_identify(GUI/PROBOT_GUI) by extensions ['python_setup_py']
[0.349s] Level 1:colcon.colcon_core.package_identification:_identify(GUI/PROBOT_GUI) by extension 'python_setup_py'
[0.349s] Level 1:colcon.colcon_core.package_identification:_identify(GUI/PROBOT_GUI/Alt) by extensions ['ignore', 'ignore_ament_install']
[0.350s] Level 1:colcon.colcon_core.package_identification:_identify(GUI/PROBOT_GUI/Alt) by extension 'ignore'
[0.350s] Level 1:colcon.colcon_core.package_identification:_identify(GUI/PROBOT_GUI/Alt) by extension 'ignore_ament_install'
[0.350s] Level 1:colcon.colcon_core.package_identification:_identify(GUI/PROBOT_GUI/Alt) by extensions ['colcon_pkg']
[0.350s] Level 1:colcon.colcon_core.package_identification:_identify(GUI/PROBOT_GUI/Alt) by extension 'colcon_pkg'
[0.350s] Level 1:colcon.colcon_core.package_identification:_identify(GUI/PROBOT_GUI/Alt) by extensions ['colcon_meta']
[0.350s] Level 1:colcon.colcon_core.package_identification:_identify(GUI/PROBOT_GUI/Alt) by extension 'colcon_meta'
[0.350s] Level 1:colcon.colcon_core.package_identification:_identify(GUI/PROBOT_GUI/Alt) by extensions ['ros']
[0.350s] Level 1:colcon.colcon_core.package_identification:_identify(GUI/PROBOT_GUI/Alt) by extension 'ros'
[0.350s] Level 1:colcon.colcon_core.package_identification:_identify(GUI/PROBOT_GUI/Alt) by extensions ['cmake', 'python']
[0.350s] Level 1:colcon.colcon_core.package_identification:_identify(GUI/PROBOT_GUI/Alt) by extension 'cmake'
[0.350s] Level 1:colcon.colcon_core.package_identification:_identify(GUI/PROBOT_GUI/Alt) by extension 'python'
[0.350s] Level 1:colcon.colcon_core.package_identification:_identify(GUI/PROBOT_GUI/Alt) by extensions ['python_setup_py']
[0.350s] Level 1:colcon.colcon_core.package_identification:_identify(GUI/PROBOT_GUI/Alt) by extension 'python_setup_py'
[0.350s] Level 1:colcon.colcon_core.package_identification:_identify(GUI/PROBOT_GUI/Resources) by extensions ['ignore', 'ignore_ament_install']
[0.350s] Level 1:colcon.colcon_core.package_identification:_identify(GUI/PROBOT_GUI/Resources) by extension 'ignore'
[0.350s] Level 1:colcon.colcon_core.package_identification:_identify(GUI/PROBOT_GUI/Resources) by extension 'ignore_ament_install'
[0.350s] Level 1:colcon.colcon_core.package_identification:_identify(GUI/PROBOT_GUI/Resources) by extensions ['colcon_pkg']
[0.350s] Level 1:colcon.colcon_core.package_identification:_identify(GUI/PROBOT_GUI/Resources) by extension 'colcon_pkg'
[0.350s] Level 1:colcon.colcon_core.package_identification:_identify(GUI/PROBOT_GUI/Resources) by extensions ['colcon_meta']
[0.350s] Level 1:colcon.colcon_core.package_identification:_identify(GUI/PROBOT_GUI/Resources) by extension 'colcon_meta'
[0.350s] Level 1:colcon.colcon_core.package_identification:_identify(GUI/PROBOT_GUI/Resources) by extensions ['ros']
[0.350s] Level 1:colcon.colcon_core.package_identification:_identify(GUI/PROBOT_GUI/Resources) by extension 'ros'
[0.350s] Level 1:colcon.colcon_core.package_identification:_identify(GUI/PROBOT_GUI/Resources) by extensions ['cmake', 'python']
[0.350s] Level 1:colcon.colcon_core.package_identification:_identify(GUI/PROBOT_GUI/Resources) by extension 'cmake'
[0.350s] Level 1:colcon.colcon_core.package_identification:_identify(GUI/PROBOT_GUI/Resources) by extension 'python'
[0.350s] Level 1:colcon.colcon_core.package_identification:_identify(GUI/PROBOT_GUI/Resources) by extensions ['python_setup_py']
[0.350s] Level 1:colcon.colcon_core.package_identification:_identify(GUI/PROBOT_GUI/Resources) by extension 'python_setup_py'
[0.350s] Level 1:colcon.colcon_core.package_identification:_identify(GUI/PROBOT_GUI/__pycache__) by extensions ['ignore', 'ignore_ament_install']
[0.350s] Level 1:colcon.colcon_core.package_identification:_identify(GUI/PROBOT_GUI/__pycache__) by extension 'ignore'
[0.350s] Level 1:colcon.colcon_core.package_identification:_identify(GUI/PROBOT_GUI/__pycache__) by extension 'ignore_ament_install'
[0.350s] Level 1:colcon.colcon_core.package_identification:_identify(GUI/PROBOT_GUI/__pycache__) by extensions ['colcon_pkg']
[0.350s] Level 1:colcon.colcon_core.package_identification:_identify(GUI/PROBOT_GUI/__pycache__) by extension 'colcon_pkg'
[0.350s] Level 1:colcon.colcon_core.package_identification:_identify(GUI/PROBOT_GUI/__pycache__) by extensions ['colcon_meta']
[0.350s] Level 1:colcon.colcon_core.package_identification:_identify(GUI/PROBOT_GUI/__pycache__) by extension 'colcon_meta'
[0.350s] Level 1:colcon.colcon_core.package_identification:_identify(GUI/PROBOT_GUI/__pycache__) by extensions ['ros']
[0.350s] Level 1:colcon.colcon_core.package_identification:_identify(GUI/PROBOT_GUI/__pycache__) by extension 'ros'
[0.351s] Level 1:colcon.colcon_core.package_identification:_identify(GUI/PROBOT_GUI/__pycache__) by extensions ['cmake', 'python']
[0.351s] Level 1:colcon.colcon_core.package_identification:_identify(GUI/PROBOT_GUI/__pycache__) by extension 'cmake'
[0.351s] Level 1:colcon.colcon_core.package_identification:_identify(GUI/PROBOT_GUI/__pycache__) by extension 'python'
[0.351s] Level 1:colcon.colcon_core.package_identification:_identify(GUI/PROBOT_GUI/__pycache__) by extensions ['python_setup_py']
[0.351s] Level 1:colcon.colcon_core.package_identification:_identify(GUI/PROBOT_GUI/__pycache__) by extension 'python_setup_py'
[0.351s] Level 1:colcon.colcon_core.package_identification:_identify(build) by extensions ['ignore', 'ignore_ament_install']
[0.351s] Level 1:colcon.colcon_core.package_identification:_identify(build) by extension 'ignore'
[0.352s] Level 1:colcon.colcon_core.package_identification:_identify(build) ignored
[0.352s] Level 1:colcon.colcon_core.package_identification:_identify(install) by extensions ['ignore', 'ignore_ament_install']
[0.352s] Level 1:colcon.colcon_core.package_identification:_identify(install) by extension 'ignore'
[0.352s] Level 1:colcon.colcon_core.package_identification:_identify(install) ignored
[0.352s] Level 1:colcon.colcon_core.package_identification:_identify(log) by extensions ['ignore', 'ignore_ament_install']
[0.352s] Level 1:colcon.colcon_core.package_identification:_identify(log) by extension 'ignore'
[0.352s] Level 1:colcon.colcon_core.package_identification:_identify(log) ignored
[0.352s] Level 1:colcon.colcon_core.package_identification:_identify(src) by extensions ['ignore', 'ignore_ament_install']
[0.353s] Level 1:colcon.colcon_core.package_identification:_identify(src) by extension 'ignore'
[0.353s] Level 1:colcon.colcon_core.package_identification:_identify(src) by extension 'ignore_ament_install'
[0.353s] Level 1:colcon.colcon_core.package_identification:_identify(src) by extensions ['colcon_pkg']
[0.353s] Level 1:colcon.colcon_core.package_identification:_identify(src) by extension 'colcon_pkg'
[0.353s] Level 1:colcon.colcon_core.package_identification:_identify(src) by extensions ['colcon_meta']
[0.353s] Level 1:colcon.colcon_core.package_identification:_identify(src) by extension 'colcon_meta'
[0.353s] Level 1:colcon.colcon_core.package_identification:_identify(src) by extensions ['ros']
[0.353s] Level 1:colcon.colcon_core.package_identification:_identify(src) by extension 'ros'
[0.353s] Level 1:colcon.colcon_core.package_identification:_identify(src) by extensions ['cmake', 'python']
[0.353s] Level 1:colcon.colcon_core.package_identification:_identify(src) by extension 'cmake'
[0.353s] Level 1:colcon.colcon_core.package_identification:_identify(src) by extension 'python'
[0.353s] Level 1:colcon.colcon_core.package_identification:_identify(src) by extensions ['python_setup_py']
[0.353s] Level 1:colcon.colcon_core.package_identification:_identify(src) by extension 'python_setup_py'
[0.353s] Level 1:colcon.colcon_core.package_identification:_identify(src/custom_gripper) by extensions ['ignore', 'ignore_ament_install']
[0.353s] Level 1:colcon.colcon_core.package_identification:_identify(src/custom_gripper) by extension 'ignore'
[0.353s] Level 1:colcon.colcon_core.package_identification:_identify(src/custom_gripper) by extension 'ignore_ament_install'
[0.353s] Level 1:colcon.colcon_core.package_identification:_identify(src/custom_gripper) by extensions ['colcon_pkg']
[0.353s] Level 1:colcon.colcon_core.package_identification:_identify(src/custom_gripper) by extension 'colcon_pkg'
[0.354s] Level 1:colcon.colcon_core.package_identification:_identify(src/custom_gripper) by extensions ['colcon_meta']
[0.354s] Level 1:colcon.colcon_core.package_identification:_identify(src/custom_gripper) by extension 'colcon_meta'
[0.354s] Level 1:colcon.colcon_core.package_identification:_identify(src/custom_gripper) by extensions ['ros']
[0.354s] Level 1:colcon.colcon_core.package_identification:_identify(src/custom_gripper) by extension 'ros'
[0.359s] DEBUG:colcon.colcon_core.package_identification:Package 'src/custom_gripper' with type 'ros.ament_cmake' and name 'custom_gripper'
[0.359s] Level 1:colcon.colcon_core.package_identification:_identify(src/pymoveit2) by extensions ['ignore', 'ignore_ament_install']
[0.359s] Level 1:colcon.colcon_core.package_identification:_identify(src/pymoveit2) by extension 'ignore'
[0.359s] Level 1:colcon.colcon_core.package_identification:_identify(src/pymoveit2) by extension 'ignore_ament_install'
[0.359s] Level 1:colcon.colcon_core.package_identification:_identify(src/pymoveit2) by extensions ['colcon_pkg']
[0.359s] Level 1:colcon.colcon_core.package_identification:_identify(src/pymoveit2) by extension 'colcon_pkg'
[0.359s] Level 1:colcon.colcon_core.package_identification:_identify(src/pymoveit2) by extensions ['colcon_meta']
[0.359s] Level 1:colcon.colcon_core.package_identification:_identify(src/pymoveit2) by extension 'colcon_meta'
[0.360s] Level 1:colcon.colcon_core.package_identification:_identify(src/pymoveit2) by extensions ['ros']
[0.360s] Level 1:colcon.colcon_core.package_identification:_identify(src/pymoveit2) by extension 'ros'
[0.360s] Level 1:colcon.colcon_core.package_identification:_identify(src/pymoveit2) by extensions ['cmake', 'python']
[0.360s] Level 1:colcon.colcon_core.package_identification:_identify(src/pymoveit2) by extension 'cmake'
[0.360s] Level 1:colcon.colcon_core.package_identification:_identify(src/pymoveit2) by extension 'python'
[0.360s] Level 1:colcon.colcon_core.package_identification:_identify(src/pymoveit2) by extensions ['python_setup_py']
[0.360s] Level 1:colcon.colcon_core.package_identification:_identify(src/pymoveit2) by extension 'python_setup_py'
[0.360s] Level 1:colcon.colcon_core.package_identification:_identify(src/ur10e_control) by extensions ['ignore', 'ignore_ament_install']
[0.360s] Level 1:colcon.colcon_core.package_identification:_identify(src/ur10e_control) by extension 'ignore'
[0.360s] Level 1:colcon.colcon_core.package_identification:_identify(src/ur10e_control) by extension 'ignore_ament_install'
[0.360s] Level 1:colcon.colcon_core.package_identification:_identify(src/ur10e_control) by extensions ['colcon_pkg']
[0.360s] Level 1:colcon.colcon_core.package_identification:_identify(src/ur10e_control) by extension 'colcon_pkg'
[0.360s] Level 1:colcon.colcon_core.package_identification:_identify(src/ur10e_control) by extensions ['colcon_meta']
[0.360s] Level 1:colcon.colcon_core.package_identification:_identify(src/ur10e_control) by extension 'colcon_meta'
[0.360s] Level 1:colcon.colcon_core.package_identification:_identify(src/ur10e_control) by extensions ['ros']
[0.360s] Level 1:colcon.colcon_core.package_identification:_identify(src/ur10e_control) by extension 'ros'
[0.361s] DEBUG:colcon.colcon_core.package_identification:Package 'src/ur10e_control' with type 'ros.ament_cmake' and name 'ur10e_control'
[0.361s] Level 1:colcon.colcon_core.package_identification:_identify(src/ur10e_hl_interface) by extensions ['ignore', 'ignore_ament_install']
[0.361s] Level 1:colcon.colcon_core.package_identification:_identify(src/ur10e_hl_interface) by extension 'ignore'
[0.361s] Level 1:colcon.colcon_core.package_identification:_identify(src/ur10e_hl_interface) by extension 'ignore_ament_install'
[0.361s] Level 1:colcon.colcon_core.package_identification:_identify(src/ur10e_hl_interface) by extensions ['colcon_pkg']
[0.361s] Level 1:colcon.colcon_core.package_identification:_identify(src/ur10e_hl_interface) by extension 'colcon_pkg'
[0.361s] Level 1:colcon.colcon_core.package_identification:_identify(src/ur10e_hl_interface) by extensions ['colcon_meta']
[0.361s] Level 1:colcon.colcon_core.package_identification:_identify(src/ur10e_hl_interface) by extension 'colcon_meta'
[0.361s] Level 1:colcon.colcon_core.package_identification:_identify(src/ur10e_hl_interface) by extensions ['ros']
[0.361s] Level 1:colcon.colcon_core.package_identification:_identify(src/ur10e_hl_interface) by extension 'ros'
[0.380s] DEBUG:colcon.colcon_core.package_identification:Package 'src/ur10e_hl_interface' with type 'ros.ament_cmake' and name 'ur10e_hl_interface'
[0.381s] Level 1:colcon.colcon_core.package_identification:_identify(src/ur_with_gripper) by extensions ['ignore', 'ignore_ament_install']
[0.381s] Level 1:colcon.colcon_core.package_identification:_identify(src/ur_with_gripper) by extension 'ignore'
[0.381s] Level 1:colcon.colcon_core.package_identification:_identify(src/ur_with_gripper) by extension 'ignore_ament_install'
[0.381s] Level 1:colcon.colcon_core.package_identification:_identify(src/ur_with_gripper) by extensions ['colcon_pkg']
[0.381s] Level 1:colcon.colcon_core.package_identification:_identify(src/ur_with_gripper) by extension 'colcon_pkg'
[0.381s] Level 1:colcon.colcon_core.package_identification:_identify(src/ur_with_gripper) by extensions ['colcon_meta']
[0.381s] Level 1:colcon.colcon_core.package_identification:_identify(src/ur_with_gripper) by extension 'colcon_meta'
[0.381s] Level 1:colcon.colcon_core.package_identification:_identify(src/ur_with_gripper) by extensions ['ros']
[0.381s] Level 1:colcon.colcon_core.package_identification:_identify(src/ur_with_gripper) by extension 'ros'
[0.382s] DEBUG:colcon.colcon_core.package_identification:Package 'src/ur_with_gripper' with type 'ros.ament_cmake' and name 'ur_with_gripper'
[0.382s] Level 1:colcon.colcon_core.package_identification:_identify(src/ur_with_gripper_moveit_config) by extensions ['ignore', 'ignore_ament_install']
[0.382s] Level 1:colcon.colcon_core.package_identification:_identify(src/ur_with_gripper_moveit_config) by extension 'ignore'
[0.382s] Level 1:colcon.colcon_core.package_identification:_identify(src/ur_with_gripper_moveit_config) by extension 'ignore_ament_install'
[0.382s] Level 1:colcon.colcon_core.package_identification:_identify(src/ur_with_gripper_moveit_config) by extensions ['colcon_pkg']
[0.382s] Level 1:colcon.colcon_core.package_identification:_identify(src/ur_with_gripper_moveit_config) by extension 'colcon_pkg'
[0.382s] Level 1:colcon.colcon_core.package_identification:_identify(src/ur_with_gripper_moveit_config) by extensions ['colcon_meta']
[0.382s] Level 1:colcon.colcon_core.package_identification:_identify(src/ur_with_gripper_moveit_config) by extension 'colcon_meta'
[0.382s] Level 1:colcon.colcon_core.package_identification:_identify(src/ur_with_gripper_moveit_config) by extensions ['ros']
[0.382s] Level 1:colcon.colcon_core.package_identification:_identify(src/ur_with_gripper_moveit_config) by extension 'ros'
[0.383s] DEBUG:colcon.colcon_core.package_identification:Package 'src/ur_with_gripper_moveit_config' with type 'ros.ament_cmake' and name 'ur_with_gripper_moveit_config'
[0.383s] Level 1:colcon.colcon_core.package_discovery:discover_packages(recursive) using defaults
[0.383s] Level 1:colcon.colcon_core.package_discovery:discover_packages(ignore) discover
[0.383s] Level 1:colcon.colcon_core.package_discovery:discover_packages(ignore) using defaults
[0.383s] Level 1:colcon.colcon_core.package_discovery:discover_packages(path) discover
[0.383s] Level 1:colcon.colcon_core.package_discovery:discover_packages(path) using defaults
[0.410s] INFO:colcon.colcon_core.package_selection:Skipping not selected package 'ur10e_control' in 'src/ur10e_control'
[0.410s] INFO:colcon.colcon_core.package_selection:Skipping not selected package 'ur10e_hl_interface' in 'src/ur10e_hl_interface'
[0.410s] Level 1:colcon.colcon_core.package_discovery:discover_packages(prefix_path) check parameters
[0.410s] Level 1:colcon.colcon_core.package_discovery:discover_packages(prefix_path) discover
[0.413s] DEBUG:colcon.colcon_installed_package_information.package_discovery:Found 443 installed packages in /opt/ros/humble
[0.416s] Level 1:colcon.colcon_core.package_discovery:discover_packages(prefix_path) using defaults
[0.472s] Level 5:colcon.colcon_core.verb:set package 'custom_gripper' build argument 'cmake_args' from command line to 'None'
[0.473s] Level 5:colcon.colcon_core.verb:set package 'custom_gripper' build argument 'cmake_target' from command line to 'None'
[0.473s] Level 5:colcon.colcon_core.verb:set package 'custom_gripper' build argument 'cmake_target_skip_unavailable' from command line to 'False'
[0.473s] Level 5:colcon.colcon_core.verb:set package 'custom_gripper' build argument 'cmake_clean_cache' from command line to 'False'
[0.473s] Level 5:colcon.colcon_core.verb:set package 'custom_gripper' build argument 'cmake_clean_first' from command line to 'False'
[0.473s] Level 5:colcon.colcon_core.verb:set package 'custom_gripper' build argument 'cmake_force_configure' from command line to 'False'
[0.473s] Level 5:colcon.colcon_core.verb:set package 'custom_gripper' build argument 'ament_cmake_args' from command line to 'None'
[0.473s] Level 5:colcon.colcon_core.verb:set package 'custom_gripper' build argument 'catkin_cmake_args' from command line to 'None'
[0.473s] Level 5:colcon.colcon_core.verb:set package 'custom_gripper' build argument 'catkin_skip_building_tests' from command line to 'False'
[0.473s] DEBUG:colcon.colcon_core.verb:Building package 'custom_gripper' with the following arguments: {'ament_cmake_args': None, 'build_base': '/home/levin/Semi-Automated-Programming-of-Industrial-Robotic-Systems-Using-Large-Language-Models/build/custom_gripper', 'catkin_cmake_args': None, 'catkin_skip_building_tests': False, 'cmake_args': None, 'cmake_clean_cache': False, 'cmake_clean_first': False, 'cmake_force_configure': False, 'cmake_target': None, 'cmake_target_skip_unavailable': False, 'install_base': '/home/levin/Semi-Automated-Programming-of-Industrial-Robotic-Systems-Using-Large-Language-Models/install/custom_gripper', 'merge_install': False, 'path': '/home/levin/Semi-Automated-Programming-of-Industrial-Robotic-Systems-Using-Large-Language-Models/src/custom_gripper', 'symlink_install': False, 'test_result_base': None}
[0.473s] Level 5:colcon.colcon_core.verb:set package 'ur_with_gripper' build argument 'cmake_args' from command line to 'None'
[0.473s] Level 5:colcon.colcon_core.verb:set package 'ur_with_gripper' build argument 'cmake_target' from command line to 'None'
[0.473s] Level 5:colcon.colcon_core.verb:set package 'ur_with_gripper' build argument 'cmake_target_skip_unavailable' from command line to 'False'
[0.473s] Level 5:colcon.colcon_core.verb:set package 'ur_with_gripper' build argument 'cmake_clean_cache' from command line to 'False'
[0.473s] Level 5:colcon.colcon_core.verb:set package 'ur_with_gripper' build argument 'cmake_clean_first' from command line to 'False'
[0.473s] Level 5:colcon.colcon_core.verb:set package 'ur_with_gripper' build argument 'cmake_force_configure' from command line to 'False'
[0.473s] Level 5:colcon.colcon_core.verb:set package 'ur_with_gripper' build argument 'ament_cmake_args' from command line to 'None'
[0.473s] Level 5:colcon.colcon_core.verb:set package 'ur_with_gripper' build argument 'catkin_cmake_args' from command line to 'None'
[0.473s] Level 5:colcon.colcon_core.verb:set package 'ur_with_gripper' build argument 'catkin_skip_building_tests' from command line to 'False'
[0.473s] DEBUG:colcon.colcon_core.verb:Building package 'ur_with_gripper' with the following arguments: {'ament_cmake_args': None, 'build_base': '/home/levin/Semi-Automated-Programming-of-Industrial-Robotic-Systems-Using-Large-Language-Models/build/ur_with_gripper', 'catkin_cmake_args': None, 'catkin_skip_building_tests': False, 'cmake_args': None, 'cmake_clean_cache': False, 'cmake_clean_first': False, 'cmake_force_configure': False, 'cmake_target': None, 'cmake_target_skip_unavailable': False, 'install_base': '/home/levin/Semi-Automated-Programming-of-Industrial-Robotic-Systems-Using-Large-Language-Models/install/ur_with_gripper', 'merge_install': False, 'path': '/home/levin/Semi-Automated-Programming-of-Industrial-Robotic-Systems-Using-Large-Language-Models/src/ur_with_gripper', 'symlink_install': False, 'test_result_base': None}
[0.474s] Level 5:colcon.colcon_core.verb:set package 'ur_with_gripper_moveit_config' build argument 'cmake_args' from command line to 'None'
[0.474s] Level 5:colcon.colcon_core.verb:set package 'ur_with_gripper_moveit_config' build argument 'cmake_target' from command line to 'None'
[0.474s] Level 5:colcon.colcon_core.verb:set package 'ur_with_gripper_moveit_config' build argument 'cmake_target_skip_unavailable' from command line to 'False'
[0.474s] Level 5:colcon.colcon_core.verb:set package 'ur_with_gripper_moveit_config' build argument 'cmake_clean_cache' from command line to 'False'
[0.474s] Level 5:colcon.colcon_core.verb:set package 'ur_with_gripper_moveit_config' build argument 'cmake_clean_first' from command line to 'False'
[0.474s] Level 5:colcon.colcon_core.verb:set package 'ur_with_gripper_moveit_config' build argument 'cmake_force_configure' from command line to 'False'
[0.474s] Level 5:colcon.colcon_core.verb:set package 'ur_with_gripper_moveit_config' build argument 'ament_cmake_args' from command line to 'None'
[0.474s] Level 5:colcon.colcon_core.verb:set package 'ur_with_gripper_moveit_config' build argument 'catkin_cmake_args' from command line to 'None'
[0.474s] Level 5:colcon.colcon_core.verb:set package 'ur_with_gripper_moveit_config' build argument 'catkin_skip_building_tests' from command line to 'False'
[0.474s] DEBUG:colcon.colcon_core.verb:Building package 'ur_with_gripper_moveit_config' with the following arguments: {'ament_cmake_args': None, 'build_base': '/home/levin/Semi-Automated-Programming-of-Industrial-Robotic-Systems-Using-Large-Language-Models/build/ur_with_gripper_moveit_config', 'catkin_cmake_args': None, 'catkin_skip_building_tests': False, 'cmake_args': None, 'cmake_clean_cache': False, 'cmake_clean_first': False, 'cmake_force_configure': False, 'cmake_target': None, 'cmake_target_skip_unavailable': False, 'install_base': '/home/levin/Semi-Automated-Programming-of-Industrial-Robotic-Systems-Using-Large-Language-Models/install/ur_with_gripper_moveit_config', 'merge_install': False, 'path': '/home/levin/Semi-Automated-Programming-of-Industrial-Robotic-Systems-Using-Large-Language-Models/src/ur_with_gripper_moveit_config', 'symlink_install': False, 'test_result_base': None}
[0.474s] INFO:colcon.colcon_core.executor:Executing jobs using 'parallel' executor
[0.475s] DEBUG:colcon.colcon_parallel_executor.executor.parallel:run_until_complete
[0.475s] INFO:colcon.colcon_ros.task.ament_cmake.build:Building ROS package in '/home/levin/Semi-Automated-Programming-of-Industrial-Robotic-Systems-Using-Large-Language-Models/src/custom_gripper' with build type 'ament_cmake'
[0.476s] INFO:colcon.colcon_cmake.task.cmake.build:Building CMake package in '/home/levin/Semi-Automated-Programming-of-Industrial-Robotic-Systems-Using-Large-Language-Models/src/custom_gripper'
[0.479s] INFO:colcon.colcon_core.plugin_system:Skipping extension 'colcon_core.shell.bat': Not used on non-Windows systems
[0.479s] INFO:colcon.colcon_core.shell:Skip shell extension 'powershell' for command environment: Not usable outside of PowerShell
[0.480s] DEBUG:colcon.colcon_core.shell:Skip shell extension 'dsv' for command environment
[0.488s] DEBUG:colcon.colcon_core.event_handler.log_command:Invoking command in '/home/levin/Semi-Automated-Programming-of-Industrial-Robotic-Systems-Using-Large-Language-Models/build/custom_gripper': CMAKE_PREFIX_PATH=/opt/ros/humble /usr/bin/cmake --build /home/levin/Semi-Automated-Programming-of-Industrial-Robotic-Systems-Using-Large-Language-Models/build/custom_gripper -- -j20 -l20
[0.533s] DEBUG:colcon.colcon_core.event_handler.log_command:Invoked command in '/home/levin/Semi-Automated-Programming-of-Industrial-Robotic-Systems-Using-Large-Language-Models/build/custom_gripper' returned '0': CMAKE_PREFIX_PATH=/opt/ros/humble /usr/bin/cmake --build /home/levin/Semi-Automated-Programming-of-Industrial-Robotic-Systems-Using-Large-Language-Models/build/custom_gripper -- -j20 -l20
[0.545s] DEBUG:colcon.colcon_core.event_handler.log_command:Invoking command in '/home/levin/Semi-Automated-Programming-of-Industrial-Robotic-Systems-Using-Large-Language-Models/build/custom_gripper': CMAKE_PREFIX_PATH=/opt/ros/humble /usr/bin/cmake --install /home/levin/Semi-Automated-Programming-of-Industrial-Robotic-Systems-Using-Large-Language-Models/build/custom_gripper
[0.555s] Level 1:colcon.colcon_core.environment:create_environment_scripts_only(custom_gripper)
[0.556s] DEBUG:colcon.colcon_core.event_handler.log_command:Invoked command in '/home/levin/Semi-Automated-Programming-of-Industrial-Robotic-Systems-Using-Large-Language-Models/build/custom_gripper' returned '0': CMAKE_PREFIX_PATH=/opt/ros/humble /usr/bin/cmake --install /home/levin/Semi-Automated-Programming-of-Industrial-Robotic-Systems-Using-Large-Language-Models/build/custom_gripper
[0.560s] Level 1:colcon.colcon_core.environment:checking '/home/levin/Semi-Automated-Programming-of-Industrial-Robotic-Systems-Using-Large-Language-Models/install/custom_gripper' for CMake module files
[0.561s] Level 1:colcon.colcon_core.environment:checking '/home/levin/Semi-Automated-Programming-of-Industrial-Robotic-Systems-Using-Large-Language-Models/install/custom_gripper' for CMake config files
[0.561s] Level 1:colcon.colcon_core.shell:create_environment_hook('custom_gripper', 'cmake_prefix_path')
[0.561s] INFO:colcon.colcon_core.shell:Creating environment hook '/home/levin/Semi-Automated-Programming-of-Industrial-Robotic-Systems-Using-Large-Language-Models/install/custom_gripper/share/custom_gripper/hook/cmake_prefix_path.ps1'
[0.563s] INFO:colcon.colcon_core.shell:Creating environment descriptor '/home/levin/Semi-Automated-Programming-of-Industrial-Robotic-Systems-Using-Large-Language-Models/install/custom_gripper/share/custom_gripper/hook/cmake_prefix_path.dsv'
[0.564s] INFO:colcon.colcon_core.shell:Creating environment hook '/home/levin/Semi-Automated-Programming-of-Industrial-Robotic-Systems-Using-Large-Language-Models/install/custom_gripper/share/custom_gripper/hook/cmake_prefix_path.sh'
[0.565s] Level 1:colcon.colcon_core.environment:checking '/home/levin/Semi-Automated-Programming-of-Industrial-Robotic-Systems-Using-Large-Language-Models/install/custom_gripper/bin'
[0.566s] Level 1:colcon.colcon_core.environment:checking '/home/levin/Semi-Automated-Programming-of-Industrial-Robotic-Systems-Using-Large-Language-Models/install/custom_gripper/lib/pkgconfig/custom_gripper.pc'
[0.566s] Level 1:colcon.colcon_core.environment:checking '/home/levin/Semi-Automated-Programming-of-Industrial-Robotic-Systems-Using-Large-Language-Models/install/custom_gripper/lib/python3.10/site-packages'
[0.566s] Level 1:colcon.colcon_core.environment:checking '/home/levin/Semi-Automated-Programming-of-Industrial-Robotic-Systems-Using-Large-Language-Models/install/custom_gripper/bin'
[0.566s] INFO:colcon.colcon_core.shell:Creating package script '/home/levin/Semi-Automated-Programming-of-Industrial-Robotic-Systems-Using-Large-Language-Models/install/custom_gripper/share/custom_gripper/package.ps1'
[0.567s] INFO:colcon.colcon_core.shell:Creating package descriptor '/home/levin/Semi-Automated-Programming-of-Industrial-Robotic-Systems-Using-Large-Language-Models/install/custom_gripper/share/custom_gripper/package.dsv'
[0.567s] INFO:colcon.colcon_core.shell:Creating package script '/home/levin/Semi-Automated-Programming-of-Industrial-Robotic-Systems-Using-Large-Language-Models/install/custom_gripper/share/custom_gripper/package.sh'
[0.568s] INFO:colcon.colcon_core.shell:Creating package script '/home/levin/Semi-Automated-Programming-of-Industrial-Robotic-Systems-Using-Large-Language-Models/install/custom_gripper/share/custom_gripper/package.bash'
[0.568s] INFO:colcon.colcon_core.shell:Creating package script '/home/levin/Semi-Automated-Programming-of-Industrial-Robotic-Systems-Using-Large-Language-Models/install/custom_gripper/share/custom_gripper/package.zsh'
[0.569s] Level 1:colcon.colcon_core.environment:create_file_with_runtime_dependencies(/home/levin/Semi-Automated-Programming-of-Industrial-Robotic-Systems-Using-Large-Language-Models/install/custom_gripper/share/colcon-core/packages/custom_gripper)
[0.569s] Level 1:colcon.colcon_core.environment:create_environment_scripts_only(custom_gripper)
[0.570s] Level 1:colcon.colcon_core.environment:checking '/home/levin/Semi-Automated-Programming-of-Industrial-Robotic-Systems-Using-Large-Language-Models/install/custom_gripper' for CMake module files
[0.570s] Level 1:colcon.colcon_core.environment:checking '/home/levin/Semi-Automated-Programming-of-Industrial-Robotic-Systems-Using-Large-Language-Models/install/custom_gripper' for CMake config files
[0.570s] Level 1:colcon.colcon_core.shell:create_environment_hook('custom_gripper', 'cmake_prefix_path')
[0.570s] INFO:colcon.colcon_core.shell:Creating environment hook '/home/levin/Semi-Automated-Programming-of-Industrial-Robotic-Systems-Using-Large-Language-Models/install/custom_gripper/share/custom_gripper/hook/cmake_prefix_path.ps1'
[0.571s] INFO:colcon.colcon_core.shell:Creating environment descriptor '/home/levin/Semi-Automated-Programming-of-Industrial-Robotic-Systems-Using-Large-Language-Models/install/custom_gripper/share/custom_gripper/hook/cmake_prefix_path.dsv'
[0.571s] INFO:colcon.colcon_core.shell:Creating environment hook '/home/levin/Semi-Automated-Programming-of-Industrial-Robotic-Systems-Using-Large-Language-Models/install/custom_gripper/share/custom_gripper/hook/cmake_prefix_path.sh'
[0.571s] Level 1:colcon.colcon_core.environment:checking '/home/levin/Semi-Automated-Programming-of-Industrial-Robotic-Systems-Using-Large-Language-Models/install/custom_gripper/bin'
[0.571s] Level 1:colcon.colcon_core.environment:checking '/home/levin/Semi-Automated-Programming-of-Industrial-Robotic-Systems-Using-Large-Language-Models/install/custom_gripper/lib/pkgconfig/custom_gripper.pc'
[0.571s] Level 1:colcon.colcon_core.environment:checking '/home/levin/Semi-Automated-Programming-of-Industrial-Robotic-Systems-Using-Large-Language-Models/install/custom_gripper/lib/python3.10/site-packages'
[0.572s] Level 1:colcon.colcon_core.environment:checking '/home/levin/Semi-Automated-Programming-of-Industrial-Robotic-Systems-Using-Large-Language-Models/install/custom_gripper/bin'
[0.572s] INFO:colcon.colcon_core.shell:Creating package script '/home/levin/Semi-Automated-Programming-of-Industrial-Robotic-Systems-Using-Large-Language-Models/install/custom_gripper/share/custom_gripper/package.ps1'
[0.572s] INFO:colcon.colcon_core.shell:Creating package descriptor '/home/levin/Semi-Automated-Programming-of-Industrial-Robotic-Systems-Using-Large-Language-Models/install/custom_gripper/share/custom_gripper/package.dsv'
[0.573s] INFO:colcon.colcon_core.shell:Creating package script '/home/levin/Semi-Automated-Programming-of-Industrial-Robotic-Systems-Using-Large-Language-Models/install/custom_gripper/share/custom_gripper/package.sh'
[0.573s] INFO:colcon.colcon_core.shell:Creating package script '/home/levin/Semi-Automated-Programming-of-Industrial-Robotic-Systems-Using-Large-Language-Models/install/custom_gripper/share/custom_gripper/package.bash'
[0.573s] INFO:colcon.colcon_core.shell:Creating package script '/home/levin/Semi-Automated-Programming-of-Industrial-Robotic-Systems-Using-Large-Language-Models/install/custom_gripper/share/custom_gripper/package.zsh'
[0.574s] Level 1:colcon.colcon_core.environment:create_file_with_runtime_dependencies(/home/levin/Semi-Automated-Programming-of-Industrial-Robotic-Systems-Using-Large-Language-Models/install/custom_gripper/share/colcon-core/packages/custom_gripper)
[0.574s] INFO:colcon.colcon_ros.task.ament_cmake.build:Building ROS package in '/home/levin/Semi-Automated-Programming-of-Industrial-Robotic-Systems-Using-Large-Language-Models/src/ur_with_gripper' with build type 'ament_cmake'
[0.574s] INFO:colcon.colcon_cmake.task.cmake.build:Building CMake package in '/home/levin/Semi-Automated-Programming-of-Industrial-Robotic-Systems-Using-Large-Language-Models/src/ur_with_gripper'
[0.575s] INFO:colcon.colcon_core.shell:Skip shell extension 'powershell' for command environment: Not usable outside of PowerShell
[0.575s] DEBUG:colcon.colcon_core.shell:Skip shell extension 'dsv' for command environment
[0.586s] DEBUG:colcon.colcon_core.event_handler.log_command:Invoking command in '/home/levin/Semi-Automated-Programming-of-Industrial-Robotic-Systems-Using-Large-Language-Models/build/ur_with_gripper': AMENT_PREFIX_PATH=/home/levin/Semi-Automated-Programming-of-Industrial-Robotic-Systems-Using-Large-Language-Models/install/custom_gripper:${AMENT_PREFIX_PATH} CMAKE_PREFIX_PATH=/home/levin/Semi-Automated-Programming-of-Industrial-Robotic-Systems-Using-Large-Language-Models/install/custom_gripper:/opt/ros/humble /usr/bin/cmake --build /home/levin/Semi-Automated-Programming-of-Industrial-Robotic-Systems-Using-Large-Language-Models/build/ur_with_gripper -- -j20 -l20
[0.626s] DEBUG:colcon.colcon_core.event_handler.log_command:Invoked command in '/home/levin/Semi-Automated-Programming-of-Industrial-Robotic-Systems-Using-Large-Language-Models/build/ur_with_gripper' returned '0': AMENT_PREFIX_PATH=/home/levin/Semi-Automated-Programming-of-Industrial-Robotic-Systems-Using-Large-Language-Models/install/custom_gripper:${AMENT_PREFIX_PATH} CMAKE_PREFIX_PATH=/home/levin/Semi-Automated-Programming-of-Industrial-Robotic-Systems-Using-Large-Language-Models/install/custom_gripper:/opt/ros/humble /usr/bin/cmake --build /home/levin/Semi-Automated-Programming-of-Industrial-Robotic-Systems-Using-Large-Language-Models/build/ur_with_gripper -- -j20 -l20
[0.627s] DEBUG:colcon.colcon_core.event_handler.log_command:Invoking command in '/home/levin/Semi-Automated-Programming-of-Industrial-Robotic-Systems-Using-Large-Language-Models/build/ur_with_gripper': AMENT_PREFIX_PATH=/home/levin/Semi-Automated-Programming-of-Industrial-Robotic-Systems-Using-Large-Language-Models/install/custom_gripper:${AMENT_PREFIX_PATH} CMAKE_PREFIX_PATH=/home/levin/Semi-Automated-Programming-of-Industrial-Robotic-Systems-Using-Large-Language-Models/install/custom_gripper:/opt/ros/humble /usr/bin/cmake --install /home/levin/Semi-Automated-Programming-of-Industrial-Robotic-Systems-Using-Large-Language-Models/build/ur_with_gripper
[0.638s] Level 1:colcon.colcon_core.environment:create_environment_scripts_only(ur_with_gripper)
[0.639s] Level 1:colcon.colcon_core.environment:checking '/home/levin/Semi-Automated-Programming-of-Industrial-Robotic-Systems-Using-Large-Language-Models/install/ur_with_gripper' for CMake module files
[0.639s] DEBUG:colcon.colcon_core.event_handler.log_command:Invoked command in '/home/levin/Semi-Automated-Programming-of-Industrial-Robotic-Systems-Using-Large-Language-Models/build/ur_with_gripper' returned '0': AMENT_PREFIX_PATH=/home/levin/Semi-Automated-Programming-of-Industrial-Robotic-Systems-Using-Large-Language-Models/install/custom_gripper:${AMENT_PREFIX_PATH} CMAKE_PREFIX_PATH=/home/levin/Semi-Automated-Programming-of-Industrial-Robotic-Systems-Using-Large-Language-Models/install/custom_gripper:/opt/ros/humble /usr/bin/cmake --install /home/levin/Semi-Automated-Programming-of-Industrial-Robotic-Systems-Using-Large-Language-Models/build/ur_with_gripper
[0.639s] Level 1:colcon.colcon_core.environment:checking '/home/levin/Semi-Automated-Programming-of-Industrial-Robotic-Systems-Using-Large-Language-Models/install/ur_with_gripper' for CMake config files
[0.639s] Level 1:colcon.colcon_core.shell:create_environment_hook('ur_with_gripper', 'cmake_prefix_path')
[0.640s] INFO:colcon.colcon_core.shell:Creating environment hook '/home/levin/Semi-Automated-Programming-of-Industrial-Robotic-Systems-Using-Large-Language-Models/install/ur_with_gripper/share/ur_with_gripper/hook/cmake_prefix_path.ps1'
[0.640s] INFO:colcon.colcon_core.shell:Creating environment descriptor '/home/levin/Semi-Automated-Programming-of-Industrial-Robotic-Systems-Using-Large-Language-Models/install/ur_with_gripper/share/ur_with_gripper/hook/cmake_prefix_path.dsv'
[0.640s] INFO:colcon.colcon_core.shell:Creating environment hook '/home/levin/Semi-Automated-Programming-of-Industrial-Robotic-Systems-Using-Large-Language-Models/install/ur_with_gripper/share/ur_with_gripper/hook/cmake_prefix_path.sh'
[0.641s] Level 1:colcon.colcon_core.environment:checking '/home/levin/Semi-Automated-Programming-of-Industrial-Robotic-Systems-Using-Large-Language-Models/install/ur_with_gripper/bin'
[0.641s] Level 1:colcon.colcon_core.environment:checking '/home/levin/Semi-Automated-Programming-of-Industrial-Robotic-Systems-Using-Large-Language-Models/install/ur_with_gripper/lib/pkgconfig/ur_with_gripper.pc'
[0.642s] Level 1:colcon.colcon_core.environment:checking '/home/levin/Semi-Automated-Programming-of-Industrial-Robotic-Systems-Using-Large-Language-Models/install/ur_with_gripper/lib/python3.10/site-packages'
[0.642s] Level 1:colcon.colcon_core.environment:checking '/home/levin/Semi-Automated-Programming-of-Industrial-Robotic-Systems-Using-Large-Language-Models/install/ur_with_gripper/bin'
[0.643s] INFO:colcon.colcon_core.shell:Creating package script '/home/levin/Semi-Automated-Programming-of-Industrial-Robotic-Systems-Using-Large-Language-Models/install/ur_with_gripper/share/ur_with_gripper/package.ps1'
[0.643s] INFO:colcon.colcon_core.shell:Creating package descriptor '/home/levin/Semi-Automated-Programming-of-Industrial-Robotic-Systems-Using-Large-Language-Models/install/ur_with_gripper/share/ur_with_gripper/package.dsv'
[0.644s] INFO:colcon.colcon_core.shell:Creating package script '/home/levin/Semi-Automated-Programming-of-Industrial-Robotic-Systems-Using-Large-Language-Models/install/ur_with_gripper/share/ur_with_gripper/package.sh'
[0.645s] INFO:colcon.colcon_core.shell:Creating package script '/home/levin/Semi-Automated-Programming-of-Industrial-Robotic-Systems-Using-Large-Language-Models/install/ur_with_gripper/share/ur_with_gripper/package.bash'
[0.645s] INFO:colcon.colcon_core.shell:Creating package script '/home/levin/Semi-Automated-Programming-of-Industrial-Robotic-Systems-Using-Large-Language-Models/install/ur_with_gripper/share/ur_with_gripper/package.zsh'
[0.645s] Level 1:colcon.colcon_core.environment:create_file_with_runtime_dependencies(/home/levin/Semi-Automated-Programming-of-Industrial-Robotic-Systems-Using-Large-Language-Models/install/ur_with_gripper/share/colcon-core/packages/ur_with_gripper)
[0.646s] Level 1:colcon.colcon_core.environment:create_environment_scripts_only(ur_with_gripper)
[0.646s] Level 1:colcon.colcon_core.environment:checking '/home/levin/Semi-Automated-Programming-of-Industrial-Robotic-Systems-Using-Large-Language-Models/install/ur_with_gripper' for CMake module files
[0.646s] Level 1:colcon.colcon_core.environment:checking '/home/levin/Semi-Automated-Programming-of-Industrial-Robotic-Systems-Using-Large-Language-Models/install/ur_with_gripper' for CMake config files
[0.647s] Level 1:colcon.colcon_core.shell:create_environment_hook('ur_with_gripper', 'cmake_prefix_path')
[0.647s] INFO:colcon.colcon_core.shell:Creating environment hook '/home/levin/Semi-Automated-Programming-of-Industrial-Robotic-Systems-Using-Large-Language-Models/install/ur_with_gripper/share/ur_with_gripper/hook/cmake_prefix_path.ps1'
[0.647s] INFO:colcon.colcon_core.shell:Creating environment descriptor '/home/levin/Semi-Automated-Programming-of-Industrial-Robotic-Systems-Using-Large-Language-Models/install/ur_with_gripper/share/ur_with_gripper/hook/cmake_prefix_path.dsv'
[0.647s] INFO:colcon.colcon_core.shell:Creating environment hook '/home/levin/Semi-Automated-Programming-of-Industrial-Robotic-Systems-Using-Large-Language-Models/install/ur_with_gripper/share/ur_with_gripper/hook/cmake_prefix_path.sh'
[0.648s] Level 1:colcon.colcon_core.environment:checking '/home/levin/Semi-Automated-Programming-of-Industrial-Robotic-Systems-Using-Large-Language-Models/install/ur_with_gripper/bin'
[0.648s] Level 1:colcon.colcon_core.environment:checking '/home/levin/Semi-Automated-Programming-of-Industrial-Robotic-Systems-Using-Large-Language-Models/install/ur_with_gripper/lib/pkgconfig/ur_with_gripper.pc'
[0.648s] Level 1:colcon.colcon_core.environment:checking '/home/levin/Semi-Automated-Programming-of-Industrial-Robotic-Systems-Using-Large-Language-Models/install/ur_with_gripper/lib/python3.10/site-packages'
[0.649s] Level 1:colcon.colcon_core.environment:checking '/home/levin/Semi-Automated-Programming-of-Industrial-Robotic-Systems-Using-Large-Language-Models/install/ur_with_gripper/bin'
[0.649s] INFO:colcon.colcon_core.shell:Creating package script '/home/levin/Semi-Automated-Programming-of-Industrial-Robotic-Systems-Using-Large-Language-Models/install/ur_with_gripper/share/ur_with_gripper/package.ps1'
[0.650s] INFO:colcon.colcon_core.shell:Creating package descriptor '/home/levin/Semi-Automated-Programming-of-Industrial-Robotic-Systems-Using-Large-Language-Models/install/ur_with_gripper/share/ur_with_gripper/package.dsv'
[0.650s] INFO:colcon.colcon_core.shell:Creating package script '/home/levin/Semi-Automated-Programming-of-Industrial-Robotic-Systems-Using-Large-Language-Models/install/ur_with_gripper/share/ur_with_gripper/package.sh'
[0.650s] INFO:colcon.colcon_core.shell:Creating package script '/home/levin/Semi-Automated-Programming-of-Industrial-Robotic-Systems-Using-Large-Language-Models/install/ur_with_gripper/share/ur_with_gripper/package.bash'
[0.651s] INFO:colcon.colcon_core.shell:Creating package script '/home/levin/Semi-Automated-Programming-of-Industrial-Robotic-Systems-Using-Large-Language-Models/install/ur_with_gripper/share/ur_with_gripper/package.zsh'
[0.651s] Level 1:colcon.colcon_core.environment:create_file_with_runtime_dependencies(/home/levin/Semi-Automated-Programming-of-Industrial-Robotic-Systems-Using-Large-Language-Models/install/ur_with_gripper/share/colcon-core/packages/ur_with_gripper)
[0.651s] INFO:colcon.colcon_ros.task.ament_cmake.build:Building ROS package in '/home/levin/Semi-Automated-Programming-of-Industrial-Robotic-Systems-Using-Large-Language-Models/src/ur_with_gripper_moveit_config' with build type 'ament_cmake'
[0.652s] INFO:colcon.colcon_cmake.task.cmake.build:Building CMake package in '/home/levin/Semi-Automated-Programming-of-Industrial-Robotic-Systems-Using-Large-Language-Models/src/ur_with_gripper_moveit_config'
[0.652s] INFO:colcon.colcon_core.shell:Skip shell extension 'powershell' for command environment: Not usable outside of PowerShell
[0.652s] DEBUG:colcon.colcon_core.shell:Skip shell extension 'dsv' for command environment
[0.663s] DEBUG:colcon.colcon_core.event_handler.log_command:Invoking command in '/home/levin/Semi-Automated-Programming-of-Industrial-Robotic-Systems-Using-Large-Language-Models/build/ur_with_gripper_moveit_config': AMENT_PREFIX_PATH=/home/levin/Semi-Automated-Programming-of-Industrial-Robotic-Systems-Using-Large-Language-Models/install/ur_with_gripper:/home/levin/Semi-Automated-Programming-of-Industrial-Robotic-Systems-Using-Large-Language-Models/install/custom_gripper:${AMENT_PREFIX_PATH} CMAKE_PREFIX_PATH=/home/levin/Semi-Automated-Programming-of-Industrial-Robotic-Systems-Using-Large-Language-Models/install/ur_with_gripper:/home/levin/Semi-Automated-Programming-of-Industrial-Robotic-Systems-Using-Large-Language-Models/install/custom_gripper:/opt/ros/humble /usr/bin/cmake --build /home/levin/Semi-Automated-Programming-of-Industrial-Robotic-Systems-Using-Large-Language-Models/build/ur_with_gripper_moveit_config -- -j20 -l20
[0.711s] DEBUG:colcon.colcon_core.event_handler.log_command:Invoked command in '/home/levin/Semi-Automated-Programming-of-Industrial-Robotic-Systems-Using-Large-Language-Models/build/ur_with_gripper_moveit_config' returned '0': AMENT_PREFIX_PATH=/home/levin/Semi-Automated-Programming-of-Industrial-Robotic-Systems-Using-Large-Language-Models/install/ur_with_gripper:/home/levin/Semi-Automated-Programming-of-Industrial-Robotic-Systems-Using-Large-Language-Models/install/custom_gripper:${AMENT_PREFIX_PATH} CMAKE_PREFIX_PATH=/home/levin/Semi-Automated-Programming-of-Industrial-Robotic-Systems-Using-Large-Language-Models/install/ur_with_gripper:/home/levin/Semi-Automated-Programming-of-Industrial-Robotic-Systems-Using-Large-Language-Models/install/custom_gripper:/opt/ros/humble /usr/bin/cmake --build /home/levin/Semi-Automated-Programming-of-Industrial-Robotic-Systems-Using-Large-Language-Models/build/ur_with_gripper_moveit_config -- -j20 -l20
[0.714s] DEBUG:colcon.colcon_core.event_handler.log_command:Invoking command in '/home/levin/Semi-Automated-Programming-of-Industrial-Robotic-Systems-Using-Large-Language-Models/build/ur_with_gripper_moveit_config': AMENT_PREFIX_PATH=/home/levin/Semi-Automated-Programming-of-Industrial-Robotic-Systems-Using-Large-Language-Models/install/ur_with_gripper:/home/levin/Semi-Automated-Programming-of-Industrial-Robotic-Systems-Using-Large-Language-Models/install/custom_gripper:${AMENT_PREFIX_PATH} CMAKE_PREFIX_PATH=/home/levin/Semi-Automated-Programming-of-Industrial-Robotic-Systems-Using-Large-Language-Models/install/ur_with_gripper:/home/levin/Semi-Automated-Programming-of-Industrial-Robotic-Systems-Using-Large-Language-Models/install/custom_gripper:/opt/ros/humble /usr/bin/cmake --install /home/levin/Semi-Automated-Programming-of-Industrial-Robotic-Systems-Using-Large-Language-Models/build/ur_with_gripper_moveit_config
[0.728s] Level 1:colcon.colcon_core.environment:create_environment_scripts_only(ur_with_gripper_moveit_config)
[0.728s] Level 1:colcon.colcon_core.environment:checking '/home/levin/Semi-Automated-Programming-of-Industrial-Robotic-Systems-Using-Large-Language-Models/install/ur_with_gripper_moveit_config' for CMake module files
[0.728s] DEBUG:colcon.colcon_core.event_handler.log_command:Invoked command in '/home/levin/Semi-Automated-Programming-of-Industrial-Robotic-Systems-Using-Large-Language-Models/build/ur_with_gripper_moveit_config' returned '0': AMENT_PREFIX_PATH=/home/levin/Semi-Automated-Programming-of-Industrial-Robotic-Systems-Using-Large-Language-Models/install/ur_with_gripper:/home/levin/Semi-Automated-Programming-of-Industrial-Robotic-Systems-Using-Large-Language-Models/install/custom_gripper:${AMENT_PREFIX_PATH} CMAKE_PREFIX_PATH=/home/levin/Semi-Automated-Programming-of-Industrial-Robotic-Systems-Using-Large-Language-Models/install/ur_with_gripper:/home/levin/Semi-Automated-Programming-of-Industrial-Robotic-Systems-Using-Large-Language-Models/install/custom_gripper:/opt/ros/humble /usr/bin/cmake --install /home/levin/Semi-Automated-Programming-of-Industrial-Robotic-Systems-Using-Large-Language-Models/build/ur_with_gripper_moveit_config
[0.729s] Level 1:colcon.colcon_core.environment:checking '/home/levin/Semi-Automated-Programming-of-Industrial-Robotic-Systems-Using-Large-Language-Models/install/ur_with_gripper_moveit_config' for CMake config files
[0.729s] Level 1:colcon.colcon_core.shell:create_environment_hook('ur_with_gripper_moveit_config', 'cmake_prefix_path')
[0.730s] INFO:colcon.colcon_core.shell:Creating environment hook '/home/levin/Semi-Automated-Programming-of-Industrial-Robotic-Systems-Using-Large-Language-Models/install/ur_with_gripper_moveit_config/share/ur_with_gripper_moveit_config/hook/cmake_prefix_path.ps1'
[0.731s] INFO:colcon.colcon_core.shell:Creating environment descriptor '/home/levin/Semi-Automated-Programming-of-Industrial-Robotic-Systems-Using-Large-Language-Models/install/ur_with_gripper_moveit_config/share/ur_with_gripper_moveit_config/hook/cmake_prefix_path.dsv'
[0.731s] INFO:colcon.colcon_core.shell:Creating environment hook '/home/levin/Semi-Automated-Programming-of-Industrial-Robotic-Systems-Using-Large-Language-Models/install/ur_with_gripper_moveit_config/share/ur_with_gripper_moveit_config/hook/cmake_prefix_path.sh'
[0.732s] Level 1:colcon.colcon_core.environment:checking '/home/levin/Semi-Automated-Programming-of-Industrial-Robotic-Systems-Using-Large-Language-Models/install/ur_with_gripper_moveit_config/bin'
[0.732s] Level 1:colcon.colcon_core.environment:checking '/home/levin/Semi-Automated-Programming-of-Industrial-Robotic-Systems-Using-Large-Language-Models/install/ur_with_gripper_moveit_config/lib/pkgconfig/ur_with_gripper_moveit_config.pc'
[0.732s] Level 1:colcon.colcon_core.environment:checking '/home/levin/Semi-Automated-Programming-of-Industrial-Robotic-Systems-Using-Large-Language-Models/install/ur_with_gripper_moveit_config/lib/python3.10/site-packages'
[0.733s] Level 1:colcon.colcon_core.environment:checking '/home/levin/Semi-Automated-Programming-of-Industrial-Robotic-Systems-Using-Large-Language-Models/install/ur_with_gripper_moveit_config/bin'
[0.733s] INFO:colcon.colcon_core.shell:Creating package script '/home/levin/Semi-Automated-Programming-of-Industrial-Robotic-Systems-Using-Large-Language-Models/install/ur_with_gripper_moveit_config/share/ur_with_gripper_moveit_config/package.ps1'
[0.734s] INFO:colcon.colcon_core.shell:Creating package descriptor '/home/levin/Semi-Automated-Programming-of-Industrial-Robotic-Systems-Using-Large-Language-Models/install/ur_with_gripper_moveit_config/share/ur_with_gripper_moveit_config/package.dsv'
[0.734s] INFO:colcon.colcon_core.shell:Creating package script '/home/levin/Semi-Automated-Programming-of-Industrial-Robotic-Systems-Using-Large-Language-Models/install/ur_with_gripper_moveit_config/share/ur_with_gripper_moveit_config/package.sh'
[0.735s] INFO:colcon.colcon_core.shell:Creating package script '/home/levin/Semi-Automated-Programming-of-Industrial-Robotic-Systems-Using-Large-Language-Models/install/ur_with_gripper_moveit_config/share/ur_with_gripper_moveit_config/package.bash'
[0.735s] INFO:colcon.colcon_core.shell:Creating package script '/home/levin/Semi-Automated-Programming-of-Industrial-Robotic-Systems-Using-Large-Language-Models/install/ur_with_gripper_moveit_config/share/ur_with_gripper_moveit_config/package.zsh'
[0.735s] Level 1:colcon.colcon_core.environment:create_file_with_runtime_dependencies(/home/levin/Semi-Automated-Programming-of-Industrial-Robotic-Systems-Using-Large-Language-Models/install/ur_with_gripper_moveit_config/share/colcon-core/packages/ur_with_gripper_moveit_config)
[0.736s] Level 1:colcon.colcon_core.environment:create_environment_scripts_only(ur_with_gripper_moveit_config)
[0.737s] Level 1:colcon.colcon_core.environment:checking '/home/levin/Semi-Automated-Programming-of-Industrial-Robotic-Systems-Using-Large-Language-Models/install/ur_with_gripper_moveit_config' for CMake module files
[0.737s] Level 1:colcon.colcon_core.environment:checking '/home/levin/Semi-Automated-Programming-of-Industrial-Robotic-Systems-Using-Large-Language-Models/install/ur_with_gripper_moveit_config' for CMake config files
[0.738s] Level 1:colcon.colcon_core.shell:create_environment_hook('ur_with_gripper_moveit_config', 'cmake_prefix_path')
[0.738s] INFO:colcon.colcon_core.shell:Creating environment hook '/home/levin/Semi-Automated-Programming-of-Industrial-Robotic-Systems-Using-Large-Language-Models/install/ur_with_gripper_moveit_config/share/ur_with_gripper_moveit_config/hook/cmake_prefix_path.ps1'
[0.739s] INFO:colcon.colcon_core.shell:Creating environment descriptor '/home/levin/Semi-Automated-Programming-of-Industrial-Robotic-Systems-Using-Large-Language-Models/install/ur_with_gripper_moveit_config/share/ur_with_gripper_moveit_config/hook/cmake_prefix_path.dsv'
[0.739s] INFO:colcon.colcon_core.shell:Creating environment hook '/home/levin/Semi-Automated-Programming-of-Industrial-Robotic-Systems-Using-Large-Language-Models/install/ur_with_gripper_moveit_config/share/ur_with_gripper_moveit_config/hook/cmake_prefix_path.sh'
[0.740s] Level 1:colcon.colcon_core.environment:checking '/home/levin/Semi-Automated-Programming-of-Industrial-Robotic-Systems-Using-Large-Language-Models/install/ur_with_gripper_moveit_config/bin'
[0.741s] Level 1:colcon.colcon_core.environment:checking '/home/levin/Semi-Automated-Programming-of-Industrial-Robotic-Systems-Using-Large-Language-Models/install/ur_with_gripper_moveit_config/lib/pkgconfig/ur_with_gripper_moveit_config.pc'
[0.741s] Level 1:colcon.colcon_core.environment:checking '/home/levin/Semi-Automated-Programming-of-Industrial-Robotic-Systems-Using-Large-Language-Models/install/ur_with_gripper_moveit_config/lib/python3.10/site-packages'
[0.741s] Level 1:colcon.colcon_core.environment:checking '/home/levin/Semi-Automated-Programming-of-Industrial-Robotic-Systems-Using-Large-Language-Models/install/ur_with_gripper_moveit_config/bin'
[0.742s] INFO:colcon.colcon_core.shell:Creating package script '/home/levin/Semi-Automated-Programming-of-Industrial-Robotic-Systems-Using-Large-Language-Models/install/ur_with_gripper_moveit_config/share/ur_with_gripper_moveit_config/package.ps1'
[0.742s] INFO:colcon.colcon_core.shell:Creating package descriptor '/home/levin/Semi-Automated-Programming-of-Industrial-Robotic-Systems-Using-Large-Language-Models/install/ur_with_gripper_moveit_config/share/ur_with_gripper_moveit_config/package.dsv'
[0.743s] INFO:colcon.colcon_core.shell:Creating package script '/home/levin/Semi-Automated-Programming-of-Industrial-Robotic-Systems-Using-Large-Language-Models/install/ur_with_gripper_moveit_config/share/ur_with_gripper_moveit_config/package.sh'
[0.744s] INFO:colcon.colcon_core.shell:Creating package script '/home/levin/Semi-Automated-Programming-of-Industrial-Robotic-Systems-Using-Large-Language-Models/install/ur_with_gripper_moveit_config/share/ur_with_gripper_moveit_config/package.bash'
[0.744s] INFO:colcon.colcon_core.shell:Creating package script '/home/levin/Semi-Automated-Programming-of-Industrial-Robotic-Systems-Using-Large-Language-Models/install/ur_with_gripper_moveit_config/share/ur_with_gripper_moveit_config/package.zsh'
[0.744s] Level 1:colcon.colcon_core.environment:create_file_with_runtime_dependencies(/home/levin/Semi-Automated-Programming-of-Industrial-Robotic-Systems-Using-Large-Language-Models/install/ur_with_gripper_moveit_config/share/colcon-core/packages/ur_with_gripper_moveit_config)
[0.744s] DEBUG:colcon.colcon_parallel_executor.executor.parallel:closing loop
[0.745s] DEBUG:colcon.colcon_parallel_executor.executor.parallel:loop closed
[0.745s] DEBUG:colcon.colcon_parallel_executor.executor.parallel:run_until_complete finished with '0'
[0.745s] DEBUG:colcon.colcon_core.event_reactor:joining thread
[0.751s] INFO:colcon.colcon_core.plugin_system:Skipping extension 'colcon_notification.desktop_notification.terminal_notifier': Not used on non-Darwin systems
[0.751s] INFO:colcon.colcon_core.plugin_system:Skipping extension 'colcon_notification.desktop_notification.win32': Not used on non-Windows systems
[0.751s] INFO:colcon.colcon_notification.desktop_notification:Sending desktop notification using 'notify2'
[0.776s] DEBUG:colcon.colcon_core.event_reactor:joined thread
[0.777s] INFO:colcon.colcon_core.shell:Creating prefix script '/home/levin/Semi-Automated-Programming-of-Industrial-Robotic-Systems-Using-Large-Language-Models/install/local_setup.ps1'
[0.779s] INFO:colcon.colcon_core.shell:Creating prefix util module '/home/levin/Semi-Automated-Programming-of-Industrial-Robotic-Systems-Using-Large-Language-Models/install/_local_setup_util_ps1.py'
[0.782s] INFO:colcon.colcon_core.shell:Creating prefix chain script '/home/levin/Semi-Automated-Programming-of-Industrial-Robotic-Systems-Using-Large-Language-Models/install/setup.ps1'
[0.783s] INFO:colcon.colcon_core.shell:Creating prefix script '/home/levin/Semi-Automated-Programming-of-Industrial-Robotic-Systems-Using-Large-Language-Models/install/local_setup.sh'
[0.784s] INFO:colcon.colcon_core.shell:Creating prefix util module '/home/levin/Semi-Automated-Programming-of-Industrial-Robotic-Systems-Using-Large-Language-Models/install/_local_setup_util_sh.py'
[0.784s] INFO:colcon.colcon_core.shell:Creating prefix chain script '/home/levin/Semi-Automated-Programming-of-Industrial-Robotic-Systems-Using-Large-Language-Models/install/setup.sh'
[0.785s] INFO:colcon.colcon_core.shell:Creating prefix script '/home/levin/Semi-Automated-Programming-of-Industrial-Robotic-Systems-Using-Large-Language-Models/install/local_setup.bash'
[0.786s] INFO:colcon.colcon_core.shell:Creating prefix chain script '/home/levin/Semi-Automated-Programming-of-Industrial-Robotic-Systems-Using-Large-Language-Models/install/setup.bash'
[0.786s] INFO:colcon.colcon_core.shell:Creating prefix script '/home/levin/Semi-Automated-Programming-of-Industrial-Robotic-Systems-Using-Large-Language-Models/install/local_setup.zsh'
[0.787s] INFO:colcon.colcon_core.shell:Creating prefix chain script '/home/levin/Semi-Automated-Programming-of-Industrial-Robotic-Systems-Using-Large-Language-Models/install/setup.zsh'
